Component: Arm Compiler for Embedded 6.18 Tool: armlink [5e4cc100]

==============================================================================

Section Cross References

    startup_stm32g431xx.o(RESET) refers to startup_stm32g431xx.o(STACK) for __initial_sp
    startup_stm32g431xx.o(RESET) refers to startup_stm32g431xx.o(.text) for Reset_Handler
    startup_stm32g431xx.o(RESET) refers to stm32g4xx_it.o(.text.NMI_Handler) for NMI_Handler
    startup_stm32g431xx.o(RESET) refers to stm32g4xx_it.o(.text.HardFault_Handler) for HardFault_Handler
    startup_stm32g431xx.o(RESET) refers to stm32g4xx_it.o(.text.MemManage_Handler) for MemManage_Handler
    startup_stm32g431xx.o(RESET) refers to stm32g4xx_it.o(.text.BusFault_Handler) for BusFault_Handler
    startup_stm32g431xx.o(RESET) refers to stm32g4xx_it.o(.text.UsageFault_Handler) for UsageFault_Handler
    startup_stm32g431xx.o(RESET) refers to stm32g4xx_it.o(.text.SVC_Handler) for SVC_Handler
    startup_stm32g431xx.o(RESET) refers to stm32g4xx_it.o(.text.DebugMon_Handler) for DebugMon_Handler
    startup_stm32g431xx.o(RESET) refers to stm32g4xx_it.o(.text.PendSV_Handler) for PendSV_Handler
    startup_stm32g431xx.o(RESET) refers to stm32g4xx_it.o(.text.SysTick_Handler) for SysTick_Handler
    startup_stm32g431xx.o(RESET) refers to stm32g4xx_it.o(.text.USART1_IRQHandler) for USART1_IRQHandler
    startup_stm32g431xx.o(RESET) refers to stm32g4xx_it.o(.text.TIM6_DAC_IRQHandler) for TIM6_DAC_IRQHandler
    startup_stm32g431xx.o(.text) refers to system_stm32g4xx.o(.text.SystemInit) for SystemInit
    startup_stm32g431xx.o(.text) refers to entry.o(.ARM.Collect$$$$00000000) for __main
    main.o(.text.main) refers to stm32g4xx_hal.o(.text.HAL_Init) for HAL_Init
    main.o(.text.main) refers to stm32g4xx_hal_pwr_ex.o(.text.HAL_PWREx_ControlVoltageScaling) for HAL_PWREx_ControlVoltageScaling
    main.o(.text.main) refers to stm32g4xx_hal_rcc.o(.text.HAL_RCC_OscConfig) for HAL_RCC_OscConfig
    main.o(.text.main) refers to stm32g4xx_hal_rcc.o(.text.HAL_RCC_ClockConfig) for HAL_RCC_ClockConfig
    main.o(.text.main) refers to gpio.o(.text.MX_GPIO_Init) for MX_GPIO_Init
    main.o(.text.main) refers to tim.o(.text.MX_TIM6_Init) for MX_TIM6_Init
    main.o(.text.main) refers to usart.o(.text.MX_USART1_UART_Init) for MX_USART1_UART_Init
    main.o(.text.main) refers to tim.o(.text.MX_TIM2_Init) for MX_TIM2_Init
    main.o(.text.main) refers to bsp_lcd.o(.text.LCD_Init) for LCD_Init
    main.o(.text.main) refers to bsp_lcd.o(.text.LCD_Clear) for LCD_Clear
    main.o(.text.main) refers to bsp_lcd.o(.text.LCD_SetBackColor) for LCD_SetBackColor
    main.o(.text.main) refers to bsp_lcd.o(.text.LCD_SetTextColor) for LCD_SetTextColor
    main.o(.text.main) refers to tim.o(.bss.htim6) for htim6
    main.o(.text.main) refers to stm32g4xx_hal_tim.o(.text.HAL_TIM_Base_Start_IT) for HAL_TIM_Base_Start_IT
    main.o(.text.main) refers to main.o(.bss..L_MergedGlobals.9) for .L_MergedGlobals.9
    main.o(.text.main) refers to usart.o(.bss.huart1) for huart1
    main.o(.text.main) refers to stm32g4xx_hal_uart.o(.text.HAL_UART_Receive_IT) for HAL_UART_Receive_IT
    main.o(.text.main) refers to tim.o(.bss.htim2) for htim2
    main.o(.text.main) refers to stm32g4xx_hal_tim.o(.text.HAL_TIM_PWM_Start) for HAL_TIM_PWM_Start
    main.o(.text.main) refers to stm32g4xx_hal.o(.bss.uwTick) for uwTick
    main.o(.text.main) refers to bsp_key.o(.bss..L_MergedGlobals.1) for right_flag
    main.o(.text.main) refers to bsp_key.o(.bss.flag) for flag
    main.o(.text.main) refers to strlen.o(.text) for strlen
    main.o(.text.main) refers to stm32g4xx_hal_uart.o(.text.HAL_UART_Transmit) for HAL_UART_Transmit
    main.o(.text.main) refers to bsp_led.o(.text.LED_CLOSE) for LED_CLOSE
    main.o(.text.main) refers to bsp_led.o(.text.LED_Disp_OP) for LED_Disp_OP
    main.o(.text.main) refers to bsp_led.o(.text.LED_Disp_CL) for LED_Disp_CL
    main.o(.text.main) refers to main.o(.text.LCD_Proc) for LCD_Proc
    main.o(.text.main) refers to bsp_key.o(.text.Key_Proc) for Key_Proc
    main.o(.text.main) refers to bsp_key.o(.data..L_MergedGlobals) for right_mima
    main.o(.ARM.exidx.text.main) refers to main.o(.text.main) for [Anonymous Symbol]
    main.o(.text.SystemClock_Config) refers to stm32g4xx_hal_pwr_ex.o(.text.HAL_PWREx_ControlVoltageScaling) for HAL_PWREx_ControlVoltageScaling
    main.o(.text.SystemClock_Config) refers to stm32g4xx_hal_rcc.o(.text.HAL_RCC_OscConfig) for HAL_RCC_OscConfig
    main.o(.text.SystemClock_Config) refers to stm32g4xx_hal_rcc.o(.text.HAL_RCC_ClockConfig) for HAL_RCC_ClockConfig
    main.o(.ARM.exidx.text.SystemClock_Config) refers to main.o(.text.SystemClock_Config) for [Anonymous Symbol]
    main.o(.text.LED_Proc) refers to stm32g4xx_hal.o(.bss.uwTick) for uwTick
    main.o(.text.LED_Proc) refers to main.o(.bss..L_MergedGlobals.9) for .L_MergedGlobals.9
    main.o(.text.LED_Proc) refers to bsp_led.o(.text.LED_CLOSE) for LED_CLOSE
[...]
    Removing stm32g4xx_hal_uart.o(.ARM.exidx.text.HAL_UART_AbortTransmit_IT), (8 bytes).
    Removing stm32g4xx_hal_uart.o(.text.UART_DMATxOnlyAbortCallback), (36 bytes).
    Removing stm32g4xx_hal_uart.o(.ARM.exidx.text.UART_DMATxOnlyAbortCallback), (8 bytes).
    Removing stm32g4xx_hal_uart.o(.text.HAL_UART_AbortTransmitCpltCallback), (2 bytes).
    Removing stm32g4xx_hal_uart.o(.ARM.exidx.text.HAL_UART_AbortTransmitCpltCallback), (8 bytes).
    Removing stm32g4xx_hal_uart.o(.text.HAL_UART_AbortReceive_IT), (420 bytes).
    Removing stm32g4xx_hal_uart.o(.ARM.exidx.text.HAL_UART_AbortReceive_IT), (8 bytes).
    Removing stm32g4xx_hal_uart.o(.text.UART_DMARxOnlyAbortCallback), (34 bytes).
    Removing stm32g4xx_hal_uart.o(.ARM.exidx.text.UART_DMARxOnlyAbortCallback), (8 bytes).
    Removing stm32g4xx_hal_uart.o(.text.HAL_UART_AbortReceiveCpltCallback), (2 bytes).
    Removing stm32g4xx_hal_uart.o(.ARM.exidx.text.HAL_UART_AbortReceiveCpltCallback), (8 bytes).
    Removing stm32g4xx_hal_uart.o(.ARM.exidx.text.HAL_UART_IRQHandler), (8 bytes).
    Removing stm32g4xx_hal_uart.o(.ARM.exidx.text.UART_DMAAbortOnError), (8 bytes).
    Removing stm32g4xx_hal_uart.o(.ARM.exidx.text.HAL_UART_ErrorCallback), (8 bytes).
    Removing stm32g4xx_hal_uart.o(.ARM.exidx.text.HAL_UARTEx_RxEventCallback), (8 bytes).
    Removing stm32g4xx_hal_uart.o(.ARM.exidx.text.HAL_UART_TxCpltCallback), (8 bytes).
    Removing stm32g4xx_hal_uart.o(.text.HAL_UART_TxHalfCpltCallback), (2 bytes).
    Removing stm32g4xx_hal_uart.o(.ARM.exidx.text.HAL_UART_TxHalfCpltCallback), (8 bytes).
    Removing stm32g4xx_hal_uart.o(.text.HAL_UART_RxCpltCallback), (2 bytes).
    Removing stm32g4xx_hal_uart.o(.ARM.exidx.text.HAL_UART_RxCpltCallback), (8 bytes).
    Removing stm32g4xx_hal_uart.o(.text.HAL_UART_RxHalfCpltCallback), (2 bytes).
    Removing stm32g4xx_hal_uart.o(.ARM.exidx.text.HAL_UART_RxHalfCpltCallback), (8 bytes).
    Removing stm32g4xx_hal_uart.o(.text.HAL_UART_ReceiverTimeout_Config), (28 bytes).
    Removing stm32g4xx_hal_uart.o(.ARM.exidx.text.HAL_UART_ReceiverTimeout_Config), (8 bytes).
    Removing stm32g4xx_hal_uart.o(.text.HAL_UART_EnableReceiverTimeout), (70 bytes).
    Removing stm32g4xx_hal_uart.o(.ARM.exidx.text.HAL_UART_EnableReceiverTimeout), (8 bytes).
    Removing stm32g4xx_hal_uart.o(.text.HAL_UART_DisableReceiverTimeout), (70 bytes).
    Removing stm32g4xx_hal_uart.o(.ARM.exidx.text.HAL_UART_DisableReceiverTimeout), (8 bytes).
    Removing stm32g4xx_hal_uart.o(.text.HAL_MultiProcessor_EnableMuteMode), (218 bytes).
    Removing stm32g4xx_hal_uart.o(.ARM.exidx.text.HAL_MultiProcessor_EnableMuteMode), (8 bytes).
    Removing stm32g4xx_hal_uart.o(.text.HAL_MultiProcessor_DisableMuteMode), (218 bytes).
    Removing stm32g4xx_hal_uart.o(.ARM.exidx.text.HAL_MultiProcessor_DisableMuteMode), (8 bytes).
    Removing stm32g4xx_hal_uart.o(.text.HAL_MultiProcessor_EnterMuteMode), (12 bytes).
    Removing stm32g4xx_hal_uart.o(.ARM.exidx.text.HAL_MultiProcessor_EnterMuteMode), (8 bytes).
    Removing stm32g4xx_hal_uart.o(.text.HAL_HalfDuplex_EnableTransmitter), (190 bytes).
    Removing stm32g4xx_hal_uart.o(.ARM.exidx.text.HAL_HalfDuplex_EnableTransmitter), (8 bytes).
    Removing stm32g4xx_hal_uart.o(.text.HAL_HalfDuplex_EnableReceiver), (190 bytes).
    Removing stm32g4xx_hal_uart.o(.ARM.exidx.text.HAL_HalfDuplex_EnableReceiver), (8 bytes).
    Removing stm32g4xx_hal_uart.o(.text.HAL_LIN_SendBreak), (44 bytes).
    Removing stm32g4xx_hal_uart.o(.ARM.exidx.text.HAL_LIN_SendBreak), (8 bytes).
    Removing stm32g4xx_hal_uart.o(.text.HAL_UART_GetState), (12 bytes).
    Removing stm32g4xx_hal_uart.o(.ARM.exidx.text.HAL_UART_GetState), (8 bytes).
    Removing stm32g4xx_hal_uart.o(.text.HAL_UART_GetError), (6 bytes).
    Removing stm32g4xx_hal_uart.o(.ARM.exidx.text.HAL_UART_GetError), (8 bytes).
    Removing stm32g4xx_hal_uart.o(.ARM.exidx.text.UART_RxISR_16BIT_FIFOEN), (8 bytes).
    Removing stm32g4xx_hal_uart.o(.ARM.exidx.text.UART_RxISR_8BIT_FIFOEN), (8 bytes).
    Removing stm32g4xx_hal_uart.o(.ARM.exidx.text.UART_RxISR_16BIT), (8 bytes).
    Removing stm32g4xx_hal_uart.o(.ARM.exidx.text.UART_RxISR_8BIT), (8 bytes).
    Removing stm32g4xx_hal_uart.o(.text.UART_DMAReceiveCplt), (352 bytes).
    Removing stm32g4xx_hal_uart.o(.ARM.exidx.text.UART_DMAReceiveCplt), (8 bytes).
    Removing stm32g4xx_hal_uart.o(.text.UART_DMARxHalfCplt), (22 bytes).
    Removing stm32g4xx_hal_uart.o(.ARM.exidx.text.UART_DMARxHalfCplt), (8 bytes).
    Removing stm32g4xx_hal_uart_ex.o(.text), (0 bytes).
    Removing stm32g4xx_hal_uart_ex.o(.text.HAL_RS485Ex_Init), (130 bytes).
    Removing stm32g4xx_hal_uart_ex.o(.ARM.exidx.text.HAL_RS485Ex_Init), (8 bytes).
    Removing stm32g4xx_hal_uart_ex.o(.ARM.exidx.text.HAL_UARTEx_WakeupCallback), (8 bytes).
    Removing stm32g4xx_hal_uart_ex.o(.ARM.exidx.text.HAL_UARTEx_RxFifoFullCallback), (8 bytes).
    Removing stm32g4xx_hal_uart_ex.o(.ARM.exidx.text.HAL_UARTEx_TxFifoEmptyCallback), (8 bytes).
    Removing stm32g4xx_hal_uart_ex.o(.text.HAL_MultiProcessorEx_AddressLength_Set), (46 bytes).
    Removing stm32g4xx_hal_uart_ex.o(.ARM.exidx.text.HAL_MultiProcessorEx_AddressLength_Set), (8 bytes).
    Removing stm32g4xx_hal_uart_ex.o(.text.HAL_UARTEx_StopModeWakeUpSourceConfig), (144 bytes).
    Removing stm32g4xx_hal_uart_ex.o(.ARM.exidx.text.HAL_UARTEx_StopModeWakeUpSourceConfig), (8 bytes).
    Removing stm32g4xx_hal_uart_ex.o(.text.HAL_UARTEx_EnableStopMode), (104 bytes).
    Removing stm32g4xx_hal_uart_ex.o(.ARM.exidx.text.HAL_UARTEx_EnableStopMode), (8 bytes).
    Removing stm32g4xx_hal_uart_ex.o(.text.HAL_UARTEx_DisableStopMode), (104 bytes).
    Removing stm32g4xx_hal_uart_ex.o(.ARM.exidx.text.HAL_UARTEx_DisableStopMode), (8 bytes).
    Removing stm32g4xx_hal_uart_ex.o(.text.HAL_UARTEx_EnableFifoMode), (122 bytes).
    Removing stm32g4xx_hal_uart_ex.o(.ARM.exidx.text.HAL_UARTEx_EnableFifoMode), (8 bytes).
    Removing stm32g4xx_hal_uart_ex.o(.ARM.exidx.text.HAL_UARTEx_DisableFifoMode), (8 bytes).
    Removing stm32g4xx_hal_uart_ex.o(.ARM.exidx.text.HAL_UARTEx_SetTxFifoThreshold), (8 bytes).
    Removing stm32g4xx_hal_uart_ex.o(.ARM.exidx.text.HAL_UARTEx_SetRxFifoThreshold), (8 bytes).
    Removing stm32g4xx_hal_uart_ex.o(.text.HAL_UARTEx_ReceiveToIdle), (452 bytes).
    Removing stm32g4xx_hal_uart_ex.o(.ARM.exidx.text.HAL_UARTEx_ReceiveToIdle), (8 bytes).
    Removing stm32g4xx_hal_uart_ex.o(.text.HAL_UARTEx_ReceiveToIdle_IT), (180 bytes).
    Removing stm32g4xx_hal_uart_ex.o(.ARM.exidx.text.HAL_UARTEx_ReceiveToIdle_IT), (8 bytes).
    Removing stm32g4xx_hal_uart_ex.o(.text.HAL_UARTEx_ReceiveToIdle_DMA), (180 bytes).
    Removing stm32g4xx_hal_uart_ex.o(.ARM.exidx.text.HAL_UARTEx_ReceiveToIdle_DMA), (8 bytes).
    Removing system_stm32g4xx.o(.text), (0 bytes).
    Removing system_stm32g4xx.o(.ARM.exidx.text.SystemInit), (8 bytes).
    Removing system_stm32g4xx.o(.text.SystemCoreClockUpdate), (160 bytes).
    Removing system_stm32g4xx.o(.ARM.exidx.text.SystemCoreClockUpdate), (8 bytes).
    Removing bsp_key.o(.text), (0 bytes).
    Removing bsp_key.o(.text.Key_Sacn), (72 bytes).
    Removing bsp_key.o(.ARM.exidx.text.Key_Sacn), (8 bytes).
    Removing bsp_key.o(.ARM.exidx.text.Key_Proc), (8 bytes).
    Removing bsp_key.o(.text.B4), (98 bytes).
    Removing bsp_key.o(.ARM.exidx.text.B4), (8 bytes).
    Removing bsp_key.o(.text.B1), (40 bytes).
    Removing bsp_key.o(.ARM.exidx.text.B1), (8 bytes).
    Removing bsp_key.o(.text.B2), (40 bytes).
    Removing bsp_key.o(.ARM.exidx.text.B2), (8 bytes).
    Removing bsp_key.o(.text.B3), (40 bytes).
    Removing bsp_key.o(.ARM.exidx.text.B3), (8 bytes).
    Removing bsp_lcd.o(.text), (0 bytes).
    Removing bsp_lcd.o(.text.Delay_LCD), (2 bytes).
    Removing bsp_lcd.o(.ARM.exidx.text.Delay_LCD), (8 bytes).
    Removing bsp_lcd.o(.ARM.exidx.text.REG_8230_Init), (8 bytes).
    Removing bsp_lcd.o(.text.LCD_WriteReg), (102 bytes).
    Removing bsp_lcd.o(.ARM.exidx.text.LCD_WriteReg), (8 bytes).
    Removing bsp_lcd.o(.ARM.exidx.text.REG_932X_Init), (8 bytes).
    Removing bsp_lcd.o(.ARM.exidx.text.LCD_Init), (8 bytes).
    Removing bsp_lcd.o(.text.LCD_CtrlLinesConfig), (174 bytes).
    Removing bsp_lcd.o(.ARM.exidx.text.LCD_CtrlLinesConfig), (8 bytes).
    Removing bsp_lcd.o(.text.LCD_ReadReg), (190 bytes).
    Removing bsp_lcd.o(.ARM.exidx.text.LCD_ReadReg), (8 bytes).
    Removing bsp_lcd.o(.ARM.exidx.text.LCD_SetTextColor), (8 bytes).
    Removing bsp_lcd.o(.ARM.exidx.text.LCD_SetBackColor), (8 bytes).
    Removing bsp_lcd.o(.text.LCD_ClearLine), (222 bytes).
    Removing bsp_lcd.o(.ARM.exidx.text.LCD_ClearLine), (8 bytes).
    Removing bsp_lcd.o(.ARM.exidx.text.LCD_DisplayStringLine), (8 bytes).
    Removing bsp_lcd.o(.ARM.exidx.text.LCD_Clear), (8 bytes).
    Removing bsp_lcd.o(.text.LCD_SetCursor), (198 bytes).
    Removing bsp_lcd.o(.ARM.exidx.text.LCD_SetCursor), (8 bytes).
    Removing bsp_lcd.o(.text.LCD_WriteRAM_Prepare), (84 bytes).
    Removing bsp_lcd.o(.ARM.exidx.text.LCD_WriteRAM_Prepare), (8 bytes).
    Removing bsp_lcd.o(.text.LCD_WriteRAM), (82 bytes).
    Removing bsp_lcd.o(.ARM.exidx.text.LCD_WriteRAM), (8 bytes).
    Removing bsp_lcd.o(.ARM.exidx.text.LCD_DrawChar), (8 bytes).
    Removing bsp_lcd.o(.text.LCD_DisplayChar), (26 bytes).
    Removing bsp_lcd.o(.ARM.exidx.text.LCD_DisplayChar), (8 bytes).
    Removing bsp_lcd.o(.text.LCD_SetDisplayWindow), (996 bytes).
    Removing bsp_lcd.o(.ARM.exidx.text.LCD_SetDisplayWindow), (8 bytes).
    Removing bsp_lcd.o(.text.LCD_WindowModeDisable), (126 bytes).
    Removing bsp_lcd.o(.ARM.exidx.text.LCD_WindowModeDisable), (8 bytes).
    Removing bsp_lcd.o(.text.LCD_DrawLine), (1656 bytes).
    Removing bsp_lcd.o(.ARM.exidx.text.LCD_DrawLine), (8 bytes).
    Removing bsp_lcd.o(.text.LCD_DrawRect), (68 bytes).
    Removing bsp_lcd.o(.ARM.exidx.text.LCD_DrawRect), (8 bytes).
    Removing bsp_lcd.o(.text.LCD_DrawCircle), (2862 bytes).
    Removing bsp_lcd.o(.ARM.exidx.text.LCD_DrawCircle), (8 bytes).
    Removing bsp_lcd.o(.text.LCD_DrawMonoPict), (678 bytes).
    Removing bsp_lcd.o(.ARM.exidx.text.LCD_DrawMonoPict), (8 bytes).
    Removing bsp_lcd.o(.text.LCD_WriteBMP), (870 bytes).
    Removing bsp_lcd.o(.ARM.exidx.text.LCD_WriteBMP), (8 bytes).
    Removing bsp_lcd.o(.text.LCD_BusIn), (40 bytes).
    Removing bsp_lcd.o(.ARM.exidx.text.LCD_BusIn), (8 bytes).
    Removing bsp_lcd.o(.text.LCD_BusOut), (42 bytes).
    Removing bsp_lcd.o(.ARM.exidx.text.LCD_BusOut), (8 bytes).
    Removing bsp_lcd.o(.text.LCD_ReadRAM), (192 bytes).
    Removing bsp_lcd.o(.ARM.exidx.text.LCD_ReadRAM), (8 bytes).
    Removing bsp_lcd.o(.text.LCD_PowerOn), (970 bytes).
    Removing bsp_lcd.o(.ARM.exidx.text.LCD_PowerOn), (8 bytes).
    Removing bsp_lcd.o(.text.LCD_DisplayOn), (108 bytes).
    Removing bsp_lcd.o(.ARM.exidx.text.LCD_DisplayOn), (8 bytes).
    Removing bsp_lcd.o(.text.LCD_DisplayOff), (106 bytes).
    Removing bsp_lcd.o(.ARM.exidx.text.LCD_DisplayOff), (8 bytes).
    Removing bsp_lcd.o(.text.LCD_DrawPicture), (598 bytes).
    Removing bsp_lcd.o(.ARM.exidx.text.LCD_DrawPicture), (8 bytes).
    Removing bsp_led.o(.text), (0 bytes).
    Removing bsp_led.o(.ARM.exidx.text.LED_CLOSE), (8 bytes).
    Removing bsp_led.o(.ARM.exidx.text.LED_Disp_OP), (8 bytes).
    Removing bsp_led.o(.ARM.exidx.text.LED_Disp_CL), (8 bytes).
    Removing bsp_led.o(.text.LED_Disp), (82 bytes).
    Removing bsp_led.o(.ARM.exidx.text.LED_Disp), (8 bytes).
    Removing dadd.o(.text), (334 bytes).
    Removing dmul.o(.text), (228 bytes).
    Removing ddiv.o(.text), (222 bytes).
    Removing dfixul.o(.text), (48 bytes).
    Removing cdrcmple.o(.text), (48 bytes).
    Removing depilogue.o(.text), (186 bytes).

1000 unused section(s) (total 64251 bytes) removed from the image.

==============================================================================

Image Symbol Table

    Local Symbols

    Symbol Name                              Value     Ov Type        Size  Object(Section)

    ../clib/division.s                       0x00000000   Number         0  aeabi_sdiv.o ABSOLUTE
    ../clib/microlib/division.c              0x00000000   Number         0  uldiv.o ABSOLUTE
    ../clib/microlib/division.c              0x00000000   Number         0  uidiv.o ABSOLUTE
    ../clib/microlib/init/entry.s            0x00000000   Number         0  entry.o ABSOLUTE
    ../clib/microlib/init/entry.s            0x00000000   Number         0  entry2.o ABSOLUTE
    ../clib/microlib/init/entry.s            0x00000000   Number         0  entry5.o ABSOLUTE
    ../clib/microlib/init/entry.s            0x00000000   Number         0  entry7a.o ABSOLUTE
    ../clib/microlib/init/entry.s            0x00000000   Number         0  entry7b.o ABSOLUTE
    ../clib/microlib/init/entry.s            0x00000000   Number         0  entry8a.o ABSOLUTE
    ../clib/microlib/init/entry.s            0x00000000   Number         0  entry8b.o ABSOLUTE
    ../clib/microlib/init/entry.s            0x00000000   Number         0  entry9a.o ABSOLUTE
    ../clib/microlib/init/entry.s            0x00000000   Number         0  entry9b.o ABSOLUTE
    ../clib/microlib/init/entry.s            0x00000000   Number         0  entry10a.o ABSOLUTE
    ../clib/microlib/init/entry.s            0x00000000   Number         0  entry10b.o ABSOLUTE
    ../clib/microlib/init/entry.s            0x00000000   Number         0  entry11a.o ABSOLUTE
    ../clib/microlib/init/entry.s            0x00000000   Number         0  entry11b.o ABSOLUTE
    ../clib/microlib/longlong.c              0x00000000   Number         0  llshl.o ABSOLUTE
    ../clib/microlib/longlong.c              0x00000000   Number         0  llushr.o ABSOLUTE
    ../clib/microlib/longlong.c              0x00000000   Number         0  llsshr.o ABSOLUTE
    ../clib/microlib/printf/printf.c         0x00000000   Number         0  printfb.o ABSOLUTE
    ../clib/microlib/printf/printf.c         0x00000000   Number         0  printf0.o ABSOLUTE
    ../clib/microlib/printf/printf.c         0x00000000   Number         0  printf1.o ABSOLUTE
    ../clib/microlib/printf/printf.c         0x00000000   Number         0  printf2.o ABSOLUTE
    ../clib/microlib/printf/printf.c         0x00000000   Number         0  printf3.o ABSOLUTE
    ../clib/microlib/printf/printf.c         0x00000000   Number         0  printf4.o ABSOLUTE
    ../clib/microlib/printf/printf.c         0x00000000   Number         0  printf5.o ABSOLUTE
    ../clib/microlib/printf/printf.c         0x00000000   Number         0  printf6.o ABSOLUTE
    ../clib/microlib/printf/printf.c         0x00000000   Number         0  printf7.o ABSOLUTE
    ../clib/microlib/printf/printf.c         0x00000000   Number         0  printf8.o ABSOLUTE
    ../clib/microlib/printf/printf.c         0x00000000   Number         0  printfa.o ABSOLUTE
    ../clib/microlib/printf/stubs.s          0x00000000   Number         0  printfstubs.o ABSOLUTE
    ../clib/microlib/stdio/fputc.c           0x00000000   Number         0  fputc.o ABSOLUTE
    ../clib/microlib/stdio/fputc.c           0x00000000   Number         0  fputc_h.o ABSOLUTE
    ../clib/microlib/stdio/semi.s            0x00000000   Number         0  semi.o ABSOLUTE
    ../clib/microlib/stdio/streams.c         0x00000000   Number         0  stdout.o ABSOLUTE
    ../clib/microlib/string/memcpy.c         0x00000000   Number         0  memcpya.o ABSOLUTE
    ../clib/microlib/string/memcpy.c         0x00000000   Number         0  memcpyb.o ABSOLUTE
    ../clib/microlib/string/memset.c         0x00000000   Number         0  memseta.o ABSOLUTE
    ../clib/microlib/string/strlen.c         0x00000000   Number         0  strlen.o ABSOLUTE
    ../clib/microlib/stubs.s                 0x00000000   Number         0  iusefp.o ABSOLUTE
    ../clib/microlib/stubs.s                 0x00000000   Number         0  iusesemip.o ABSOLUTE
    ../fplib/microlib/fpadd.c                0x00000000   Number         0  dadd.o ABSOLUTE
    ../fplib/microlib/fpdiv.c                0x00000000   Number         0  ddiv.o ABSOLUTE
    ../fplib/microlib/fpepilogue.c           0x00000000   Number         0  depilogue.o ABSOLUTE
    ../fplib/microlib/fpfix.c                0x00000000   Number         0  dfixul.o ABSOLUTE
    ../fplib/microlib/fpmul.c                0x00000000   Number         0  dmul.o ABSOLUTE
    bsp_key.c                                0x00000000   Number         0  bsp_key.o ABSOLUTE
    bsp_lcd.c                                0x00000000   Number         0  bsp_lcd.o ABSOLUTE
    bsp_led.c                                0x00000000   Number         0  bsp_led.o ABSOLUTE
    cdrcmple.s                               0x00000000   Number         0  cdrcmple.o ABSOLUTE
    dc.s                                     0x00000000   Number         0  dc.o ABSOLUTE
    gpio.c                                   0x00000000   Number         0  gpio.o ABSOLUTE
    handlers.s                               0x00000000   Number         0  handlers.o ABSOLUTE
    init.s                                   0x00000000   Number         0  init.o ABSOLUTE
    main.c                                   0x00000000   Number         0  main.o ABSOLUTE
    startup_stm32g431xx.s                    0x00000000   Number         0  startup_stm32g431xx.o ABSOLUTE
    stm32g4xx_hal.c                          0x00000000   Number         0  stm32g4xx_hal.o ABSOLUTE
    stm32g4xx_hal_cortex.c                   0x00000000   Number         0  stm32g4xx_hal_cortex.o ABSOLUTE
    stm32g4xx_hal_dma.c                      0x00000000   Number         0  stm32g4xx_hal_dma.o ABSOLUTE
    stm32g4xx_hal_dma_ex.c                   0x00000000   Number         0  stm32g4xx_hal_dma_ex.o ABSOLUTE
    stm32g4xx_hal_exti.c                     0x00000000   Number         0  stm32g4xx_hal_exti.o ABSOLUTE
    stm32g4xx_hal_flash.c                    0x00000000   Number         0  stm32g4xx_hal_flash.o ABSOLUTE
    stm32g4xx_hal_flash_ex.c                 0x00000000   Number         0  stm32g4xx_hal_flash_ex.o ABSOLUTE
    stm32g4xx_hal_flash_ramfunc.c            0x00000000   Number         0  stm32g4xx_hal_flash_ramfunc.o ABSOLUTE
    stm32g4xx_hal_gpio.c                     0x00000000   Number         0  stm32g4xx_hal_gpio.o ABSOLUTE
    stm32g4xx_hal_msp.c                      0x00000000   Number         0  stm32g4xx_hal_msp.o ABSOLUTE
    stm32g4xx_hal_pwr.c                      0x00000000   Number         0  stm32g4xx_hal_pwr.o ABSOLUTE
    stm32g4xx_hal_pwr_ex.c                   0x00000000   Number         0  stm32g4xx_hal_pwr_ex.o ABSOLUTE
    stm32g4xx_hal_rcc.c                      0x00000000   Number         0  stm32g4xx_hal_rcc.o ABSOLUTE
    stm32g4xx_hal_rcc_ex.c                   0x00000000   Number         0  stm32g4xx_hal_rcc_ex.o ABSOLUTE
    stm32g4xx_hal_tim.c                      0x00000000   Number         0  stm32g4xx_hal_tim.o ABSOLUTE
    stm32g4xx_hal_tim_ex.c                   0x00000000   Number         0  stm32g4xx_hal_tim_ex.o ABSOLUTE
    stm32g4xx_hal_uart.c                     0x00000000   Number         0  stm32g4xx_hal_uart.o ABSOLUTE
    stm32g4xx_hal_uart_ex.c                  0x00000000   Number         0  stm32g4xx_hal_uart_ex.o ABSOLUTE
    stm32g4xx_it.c                           0x00000000   Number         0  stm32g4xx_it.o ABSOLUTE
    system_stm32g4xx.c                       0x00000000   Number         0  system_stm32g4xx.o ABSOLUTE
    tim.c                                    0x00000000   Number         0  tim.o ABSOLUTE
    usart.c                                  0x00000000   Number         0  usart.o ABSOLUTE
    RESET                                    0x08000000   Section      472  startup_stm32g431xx.o(RESET)
    .ARM.Collect$$$$00000000                 0x080001d8   Section        0  entry.o(.ARM.Collect$$$$00000000)
    .ARM.Collect$$$$00000001                 0x080001d8   Section        4  entry2.o(.ARM.Collect$$$$00000001)
    .ARM.Collect$$$$00000004                 0x080001dc   Section        4  entry5.o(.ARM.Collect$$$$00000004)
    .ARM.Collect$$$$00000008                 0x080001e0   Section        0  entry7b.o(.ARM.Collect$$$$00000008)
    .ARM.Collect$$$$0000000A                 0x080001e0   Section        0  entry8b.o(.ARM.Collect$$$$0000000A)
    .ARM.Collect$$$$0000000B                 0x080001e0   Section        8  entry9a.o(.ARM.Collect$$$$0000000B)
    __lit__00000000                          0x080001e8   Data           4  entry2.o(.ARM.Collect$$$$00002712)
    .ARM.Collect$$$$0000000D                 0x080001e8   Section        0  entry10a.o(.ARM.Collect$$$$0000000D)
    .ARM.Collect$$$$0000000F                 0x080001e8   Section        0  entry11a.o(.ARM.Collect$$$$0000000F)
    .ARM.Collect$$$$00002712                 0x080001e8   Section        4  entry2.o(.ARM.Collect$$$$00002712)
    $v0                                      0x080001ec   Number         0  startup_stm32g431xx.o(.text)
    .text                                    0x080001ec   Section       36  startup_stm32g431xx.o(.text)
    .text                                    0x08000210   Section        0  uldiv.o(.text)
    .text                                    0x08000272   Section        0  memcpya.o(.text)
    .text                                    0x08000296   Section        0  memseta.o(.text)
    .text                                    0x080002ba   Section        0  strlen.o(.text)
    .text                                    0x080002c8   Section        0  llshl.o(.text)
    .text                                    0x080002e6   Section        0  llushr.o(.text)
    .text                                    0x08000308   Section       36  init.o(.text)
    [Anonymous Symbol]                       0x0800032c   Section        0  stm32g4xx_it.o(.text.BusFault_Handler)
    [Anonymous Symbol]                       0x08000330   Section        0  stm32g4xx_it.o(.text.DebugMon_Handler)
    [Anonymous Symbol]                       0x08000334   Section        0  main.o(.text.Error_Handler)
    [Anonymous Symbol]                       0x08000340   Section        0  stm32g4xx_hal_dma.o(.text.HAL_DMA_Abort)
    [Anonymous Symbol]                       0x080003b0   Section        0  stm32g4xx_hal_dma.o(.text.HAL_DMA_Abort_IT)
    [Anonymous Symbol]                       0x0800042c   Section        0  stm32g4xx_hal.o(.text.HAL_Delay)
    [Anonymous Symbol]                       0x08000454   Section        0  stm32g4xx_hal_gpio.o(.text.HAL_GPIO_Init)
    [Anonymous Symbol]                       0x08000630   Section        0  stm32g4xx_hal_gpio.o(.text.HAL_GPIO_ReadPin)
    [Anonymous Symbol]                       0x0800063c   Section        0  stm32g4xx_hal_gpio.o(.text.HAL_GPIO_WritePin)
    [Anonymous Symbol]                       0x08000648   Section        0  stm32g4xx_hal.o(.text.HAL_GetTick)
    [Anonymous Symbol]                       0x08000654   Section        0  stm32g4xx_hal.o(.text.HAL_IncTick)
    [Anonymous Symbol]                       0x08000670   Section        0  stm32g4xx_hal.o(.text.HAL_Init)
    [Anonymous Symbol]                       0x08000690   Section        0  stm32g4xx_hal.o(.text.HAL_InitTick)
    [Anonymous Symbol]                       0x080006dc   Section        0  stm32g4xx_hal_msp.o(.text.HAL_MspInit)
    [Anonymous Symbol]                       0x08000710   Section        0  stm32g4xx_hal_cortex.o(.text.HAL_NVIC_EnableIRQ)
    [Anonymous Symbol]                       0x08000730   Section        0  stm32g4xx_hal_cortex.o(.text.HAL_NVIC_SetPriority)
    [Anonymous Symbol]                       0x08000788   Section        0  stm32g4xx_hal_cortex.o(.text.HAL_NVIC_SetPriorityGrouping)
    [Anonymous Symbol]                       0x080007a8   Section        0  stm32g4xx_hal_pwr_ex.o(.text.HAL_PWREx_ControlVoltageScaling)
    [Anonymous Symbol]                       0x080008d0   Section        0  stm32g4xx_hal_pwr_ex.o(.text.HAL_PWREx_DisableUCPDDeadBattery)
    [Anonymous Symbol]                       0x080008e4   Section        0  stm32g4xx_hal_rcc_ex.o(.text.HAL_RCCEx_PeriphCLKConfig)
    [Anonymous Symbol]                       0x08000b50   Section        0  stm32g4xx_hal_rcc.o(.text.HAL_RCC_ClockConfig)
    [Anonymous Symbol]                       0x08000e64   Section        0  stm32g4xx_hal_rcc.o(.text.HAL_RCC_GetPCLK1Freq)
    [Anonymous Symbol]                       0x08000e90   Section        0  stm32g4xx_hal_rcc.o(.text.HAL_RCC_GetPCLK2Freq)
    [Anonymous Symbol]                       0x08000ebc   Section        0  stm32g4xx_hal_rcc.o(.text.HAL_RCC_GetSysClockFreq)
    [Anonymous Symbol]                       0x08000f38   Section        0  stm32g4xx_hal_rcc.o(.text.HAL_RCC_OscConfig)
    [Anonymous Symbol]                       0x080013e8   Section        0  stm32g4xx_hal_cortex.o(.text.HAL_SYSTICK_Config)
    [Anonymous Symbol]                       0x08001414   Section        0  stm32g4xx_hal_tim_ex.o(.text.HAL_TIMEx_Break2Callback)
    [Anonymous Symbol]                       0x08001418   Section        0  stm32g4xx_hal_tim_ex.o(.text.HAL_TIMEx_BreakCallback)
    [Anonymous Symbol]                       0x0800141c   Section        0  stm32g4xx_hal_tim_ex.o(.text.HAL_TIMEx_CommutCallback)
    [Anonymous Symbol]                       0x08001420   Section        0  stm32g4xx_hal_tim_ex.o(.text.HAL_TIMEx_DirectionChangeCallback)
    [Anonymous Symbol]                       0x08001424   Section        0  stm32g4xx_hal_tim_ex.o(.text.HAL_TIMEx_EncoderIndexCallback)
    [Anonymous Symbol]                       0x08001428   Section        0  stm32g4xx_hal_tim_ex.o(.text.HAL_TIMEx_IndexErrorCallback)
    [Anonymous Symbol]                       0x0800142c   Section        0  stm32g4xx_hal_tim_ex.o(.text.HAL_TIMEx_MasterConfigSynchronization)
    [Anonymous Symbol]                       0x080014d0   Section        0  stm32g4xx_hal_tim_ex.o(.text.HAL_TIMEx_TransitionErrorCallback)
    [Anonymous Symbol]                       0x080014d4   Section        0  stm32g4xx_hal_tim.o(.text.HAL_TIM_Base_Init)
    [Anonymous Symbol]                       0x08001538   Section        0  tim.o(.text.HAL_TIM_Base_MspInit)
    [Anonymous Symbol]                       0x080015a0   Section        0  stm32g4xx_hal_tim.o(.text.HAL_TIM_Base_Start_IT)
    [Anonymous Symbol]                       0x08001634   Section        0  stm32g4xx_hal_tim.o(.text.HAL_TIM_ConfigClockSource)
    [Anonymous Symbol]                       0x08001834   Section        0  stm32g4xx_hal_tim.o(.text.HAL_TIM_IC_CaptureCallback)
    [Anonymous Symbol]                       0x08001838   Section        0  stm32g4xx_hal_tim.o(.text.HAL_TIM_IRQHandler)
    [Anonymous Symbol]                       0x08001a48   Section        0  stm32g4xx_hal_tim.o(.text.HAL_TIM_OC_DelayElapsedCallback)
    [Anonymous Symbol]                       0x08001a4c   Section        0  stm32g4xx_hal_tim.o(.text.HAL_TIM_PWM_ConfigChannel)
    [Anonymous Symbol]                       0x08001e10   Section        0  stm32g4xx_hal_tim.o(.text.HAL_TIM_PWM_Init)
    [Anonymous Symbol]                       0x08001e74   Section        0  stm32g4xx_hal_tim.o(.text.HAL_TIM_PWM_MspInit)
    [Anonymous Symbol]                       0x08001e78   Section        0  stm32g4xx_hal_tim.o(.text.HAL_TIM_PWM_PulseFinishedCallback)
    [Anonymous Symbol]                       0x08001e7c   Section        0  stm32g4xx_hal_tim.o(.text.HAL_TIM_PWM_Start)
    [Anonymous Symbol]                       0x08002004   Section        0  main.o(.text.HAL_TIM_PeriodElapsedCallback)
    [Anonymous Symbol]                       0x080020c4   Section        0  stm32g4xx_hal_tim.o(.text.HAL_TIM_TriggerCallback)
    [Anonymous Symbol]                       0x080020c8   Section        0  stm32g4xx_hal_uart_ex.o(.text.HAL_UARTEx_DisableFifoMode)
    [Anonymous Symbol]                       0x08002100   Section        0  stm32g4xx_hal_uart.o(.text.HAL_UARTEx_RxEventCallback)
    [Anonymous Symbol]                       0x08002104   Section        0  stm32g4xx_hal_uart_ex.o(.text.HAL_UARTEx_RxFifoFullCallback)
    [Anonymous Symbol]                       0x08002108   Section        0  stm32g4xx_hal_uart_ex.o(.text.HAL_UARTEx_SetRxFifoThreshold)
    [Anonymous Symbol]                       0x08002194   Section        0  stm32g4xx_hal_uart_ex.o(.text.HAL_UARTEx_SetTxFifoThreshold)
    [Anonymous Symbol]                       0x08002220   Section        0  stm32g4xx_hal_uart_ex.o(.text.HAL_UARTEx_TxFifoEmptyCallback)
    [Anonymous Symbol]                       0x08002224   Section        0  stm32g4xx_hal_uart_ex.o(.text.HAL_UARTEx_WakeupCallback)
    [Anonymous Symbol]                       0x08002228   Section        0  stm32g4xx_hal_uart.o(.text.HAL_UART_ErrorCallback)
    [Anonymous Symbol]                       0x0800222c   Section        0  stm32g4xx_hal_uart.o(.text.HAL_UART_IRQHandler)
    [Anonymous Symbol]                       0x08002884   Section        0  stm32g4xx_hal_uart.o(.text.HAL_UART_Init)
    [Anonymous Symbol]                       0x08002950   Section        0  usart.o(.text.HAL_UART_MspInit)
    [Anonymous Symbol]                       0x080029e8   Section        0  stm32g4xx_hal_uart.o(.text.HAL_UART_Receive_IT)
    [Anonymous Symbol]                       0x08002aa4   Section        0  main.o(.text.HAL_UART_RxCpltCallback)
    [Anonymous Symbol]                       0x08002ad8   Section        0  stm32g4xx_hal_uart.o(.text.HAL_UART_Transmit)
    [Anonymous Symbol]                       0x08002bb4   Section        0  stm32g4xx_hal_uart.o(.text.HAL_UART_TxCpltCallback)
    [Anonymous Symbol]                       0x08002bb8   Section        0  stm32g4xx_it.o(.text.HardFault_Handler)
    [Anonymous Symbol]                       0x08002bbc   Section        0  bsp_key.o(.text.Key_Proc)
    [Anonymous Symbol]                       0x08002cf4   Section        0  bsp_lcd.o(.text.LCD_Clear)
    [Anonymous Symbol]                       0x08002f78   Section        0  bsp_lcd.o(.text.LCD_DisplayStringLine)
    [Anonymous Symbol]                       0x08002fc4   Section        0  bsp_lcd.o(.text.LCD_DrawChar)
    [Anonymous Symbol]                       0x0800332c   Section        0  bsp_lcd.o(.text.LCD_Init)
    [Anonymous Symbol]                       0x0800355c   Section        0  main.o(.text.LCD_Proc)
    [Anonymous Symbol]                       0x080036ec   Section        0  bsp_lcd.o(.text.LCD_SetBackColor)
    [Anonymous Symbol]                       0x08003704   Section        0  bsp_lcd.o(.text.LCD_SetTextColor)
    [Anonymous Symbol]                       0x0800371c   Section        0  bsp_led.o(.text.LED_CLOSE)
    [Anonymous Symbol]                       0x0800374c   Section        0  bsp_led.o(.text.LED_Disp_CL)
    [Anonymous Symbol]                       0x0800377c   Section        0  bsp_led.o(.text.LED_Disp_OP)
    [Anonymous Symbol]                       0x080037ac   Section        0  gpio.o(.text.MX_GPIO_Init)
    [Anonymous Symbol]                       0x08003890   Section        0  tim.o(.text.MX_TIM2_Init)
    [Anonymous Symbol]                       0x08003990   Section        0  tim.o(.text.MX_TIM6_Init)
    [Anonymous Symbol]                       0x080039e4   Section        0  usart.o(.text.MX_USART1_UART_Init)
    [Anonymous Symbol]                       0x08003a68   Section        0  stm32g4xx_it.o(.text.MemManage_Handler)
    [Anonymous Symbol]                       0x08003a6c   Section        0  stm32g4xx_it.o(.text.NMI_Handler)
    [Anonymous Symbol]                       0x08003a70   Section        0  stm32g4xx_it.o(.text.PendSV_Handler)
    [Anonymous Symbol]                       0x08003a74   Section        0  bsp_lcd.o(.text.REG_8230_Init)
    [Anonymous Symbol]                       0x0800455c   Section        0  bsp_lcd.o(.text.REG_932X_Init)
    [Anonymous Symbol]                       0x08005a7c   Section        0  stm32g4xx_it.o(.text.SVC_Handler)
    [Anonymous Symbol]                       0x08005a80   Section        0  stm32g4xx_it.o(.text.SysTick_Handler)
    [Anonymous Symbol]                       0x08005a84   Section        0  system_stm32g4xx.o(.text.SystemInit)
    [Anonymous Symbol]                       0x08005a98   Section        0  stm32g4xx_it.o(.text.TIM6_DAC_IRQHandler)
    [Anonymous Symbol]                       0x08005aa4   Section        0  stm32g4xx_hal_tim.o(.text.TIM_Base_SetConfig)
    [Anonymous Symbol]                       0x08005bb0   Section        0  stm32g4xx_hal_uart.o(.text.UART_AdvFeatureConfig)
    UART_DMAAbortOnError                     0x08005c99   Thumb Code    16  stm32g4xx_hal_uart.o(.text.UART_DMAAbortOnError)
    [Anonymous Symbol]                       0x08005c98   Section        0  stm32g4xx_hal_uart.o(.text.UART_DMAAbortOnError)
    UART_RxISR_16BIT                         0x08005ca9   Thumb Code   330  stm32g4xx_hal_uart.o(.text.UART_RxISR_16BIT)
    [Anonymous Symbol]                       0x08005ca8   Section        0  stm32g4xx_hal_uart.o(.text.UART_RxISR_16BIT)
    UART_RxISR_16BIT_FIFOEN                  0x08005df5   Thumb Code   682  stm32g4xx_hal_uart.o(.text.UART_RxISR_16BIT_FIFOEN)
    [Anonymous Symbol]                       0x08005df4   Section        0  stm32g4xx_hal_uart.o(.text.UART_RxISR_16BIT_FIFOEN)
    UART_RxISR_8BIT                          0x080060a1   Thumb Code   330  stm32g4xx_hal_uart.o(.text.UART_RxISR_8BIT)
    [Anonymous Symbol]                       0x080060a0   Section        0  stm32g4xx_hal_uart.o(.text.UART_RxISR_8BIT)
    UART_RxISR_8BIT_FIFOEN                   0x080061ed   Thumb Code   686  stm32g4xx_hal_uart.o(.text.UART_RxISR_8BIT_FIFOEN)
    [Anonymous Symbol]                       0x080061ec   Section        0  stm32g4xx_hal_uart.o(.text.UART_RxISR_8BIT_FIFOEN)
    [Anonymous Symbol]                       0x0800649c   Section        0  stm32g4xx_hal_uart.o(.text.UART_SetConfig)
    [Anonymous Symbol]                       0x08006740   Section        0  stm32g4xx_hal_uart.o(.text.UART_Start_Receive_IT)
    [Anonymous Symbol]                       0x080069c4   Section        0  stm32g4xx_hal_uart.o(.text.UART_WaitOnFlagUntilTimeout)
    [Anonymous Symbol]                       0x08006bd8   Section        0  stm32g4xx_it.o(.text.USART1_IRQHandler)
    [Anonymous Symbol]                       0x08006be4   Section        0  stm32g4xx_it.o(.text.UsageFault_Handler)
    [Anonymous Symbol]                       0x08006be8   Section        0  main.o(.text.main)
    i.__0sprintf$8                           0x08006e4c   Section        0  printf8.o(i.__0sprintf$8)
    i.__scatterload_copy                     0x08006e74   Section       14  handlers.o(i.__scatterload_copy)
    i.__scatterload_null                     0x08006e82   Section        2  handlers.o(i.__scatterload_null)
    i.__scatterload_zeroinit                 0x08006e84   Section       14  handlers.o(i.__scatterload_zeroinit)
    _printf_core                             0x08006e95   Thumb Code   996  printf8.o(i._printf_core)
    i._printf_core                           0x08006e94   Section        0  printf8.o(i._printf_core)
    _printf_post_padding                     0x080072a5   Thumb Code    36  printf8.o(i._printf_post_padding)
    i._printf_post_padding                   0x080072a4   Section        0  printf8.o(i._printf_post_padding)
    _printf_pre_padding                      0x080072c9   Thumb Code    46  printf8.o(i._printf_pre_padding)
    i._printf_pre_padding                    0x080072c8   Section        0  printf8.o(i._printf_pre_padding)
    _sputc                                   0x080072f7   Thumb Code    10  printf8.o(i._sputc)
    i._sputc                                 0x080072f6   Section        0  printf8.o(i._sputc)
    .Lswitch.table.UART_SetConfig.4          0x08008500   Data          16  stm32g4xx_hal_uart.o(.rodata.cst16)
    UARTEx_SetNbDataToProcess.numerator      0x08008510   Data           8  stm32g4xx_hal_uart_ex.o(.rodata.cst8)
    [Anonymous Symbol]                       0x08008510   Section        0  stm32g4xx_hal_uart_ex.o(.rodata.cst8)
    UARTEx_SetNbDataToProcess.denominator    0x08008518   Data           8  stm32g4xx_hal_uart_ex.o(.rodata.cst8)
    .L_MergedGlobals                         0x20000000   Data           8  main.o(.data..L_MergedGlobals)
    [Anonymous Symbol]                       0x20000000   Section        0  main.o(.data..L_MergedGlobals)
    .L_MergedGlobals                         0x20000008   Data           8  stm32g4xx_hal.o(.data..L_MergedGlobals)
    [Anonymous Symbol]                       0x20000008   Section        0  stm32g4xx_hal.o(.data..L_MergedGlobals)
    .L_MergedGlobals                         0x20000010   Data           6  bsp_key.o(.data..L_MergedGlobals)
    [Anonymous Symbol]                       0x20000010   Section        0  bsp_key.o(.data..L_MergedGlobals)
    BackColor                                0x20000016   Data           2  bsp_lcd.o(.data.BackColor)
    [Anonymous Symbol]                       0x20000016   Section        0  bsp_lcd.o(.data.BackColor)
    .L_MergedGlobals.1                       0x20000020   Data          12  bsp_key.o(.bss..L_MergedGlobals.1)
    [Anonymous Symbol]                       0x20000020   Section        0  bsp_key.o(.bss..L_MergedGlobals.1)
    Key_Proc.uc_KeyOld                       0x20000022   Data           1  bsp_key.o(.bss..L_MergedGlobals.1)
    Key_Proc.uwTick_Key_Speed                0x20000024   Data           4  bsp_key.o(.bss..L_MergedGlobals.1)
    .L_MergedGlobals.9                       0x2000002c   Data          52  main.o(.bss..L_MergedGlobals.9)
    [Anonymous Symbol]                       0x2000002c   Section        0  main.o(.bss..L_MergedGlobals.9)
    HAL_TIM_PeriodElapsedCallback.u16_ms     0x20000030   Data           2  main.o(.bss..L_MergedGlobals.9)
    HAL_TIM_PeriodElapsedCallback.u16_100ms  0x20000032   Data           2  main.o(.bss..L_MergedGlobals.9)
    HAL_TIM_PeriodElapsedCallback.u16_5000ms 0x20000034   Data           2  main.o(.bss..L_MergedGlobals.9)
    LCD_Proc.uwTick_LCD_Speed                0x20000038   Data           4  main.o(.bss..L_MergedGlobals.9)
    LED_Proc.uwTick_LED_Speed                0x2000003c   Data           4  main.o(.bss..L_MergedGlobals.9)
    Uart_Proc.uwTick_UART_Speed              0x20000040   Data           4  main.o(.bss..L_MergedGlobals.9)
    TextColor                                0x20000060   Data           2  bsp_lcd.o(.bss.TextColor)
    [Anonymous Symbol]                       0x20000060   Section        0  bsp_lcd.o(.bss.TextColor)
    STACK                                    0x20000198   Section     1024  startup_stm32g431xx.o(STACK)

    Global Symbols

    Symbol Name                              Value     Ov Type        Size  Object(Section)

    BuildAttributes$$THM_ISAv4$E$P$D$K$B$S$7EM$VFPi3$EXTD16$VFPS$VFMA$PE$A:L22UL41UL21$X:L11$S22US41US21$IEEE1$IW$~IW$USESV6$~STKCKD$USESV7$~SHL$OTIME$ROPI$EBA8$MICROLIB$REQ8$PRES8$EABIv2 0x00000000   Number         0  anon$$obj.o ABSOLUTE
    _printf_a                                0x00000000   Number         0  printfstubs.o ABSOLUTE
    _printf_c                                0x00000000   Number         0  printfstubs.o ABSOLUTE
    _printf_charcount                        0x00000000   Number         0  printfstubs.o ABSOLUTE
    _printf_d                                0x00000000   Number         0  printfstubs.o ABSOLUTE
    _printf_e                                0x00000000   Number         0  printfstubs.o ABSOLUTE
    _printf_f                                0x00000000   Number         0  printfstubs.o ABSOLUTE
    _printf_flags                            0x00000000   Number         0  printfstubs.o ABSOLUTE
    _printf_fp_dec                           0x00000000   Number         0  printfstubs.o ABSOLUTE
    _printf_fp_hex                           0x00000000   Number         0  printfstubs.o ABSOLUTE
    _printf_g                                0x00000000   Number         0  printfstubs.o ABSOLUTE
    _printf_i                                0x00000000   Number         0  printfstubs.o ABSOLUTE
    _printf_int_dec                          0x00000000   Number         0  printfstubs.o ABSOLUTE
    _printf_l                                0x00000000   Number         0  printfstubs.o ABSOLUTE
    _printf_lc                               0x00000000   Number         0  printfstubs.o ABSOLUTE
    _printf_ll                               0x00000000   Number         0  printfstubs.o ABSOLUTE
    _printf_lld                              0x00000000   Number         0  printfstubs.o ABSOLUTE
    _printf_lli                              0x00000000   Number         0  printfstubs.o ABSOLUTE
    _printf_llo                              0x00000000   Number         0  printfstubs.o ABSOLUTE
    _printf_llu                              0x00000000   Number         0  printfstubs.o ABSOLUTE
    _printf_llx                              0x00000000   Number         0  printfstubs.o ABSOLUTE
    _printf_longlong_dec                     0x00000000   Number         0  printfstubs.o ABSOLUTE
    _printf_longlong_hex                     0x00000000   Number         0  printfstubs.o ABSOLUTE
    _printf_longlong_oct                     0x00000000   Number         0  printfstubs.o ABSOLUTE
    _printf_ls                               0x00000000   Number         0  printfstubs.o ABSOLUTE
    _printf_mbtowc                           0x00000000   Number         0  printfstubs.o ABSOLUTE
    _printf_n                                0x00000000   Number         0  printfstubs.o ABSOLUTE
    _printf_o                                0x00000000   Number         0  printfstubs.o ABSOLUTE
    _printf_p                                0x00000000   Number         0  printfstubs.o ABSOLUTE
    _printf_percent                          0x00000000   Number         0  printfstubs.o ABSOLUTE
    _printf_pre_padding                      0x00000000   Number         0  printfstubs.o ABSOLUTE
    _printf_return_value                     0x00000000   Number         0  printfstubs.o ABSOLUTE
    _printf_s                                0x00000000   Number         0  printfstubs.o ABSOLUTE
    _printf_sizespec                         0x00000000   Number         0  printfstubs.o ABSOLUTE
    _printf_str                              0x00000000   Number         0  printfstubs.o ABSOLUTE
    _printf_truncate_signed                  0x00000000   Number         0  printfstubs.o ABSOLUTE
    _printf_truncate_unsigned                0x00000000   Number         0  printfstubs.o ABSOLUTE
    _printf_u                                0x00000000   Number         0  printfstubs.o ABSOLUTE
    _printf_wc                               0x00000000   Number         0  printfstubs.o ABSOLUTE
    _printf_wctomb                           0x00000000   Number         0  printfstubs.o ABSOLUTE
    _printf_widthprec                        0x00000000   Number         0  printfstubs.o ABSOLUTE
    _printf_x                                0x00000000   Number         0  printfstubs.o ABSOLUTE
    __cpp_initialize__aeabi_                  - Undefined Weak Reference
    __cxa_finalize                            - Undefined Weak Reference
    __decompress                              - Undefined Weak Reference
    _clock_init                               - Undefined Weak Reference
    _microlib_exit                            - Undefined Weak Reference
    __Vectors_Size                           0x000001d8   Number         0  startup_stm32g431xx.o ABSOLUTE
    __Vectors                                0x08000000   Data           4  startup_stm32g431xx.o(RESET)
    __Vectors_End                            0x080001d8   Data           0  startup_stm32g431xx.o(RESET)
    __main                                   0x080001d9   Thumb Code     0  entry.o(.ARM.Collect$$$$00000000)
    _main_stk                                0x080001d9   Thumb Code     0  entry2.o(.ARM.Collect$$$$00000001)
    _main_scatterload                        0x080001dd   Thumb Code     0  entry5.o(.ARM.Collect$$$$00000004)
    __main_after_scatterload                 0x080001e1   Thumb Code     0  entry5.o(.ARM.Collect$$$$00000004)
    _main_clock                              0x080001e1   Thumb Code     0  entry7b.o(.ARM.Collect$$$$00000008)
    _main_cpp_init                           0x080001e1   Thumb Code     0  entry8b.o(.ARM.Collect$$$$0000000A)
    _main_init                               0x080001e1   Thumb Code     0  entry9a.o(.ARM.Collect$$$$0000000B)
    __rt_final_cpp                           0x080001e9   Thumb Code     0  entry10a.o(.ARM.Collect$$$$0000000D)
    __rt_final_exit                          0x080001e9   Thumb Code     0  entry11a.o(.ARM.Collect$$$$0000000F)
    Reset_Handler                            0x080001ed   Thumb Code     8  startup_stm32g431xx.o(.text)
    ADC1_2_IRQHandler                        0x08000207   Thumb Code     0  startup_stm32g431xx.o(.text)
    COMP1_2_3_IRQHandler                     0x08000207   Thumb Code     0  startup_stm32g431xx.o(.text)
    COMP4_IRQHandler                         0x08000207   Thumb Code     0  startup_stm32g431xx.o(.text)
    CORDIC_IRQHandler                        0x08000207   Thumb Code     0  startup_stm32g431xx.o(.text)
    CRS_IRQHandler                           0x08000207   Thumb Code     0  startup_stm32g431xx.o(.text)
    DMA1_Channel1_IRQHandler                 0x08000207   Thumb Code     0  startup_stm32g431xx.o(.text)
    DMA1_Channel2_IRQHandler                 0x08000207   Thumb Code     0  startup_stm32g431xx.o(.text)
    DMA1_Channel3_IRQHandler                 0x08000207   Thumb Code     0  startup_stm32g431xx.o(.text)
    DMA1_Channel4_IRQHandler                 0x08000207   Thumb Code     0  startup_stm32g431xx.o(.text)
    DMA1_Channel5_IRQHandler                 0x08000207   Thumb Code     0  startup_stm32g431xx.o(.text)
    DMA1_Channel6_IRQHandler                 0x08000207   Thumb Code     0  startup_stm32g431xx.o(.text)
    DMA2_Channel1_IRQHandler                 0x08000207   Thumb Code     0  startup_stm32g431xx.o(.text)
    DMA2_Channel2_IRQHandler                 0x08000207   Thumb Code     0  startup_stm32g431xx.o(.text)
    DMA2_Channel3_IRQHandler                 0x08000207   Thumb Code     0  startup_stm32g431xx.o(.text)
    DMA2_Channel4_IRQHandler                 0x08000207   Thumb Code     0  startup_stm32g431xx.o(.text)
    DMA2_Channel5_IRQHandler                 0x08000207   Thumb Code     0  startup_stm32g431xx.o(.text)
    DMA2_Channel6_IRQHandler                 0x08000207   Thumb Code     0  startup_stm32g431xx.o(.text)
    DMAMUX_OVR_IRQHandler                    0x08000207   Thumb Code     0  startup_stm32g431xx.o(.text)
    EXTI0_IRQHandler                         0x08000207   Thumb Code     0  startup_stm32g431xx.o(.text)
    EXTI15_10_IRQHandler                     0x08000207   Thumb Code     0  startup_stm32g431xx.o(.text)
    EXTI1_IRQHandler                         0x08000207   Thumb Code     0  startup_stm32g431xx.o(.text)
    EXTI2_IRQHandler                         0x08000207   Thumb Code     0  startup_stm32g431xx.o(.text)
    EXTI3_IRQHandler                         0x08000207   Thumb Code     0  startup_stm32g431xx.o(.text)
    EXTI4_IRQHandler                         0x08000207   Thumb Code     0  startup_stm32g431xx.o(.text)
    EXTI9_5_IRQHandler                       0x08000207   Thumb Code     0  startup_stm32g431xx.o(.text)
    FDCAN1_IT0_IRQHandler                    0x08000207   Thumb Code     0  startup_stm32g431xx.o(.text)
    FDCAN1_IT1_IRQHandler                    0x08000207   Thumb Code     0  startup_stm32g431xx.o(.text)
    FLASH_IRQHandler                         0x08000207   Thumb Code     0  startup_stm32g431xx.o(.text)
    FMAC_IRQHandler                          0x08000207   Thumb Code     0  startup_stm32g431xx.o(.text)
    FPU_IRQHandler                           0x08000207   Thumb Code     0  startup_stm32g431xx.o(.text)
    I2C1_ER_IRQHandler                       0x08000207   Thumb Code     0  startup_stm32g431xx.o(.text)
    I2C1_EV_IRQHandler                       0x08000207   Thumb Code     0  startup_stm32g431xx.o(.text)
    I2C2_ER_IRQHandler                       0x08000207   Thumb Code     0  startup_stm32g431xx.o(.text)
    I2C2_EV_IRQHandler                       0x08000207   Thumb Code     0  startup_stm32g431xx.o(.text)
    I2C3_ER_IRQHandler                       0x08000207   Thumb Code     0  startup_stm32g431xx.o(.text)
    I2C3_EV_IRQHandler                       0x08000207   Thumb Code     0  startup_stm32g431xx.o(.text)
    LPTIM1_IRQHandler                        0x08000207   Thumb Code     0  startup_stm32g431xx.o(.text)
    LPUART1_IRQHandler                       0x08000207   Thumb Code     0  startup_stm32g431xx.o(.text)
    PVD_PVM_IRQHandler                       0x08000207   Thumb Code     0  startup_stm32g431xx.o(.text)
    RCC_IRQHandler                           0x08000207   Thumb Code     0  startup_stm32g431xx.o(.text)
    RNG_IRQHandler                           0x08000207   Thumb Code     0  startup_stm32g431xx.o(.text)
    RTC_Alarm_IRQHandler                     0x08000207   Thumb Code     0  startup_stm32g431xx.o(.text)
    RTC_TAMP_LSECSS_IRQHandler               0x08000207   Thumb Code     0  startup_stm32g431xx.o(.text)
    RTC_WKUP_IRQHandler                      0x08000207   Thumb Code     0  startup_stm32g431xx.o(.text)
    SAI1_IRQHandler                          0x08000207   Thumb Code     0  startup_stm32g431xx.o(.text)
    SPI1_IRQHandler                          0x08000207   Thumb Code     0  startup_stm32g431xx.o(.text)
    SPI2_IRQHandler                          0x08000207   Thumb Code     0  startup_stm32g431xx.o(.text)
    SPI3_IRQHandler                          0x08000207   Thumb Code     0  startup_stm32g431xx.o(.text)
    TIM1_BRK_TIM15_IRQHandler                0x08000207   Thumb Code     0  startup_stm32g431xx.o(.text)
    TIM1_CC_IRQHandler                       0x08000207   Thumb Code     0  startup_stm32g431xx.o(.text)
    TIM1_TRG_COM_TIM17_IRQHandler            0x08000207   Thumb Code     0  startup_stm32g431xx.o(.text)
    TIM1_UP_TIM16_IRQHandler                 0x08000207   Thumb Code     0  startup_stm32g431xx.o(.text)
    TIM2_IRQHandler                          0x08000207   Thumb Code     0  startup_stm32g431xx.o(.text)
    TIM3_IRQHandler                          0x08000207   Thumb Code     0  startup_stm32g431xx.o(.text)
    TIM4_IRQHandler                          0x08000207   Thumb Code     0  startup_stm32g431xx.o(.text)
    TIM7_IRQHandler                          0x08000207   Thumb Code     0  startup_stm32g431xx.o(.text)
    TIM8_BRK_IRQHandler                      0x08000207   Thumb Code     0  startup_stm32g431xx.o(.text)
    TIM8_CC_IRQHandler                       0x08000207   Thumb Code     0  startup_stm32g431xx.o(.text)
    TIM8_TRG_COM_IRQHandler                  0x08000207   Thumb Code     0  startup_stm32g431xx.o(.text)
    TIM8_UP_IRQHandler                       0x08000207   Thumb Code     0  startup_stm32g431xx.o(.text)
    UART4_IRQHandler                         0x08000207   Thumb Code     0  startup_stm32g431xx.o(.text)
    UCPD1_IRQHandler                         0x08000207   Thumb Code     0  startup_stm32g431xx.o(.text)
    USART2_IRQHandler                        0x08000207   Thumb Code     0  startup_stm32g431xx.o(.text)
    USART3_IRQHandler                        0x08000207   Thumb Code     0  startup_stm32g431xx.o(.text)
    USBWakeUp_IRQHandler                     0x08000207   Thumb Code     0  startup_stm32g431xx.o(.text)
    USB_HP_IRQHandler                        0x08000207   Thumb Code     0  startup_stm32g431xx.o(.text)
    USB_LP_IRQHandler                        0x08000207   Thumb Code     0  startup_stm32g431xx.o(.text)
    WWDG_IRQHandler                          0x08000207   Thumb Code     0  startup_stm32g431xx.o(.text)
    __aeabi_uldivmod                         0x08000211   Thumb Code    98  uldiv.o(.text)
    __aeabi_memcpy                           0x08000273   Thumb Code    36  memcpya.o(.text)
    __aeabi_memcpy4                          0x08000273   Thumb Code     0  memcpya.o(.text)
    __aeabi_memcpy8                          0x08000273   Thumb Code     0  memcpya.o(.text)
    __aeabi_memset                           0x08000297   Thumb Code    14  memseta.o(.text)
    __aeabi_memset4                          0x08000297   Thumb Code     0  memseta.o(.text)
    __aeabi_memset8                          0x08000297   Thumb Code     0  memseta.o(.text)
    __aeabi_memclr                           0x080002a5   Thumb Code     4  memseta.o(.text)
    __aeabi_memclr4                          0x080002a5   Thumb Code     0  memseta.o(.text)
    __aeabi_memclr8                          0x080002a5   Thumb Code     0  memseta.o(.text)
    _memset$wrapper                          0x080002a9   Thumb Code    18  memseta.o(.text)
    strlen                                   0x080002bb   Thumb Code    14  strlen.o(.text)
    __aeabi_llsl                             0x080002c9   Thumb Code    30  llshl.o(.text)
    _ll_shift_l                              0x080002c9   Thumb Code     0  llshl.o(.text)
    __aeabi_llsr                             0x080002e7   Thumb Code    32  llushr.o(.text)
    _ll_ushift_r                             0x080002e7   Thumb Code     0  llushr.o(.text)
    __scatterload                            0x08000309   Thumb Code    28  init.o(.text)
    __scatterload_rt2                        0x08000309   Thumb Code     0  init.o(.text)
    BusFault_Handler                         0x0800032d   Thumb Code     2  stm32g4xx_it.o(.text.BusFault_Handler)
    DebugMon_Handler                         0x08000331   Thumb Code     2  stm32g4xx_it.o(.text.DebugMon_Handler)
    Error_Handler                            0x08000335   Thumb Code    10  main.o(.text.Error_Handler)
    HAL_DMA_Abort                            0x08000341   Thumb Code   112  stm32g4xx_hal_dma.o(.text.HAL_DMA_Abort)
    HAL_DMA_Abort_IT                         0x080003b1   Thumb Code   124  stm32g4xx_hal_dma.o(.text.HAL_DMA_Abort_IT)
    HAL_Delay                                0x0800042d   Thumb Code    40  stm32g4xx_hal.o(.text.HAL_Delay)
    HAL_GPIO_Init                            0x08000455   Thumb Code   474  stm32g4xx_hal_gpio.o(.text.HAL_GPIO_Init)
    HAL_GPIO_ReadPin                         0x08000631   Thumb Code    10  stm32g4xx_hal_gpio.o(.text.HAL_GPIO_ReadPin)
    HAL_GPIO_WritePin                        0x0800063d   Thumb Code    12  stm32g4xx_hal_gpio.o(.text.HAL_GPIO_WritePin)
    HAL_GetTick                              0x08000649   Thumb Code    12  stm32g4xx_hal.o(.text.HAL_GetTick)
    HAL_IncTick                              0x08000655   Thumb Code    26  stm32g4xx_hal.o(.text.HAL_IncTick)
    HAL_Init                                 0x08000671   Thumb Code    30  stm32g4xx_hal.o(.text.HAL_Init)
    HAL_InitTick                             0x08000691   Thumb Code    76  stm32g4xx_hal.o(.text.HAL_InitTick)
    HAL_MspInit                              0x080006dd   Thumb Code    52  stm32g4xx_hal_msp.o(.text.HAL_MspInit)
    HAL_NVIC_EnableIRQ                       0x08000711   Thumb Code    32  stm32g4xx_hal_cortex.o(.text.HAL_NVIC_EnableIRQ)
    HAL_NVIC_SetPriority                     0x08000731   Thumb Code    86  stm32g4xx_hal_cortex.o(.text.HAL_NVIC_SetPriority)
    HAL_NVIC_SetPriorityGrouping             0x08000789   Thumb Code    32  stm32g4xx_hal_cortex.o(.text.HAL_NVIC_SetPriorityGrouping)
    HAL_PWREx_ControlVoltageScaling          0x080007a9   Thumb Code   294  stm32g4xx_hal_pwr_ex.o(.text.HAL_PWREx_ControlVoltageScaling)
    HAL_PWREx_DisableUCPDDeadBattery         0x080008d1   Thumb Code    18  stm32g4xx_hal_pwr_ex.o(.text.HAL_PWREx_DisableUCPDDeadBattery)
    HAL_RCCEx_PeriphCLKConfig                0x080008e5   Thumb Code   618  stm32g4xx_hal_rcc_ex.o(.text.HAL_RCCEx_PeriphCLKConfig)
    HAL_RCC_ClockConfig                      0x08000b51   Thumb Code   788  stm32g4xx_hal_rcc.o(.text.HAL_RCC_ClockConfig)
    HAL_RCC_GetPCLK1Freq                     0x08000e65   Thumb Code    42  stm32g4xx_hal_rcc.o(.text.HAL_RCC_GetPCLK1Freq)
    HAL_RCC_GetPCLK2Freq                     0x08000e91   Thumb Code    42  stm32g4xx_hal_rcc.o(.text.HAL_RCC_GetPCLK2Freq)
    HAL_RCC_GetSysClockFreq                  0x08000ebd   Thumb Code   122  stm32g4xx_hal_rcc.o(.text.HAL_RCC_GetSysClockFreq)
    HAL_RCC_OscConfig                        0x08000f39   Thumb Code  1200  stm32g4xx_hal_rcc.o(.text.HAL_RCC_OscConfig)
    HAL_SYSTICK_Config                       0x080013e9   Thumb Code    44  stm32g4xx_hal_cortex.o(.text.HAL_SYSTICK_Config)
    HAL_TIMEx_Break2Callback                 0x08001415   Thumb Code     2  stm32g4xx_hal_tim_ex.o(.text.HAL_TIMEx_Break2Callback)
    HAL_TIMEx_BreakCallback                  0x08001419   Thumb Code     2  stm32g4xx_hal_tim_ex.o(.text.HAL_TIMEx_BreakCallback)
    HAL_TIMEx_CommutCallback                 0x0800141d   Thumb Code     2  stm32g4xx_hal_tim_ex.o(.text.HAL_TIMEx_CommutCallback)
    HAL_TIMEx_DirectionChangeCallback        0x08001421   Thumb Code     2  stm32g4xx_hal_tim_ex.o(.text.HAL_TIMEx_DirectionChangeCallback)
    HAL_TIMEx_EncoderIndexCallback           0x08001425   Thumb Code     2  stm32g4xx_hal_tim_ex.o(.text.HAL_TIMEx_EncoderIndexCallback)
    HAL_TIMEx_IndexErrorCallback             0x08001429   Thumb Code     2  stm32g4xx_hal_tim_ex.o(.text.HAL_TIMEx_IndexErrorCallback)
    HAL_TIMEx_MasterConfigSynchronization    0x0800142d   Thumb Code   162  stm32g4xx_hal_tim_ex.o(.text.HAL_TIMEx_MasterConfigSynchronization)
    HAL_TIMEx_TransitionErrorCallback        0x080014d1   Thumb Code     2  stm32g4xx_hal_tim_ex.o(.text.HAL_TIMEx_TransitionErrorCallback)
    HAL_TIM_Base_Init                        0x080014d5   Thumb Code    98  stm32g4xx_hal_tim.o(.text.HAL_TIM_Base_Init)
    HAL_TIM_Base_MspInit                     0x08001539   Thumb Code   104  tim.o(.text.HAL_TIM_Base_MspInit)
    HAL_TIM_Base_Start_IT                    0x080015a1   Thumb Code   146  stm32g4xx_hal_tim.o(.text.HAL_TIM_Base_Start_IT)
    HAL_TIM_ConfigClockSource                0x08001635   Thumb Code   512  stm32g4xx_hal_tim.o(.text.HAL_TIM_ConfigClockSource)
    HAL_TIM_IC_CaptureCallback               0x08001835   Thumb Code     2  stm32g4xx_hal_tim.o(.text.HAL_TIM_IC_CaptureCallback)
    HAL_TIM_IRQHandler                       0x08001839   Thumb Code   528  stm32g4xx_hal_tim.o(.text.HAL_TIM_IRQHandler)
    HAL_TIM_OC_DelayElapsedCallback          0x08001a49   Thumb Code     2  stm32g4xx_hal_tim.o(.text.HAL_TIM_OC_DelayElapsedCallback)
    HAL_TIM_PWM_ConfigChannel                0x08001a4d   Thumb Code   962  stm32g4xx_hal_tim.o(.text.HAL_TIM_PWM_ConfigChannel)
    HAL_TIM_PWM_Init                         0x08001e11   Thumb Code    98  stm32g4xx_hal_tim.o(.text.HAL_TIM_PWM_Init)
    HAL_TIM_PWM_MspInit                      0x08001e75   Thumb Code     2  stm32g4xx_hal_tim.o(.text.HAL_TIM_PWM_MspInit)
    HAL_TIM_PWM_PulseFinishedCallback        0x08001e79   Thumb Code     2  stm32g4xx_hal_tim.o(.text.HAL_TIM_PWM_PulseFinishedCallback)
    HAL_TIM_PWM_Start                        0x08001e7d   Thumb Code   390  stm32g4xx_hal_tim.o(.text.HAL_TIM_PWM_Start)
    HAL_TIM_PeriodElapsedCallback            0x08002005   Thumb Code   190  main.o(.text.HAL_TIM_PeriodElapsedCallback)
    HAL_TIM_TriggerCallback                  0x080020c5   Thumb Code     2  stm32g4xx_hal_tim.o(.text.HAL_TIM_TriggerCallback)
    HAL_UARTEx_DisableFifoMode               0x080020c9   Thumb Code    54  stm32g4xx_hal_uart_ex.o(.text.HAL_UARTEx_DisableFifoMode)
    HAL_UARTEx_RxEventCallback               0x08002101   Thumb Code     2  stm32g4xx_hal_uart.o(.text.HAL_UARTEx_RxEventCallback)
    HAL_UARTEx_RxFifoFullCallback            0x08002105   Thumb Code     2  stm32g4xx_hal_uart_ex.o(.text.HAL_UARTEx_RxFifoFullCallback)
    HAL_UARTEx_SetRxFifoThreshold            0x08002109   Thumb Code   140  stm32g4xx_hal_uart_ex.o(.text.HAL_UARTEx_SetRxFifoThreshold)
    HAL_UARTEx_SetTxFifoThreshold            0x08002195   Thumb Code   140  stm32g4xx_hal_uart_ex.o(.text.HAL_UARTEx_SetTxFifoThreshold)
    HAL_UARTEx_TxFifoEmptyCallback           0x08002221   Thumb Code     2  stm32g4xx_hal_uart_ex.o(.text.HAL_UARTEx_TxFifoEmptyCallback)
    HAL_UARTEx_WakeupCallback                0x08002225   Thumb Code     2  stm32g4xx_hal_uart_ex.o(.text.HAL_UARTEx_WakeupCallback)
    HAL_UART_ErrorCallback                   0x08002229   Thumb Code     2  stm32g4xx_hal_uart.o(.text.HAL_UART_ErrorCallback)
    HAL_UART_IRQHandler                      0x0800222d   Thumb Code  1624  stm32g4xx_hal_uart.o(.text.HAL_UART_IRQHandler)
    HAL_UART_Init                            0x08002885   Thumb Code   202  stm32g4xx_hal_uart.o(.text.HAL_UART_Init)
    HAL_UART_MspInit                         0x08002951   Thumb Code   150  usart.o(.text.HAL_UART_MspInit)
    HAL_UART_Receive_IT                      0x080029e9   Thumb Code   186  stm32g4xx_hal_uart.o(.text.HAL_UART_Receive_IT)
    HAL_UART_RxCpltCallback                  0x08002aa5   Thumb Code    50  main.o(.text.HAL_UART_RxCpltCallback)
    HAL_UART_Transmit                        0x08002ad9   Thumb Code   218  stm32g4xx_hal_uart.o(.text.HAL_UART_Transmit)
    HAL_UART_TxCpltCallback                  0x08002bb5   Thumb Code     2  stm32g4xx_hal_uart.o(.text.HAL_UART_TxCpltCallback)
    HardFault_Handler                        0x08002bb9   Thumb Code     2  stm32g4xx_it.o(.text.HardFault_Handler)
    Key_Proc                                 0x08002bbd   Thumb Code   310  bsp_key.o(.text.Key_Proc)
    LCD_Clear                                0x08002cf5   Thumb Code   644  bsp_lcd.o(.text.LCD_Clear)
    LCD_DisplayStringLine                    0x08002f79   Thumb Code    76  bsp_lcd.o(.text.LCD_DisplayStringLine)
    LCD_DrawChar                             0x08002fc5   Thumb Code   870  bsp_lcd.o(.text.LCD_DrawChar)
    LCD_Init                                 0x0800332d   Thumb Code   560  bsp_lcd.o(.text.LCD_Init)
    LCD_Proc                                 0x0800355d   Thumb Code   292  main.o(.text.LCD_Proc)
    LCD_SetBackColor                         0x080036ed   Thumb Code    24  bsp_lcd.o(.text.LCD_SetBackColor)
    LCD_SetTextColor                         0x08003705   Thumb Code    24  bsp_lcd.o(.text.LCD_SetTextColor)
    LED_CLOSE                                0x0800371d   Thumb Code    48  bsp_led.o(.text.LED_CLOSE)
    LED_Disp_CL                              0x0800374d   Thumb Code    48  bsp_led.o(.text.LED_Disp_CL)
    LED_Disp_OP                              0x0800377d   Thumb Code    48  bsp_led.o(.text.LED_Disp_OP)
    MX_GPIO_Init                             0x080037ad   Thumb Code   228  gpio.o(.text.MX_GPIO_Init)
    MX_TIM2_Init                             0x08003891   Thumb Code   256  tim.o(.text.MX_TIM2_Init)
    MX_TIM6_Init                             0x08003991   Thumb Code    82  tim.o(.text.MX_TIM6_Init)
    MX_USART1_UART_Init                      0x080039e5   Thumb Code   130  usart.o(.text.MX_USART1_UART_Init)
    MemManage_Handler                        0x08003a69   Thumb Code     2  stm32g4xx_it.o(.text.MemManage_Handler)
    NMI_Handler                              0x08003a6d   Thumb Code     2  stm32g4xx_it.o(.text.NMI_Handler)
    PendSV_Handler                           0x08003a71   Thumb Code     2  stm32g4xx_it.o(.text.PendSV_Handler)
    REG_8230_Init                            0x08003a75   Thumb Code  2790  bsp_lcd.o(.text.REG_8230_Init)
    REG_932X_Init                            0x0800455d   Thumb Code  5406  bsp_lcd.o(.text.REG_932X_Init)
    SVC_Handler                              0x08005a7d   Thumb Code     2  stm32g4xx_it.o(.text.SVC_Handler)
    SysTick_Handler                          0x08005a81   Thumb Code     4  stm32g4xx_it.o(.text.SysTick_Handler)
    SystemInit                               0x08005a85   Thumb Code    18  system_stm32g4xx.o(.text.SystemInit)
    TIM6_DAC_IRQHandler                      0x08005a99   Thumb Code    12  stm32g4xx_it.o(.text.TIM6_DAC_IRQHandler)
    TIM_Base_SetConfig                       0x08005aa5   Thumb Code   266  stm32g4xx_hal_tim.o(.text.TIM_Base_SetConfig)
    UART_AdvFeatureConfig                    0x08005bb1   Thumb Code   232  stm32g4xx_hal_uart.o(.text.UART_AdvFeatureConfig)
    UART_SetConfig                           0x0800649d   Thumb Code   660  stm32g4xx_hal_uart.o(.text.UART_SetConfig)
    UART_Start_Receive_IT                    0x08006741   Thumb Code   642  stm32g4xx_hal_uart.o(.text.UART_Start_Receive_IT)
    UART_WaitOnFlagUntilTimeout              0x080069c5   Thumb Code   530  stm32g4xx_hal_uart.o(.text.UART_WaitOnFlagUntilTimeout)
    USART1_IRQHandler                        0x08006bd9   Thumb Code    12  stm32g4xx_it.o(.text.USART1_IRQHandler)
    UsageFault_Handler                       0x08006be5   Thumb Code     2  stm32g4xx_it.o(.text.UsageFault_Handler)
    main                                     0x08006be9   Thumb Code   612  main.o(.text.main)
    __0sprintf$8                             0x08006e4d   Thumb Code    34  printf8.o(i.__0sprintf$8)
    __1sprintf$8                             0x08006e4d   Thumb Code     0  printf8.o(i.__0sprintf$8)
    __2sprintf                               0x08006e4d   Thumb Code     0  printf8.o(i.__0sprintf$8)
    __scatterload_copy                       0x08006e75   Thumb Code    14  handlers.o(i.__scatterload_copy)
    __scatterload_null                       0x08006e83   Thumb Code     2  handlers.o(i.__scatterload_null)
    __scatterload_zeroinit                   0x08006e85   Thumb Code    14  handlers.o(i.__scatterload_zeroinit)
    AHBPrescTable                            0x08007300   Data          16  system_stm32g4xx.o(.rodata.AHBPrescTable)
    APBPrescTable                            0x08007310   Data           8  system_stm32g4xx.o(.rodata.APBPrescTable)
    ASCII_Table                              0x08007318   Data        4560  bsp_lcd.o(.rodata.ASCII_Table)
    UARTPrescTable                           0x080084e8   Data          24  stm32g4xx_hal_uart.o(.rodata.UARTPrescTable)
    Region$$Table$$Base                      0x08008520   Number         0  anon$$obj.o(Region$$Table)
    Region$$Table$$Limit                     0x08008540   Number         0  anon$$obj.o(Region$$Table)
    D_Pwm                                    0x20000000   Data           1  main.o(.data..L_MergedGlobals)
    freq                                     0x20000004   Data           4  main.o(.data..L_MergedGlobals)
    uwTickPrio                               0x20000008   Data           4  stm32g4xx_hal.o(.data..L_MergedGlobals)
    uwTickFreq                               0x2000000c   Data           4  stm32g4xx_hal.o(.data..L_MergedGlobals)
    mima                                     0x20000010   Data           3  bsp_key.o(.data..L_MergedGlobals)
    right_mima                               0x20000013   Data           3  bsp_key.o(.data..L_MergedGlobals)
    SystemCoreClock                          0x20000018   Data           4  system_stm32g4xx.o(.data.SystemCoreClock)
    PSD_STA                                  0x20000020   Data           1  bsp_key.o(.bss..L_MergedGlobals.1)
    right_flag                               0x20000021   Data           1  bsp_key.o(.bss..L_MergedGlobals.1)
    ld2_YN_flag                              0x20000023   Data           1  bsp_key.o(.bss..L_MergedGlobals.1)
    error_num                                0x20000028   Data           4  bsp_key.o(.bss..L_MergedGlobals.1)
    pwm_flag                                 0x2000002c   Data           1  main.o(.bss..L_MergedGlobals.9)
    rx                                       0x2000002d   Data           1  main.o(.bss..L_MergedGlobals.9)
    lcd_flag_show                            0x2000002e   Data           1  main.o(.bss..L_MergedGlobals.9)
    dex                                      0x2000002f   Data           1  main.o(.bss..L_MergedGlobals.9)
    rx_buf                                   0x20000044   Data           7  main.o(.bss..L_MergedGlobals.9)
    Lcd_Disp_String                          0x2000004b   Data          21  main.o(.bss..L_MergedGlobals.9)
    dummy                                    0x20000062   Data           2  bsp_lcd.o(.bss.dummy)
    flag                                     0x20000064   Data           4  bsp_key.o(.bss.flag)
    htim2                                    0x20000068   Data          76  tim.o(.bss.htim2)
    htim6                                    0x200000b4   Data          76  tim.o(.bss.htim6)
    huart1                                   0x20000100   Data         144  usart.o(.bss.huart1)
    uwTick                                   0x20000190   Data           4  stm32g4xx_hal.o(.bss.uwTick)
    __initial_sp                             0x20000598   Data           0  startup_stm32g431xx.o(STACK)



==============================================================================

Memory Map of the image

  Image Entry point : 0x080001d9

  Load Region LR_IROM1 (Base: 0x08000000, Size: 0x00008560, Max: 0x00020000, ABSOLUTE)

    Execution Region ER_IROM1 (Exec base: 0x08000000, Load base: 0x08000000, Size: 0x00008540, Max: 0x00020000, ABSOLUTE)

    Exec Addr    Load Addr    Size         Type   Attr      Idx    E Section Name        Object

    0x08000000   0x08000000   0x000001d8   Data   RO            3    RESET               startup_stm32g431xx.o
    0x080001d8   0x080001d8   0x00000000   Code   RO         1308  * .ARM.Collect$$$$00000000  mc_w.l(entry.o)
    0x080001d8   0x080001d8   0x00000004   Code   RO         1582    .ARM.Collect$$$$00000001  mc_w.l(entry2.o)
    0x080001dc   0x080001dc   0x00000004   Code   RO         1585    .ARM.Collect$$$$00000004  mc_w.l(entry5.o)
    0x080001e0   0x080001e0   0x00000000   Code   RO         1587    .ARM.Collect$$$$00000008  mc_w.l(entry7b.o)
    0x080001e0   0x080001e0   0x00000000   Code   RO         1589    .ARM.Collect$$$$0000000A  mc_w.l(entry8b.o)
    0x080001e0   0x080001e0   0x00000008   Code   RO         1590    .ARM.Collect$$$$0000000B  mc_w.l(entry9a.o)
    0x080001e8   0x080001e8   0x00000000   Code   RO         1592    .ARM.Collect$$$$0000000D  mc_w.l(entry10a.o)
    0x080001e8   0x080001e8   0x00000000   Code   RO         1594    .ARM.Collect$$$$0000000F  mc_w.l(entry11a.o)
    0x080001e8   0x080001e8   0x00000004   Code   RO         1583    .ARM.Collect$$$$00002712  mc_w.l(entry2.o)
    0x080001ec   0x080001ec   0x00000024   Code   RO            4    .text               startup_stm32g431xx.o
    0x08000210   0x08000210   0x00000062   Code   RO         1311    .text               mc_w.l(uldiv.o)
    0x08000272   0x08000272   0x00000024   Code   RO         1313    .text               mc_w.l(memcpya.o)
    0x08000296   0x08000296   0x00000024   Code   RO         1315    .text               mc_w.l(memseta.o)
    0x080002ba   0x080002ba   0x0000000e   Code   RO         1317    .text               mc_w.l(strlen.o)
    0x080002c8   0x080002c8   0x0000001e   Code   RO         1612    .text               mc_w.l(llshl.o)
    0x080002e6   0x080002e6   0x00000020   Code   RO         1614    .text               mc_w.l(llushr.o)
    0x08000306   0x08000306   0x00000002   PAD
    0x08000308   0x08000308   0x00000024   Code   RO         1627    .text               mc_w.l(init.o)
    0x0800032c   0x0800032c   0x00000002   Code   RO           91    .text.BusFault_Handler  stm32g4xx_it.o
    0x0800032e   0x0800032e   0x00000002   PAD
    0x08000330   0x08000330   0x00000002   Code   RO           97    .text.DebugMon_Handler  stm32g4xx_it.o
    0x08000332   0x08000332   0x00000002   PAD
    0x08000334   0x08000334   0x0000000a   Code   RO           21    .text.Error_Handler  main.o
    0x0800033e   0x0800033e   0x00000002   PAD
    0x08000340   0x08000340   0x00000070   Code   RO          870    .text.HAL_DMA_Abort  stm32g4xx_hal_dma.o
    0x080003b0   0x080003b0   0x0000007c   Code   RO          872    .text.HAL_DMA_Abort_IT  stm32g4xx_hal_dma.o
    0x0800042c   0x0800042c   0x00000028   Code   RO          598    .text.HAL_Delay     stm32g4xx_hal.o
    0x08000454   0x08000454   0x000001da   Code   RO          812    .text.HAL_GPIO_Init  stm32g4xx_hal_gpio.o
    0x0800062e   0x0800062e   0x00000002   PAD
    0x08000630   0x08000630   0x0000000a   Code   RO          816    .text.HAL_GPIO_ReadPin  stm32g4xx_hal_gpio.o
    0x0800063a   0x0800063a   0x00000002   PAD
    0x0800063c   0x0800063c   0x0000000c   Code   RO          818    .text.HAL_GPIO_WritePin  stm32g4xx_hal_gpio.o
    0x08000648   0x08000648   0x0000000c   Code   RO          590    .text.HAL_GetTick   stm32g4xx_hal.o
    0x08000654   0x08000654   0x0000001a   Code   RO          588    .text.HAL_IncTick   stm32g4xx_hal.o
    0x0800066e   0x0800066e   0x00000002   PAD
    0x08000670   0x08000670   0x0000001e   Code   RO          578    .text.HAL_Init      stm32g4xx_hal.o
    0x0800068e   0x0800068e   0x00000002   PAD
    0x08000690   0x08000690   0x0000004c   Code   RO          580    .text.HAL_InitTick  stm32g4xx_hal.o
    0x080006dc   0x080006dc   0x00000034   Code   RO          114    .text.HAL_MspInit   stm32g4xx_hal_msp.o
    0x08000710   0x08000710   0x00000020   Code   RO          956    .text.HAL_NVIC_EnableIRQ  stm32g4xx_hal_cortex.o
    0x08000730   0x08000730   0x00000056   Code   RO          954    .text.HAL_NVIC_SetPriority  stm32g4xx_hal_cortex.o
    0x08000786   0x08000786   0x00000002   PAD
    0x08000788   0x08000788   0x00000020   Code   RO          952    .text.HAL_NVIC_SetPriorityGrouping  stm32g4xx_hal_cortex.o
    0x080007a8   0x080007a8   0x00000126   Code   RO          498    .text.HAL_PWREx_ControlVoltageScaling  stm32g4xx_hal_pwr_ex.o
    0x080008ce   0x080008ce   0x00000002   PAD
    0x080008d0   0x080008d0   0x00000012   Code   RO          568    .text.HAL_PWREx_DisableUCPDDeadBattery  stm32g4xx_hal_pwr_ex.o
    0x080008e2   0x080008e2   0x00000002   PAD
    0x080008e4   0x080008e4   0x0000026a   Code   RO          696    .text.HAL_RCCEx_PeriphCLKConfig  stm32g4xx_hal_rcc_ex.o
    0x08000b4e   0x08000b4e   0x00000002   PAD
    0x08000b50   0x08000b50   0x00000314   Code   RO          662    .text.HAL_RCC_ClockConfig  stm32g4xx_hal_rcc.o
    0x08000e64   0x08000e64   0x0000002a   Code   RO          670    .text.HAL_RCC_GetPCLK1Freq  stm32g4xx_hal_rcc.o
    0x08000e8e   0x08000e8e   0x00000002   PAD
    0x08000e90   0x08000e90   0x0000002a   Code   RO          672    .text.HAL_RCC_GetPCLK2Freq  stm32g4xx_hal_rcc.o
    0x08000eba   0x08000eba   0x00000002   PAD
    0x08000ebc   0x08000ebc   0x0000007a   Code   RO          664    .text.HAL_RCC_GetSysClockFreq  stm32g4xx_hal_rcc.o
    0x08000f36   0x08000f36   0x00000002   PAD
    0x08000f38   0x08000f38   0x000004b0   Code   RO          660    .text.HAL_RCC_OscConfig  stm32g4xx_hal_rcc.o
    0x080013e8   0x080013e8   0x0000002c   Code   RO          964    .text.HAL_SYSTICK_Config  stm32g4xx_hal_cortex.o
    0x08001414   0x08001414   0x00000002   Code   RO          473    .text.HAL_TIMEx_Break2Callback  stm32g4xx_hal_tim_ex.o
    0x08001416   0x08001416   0x00000002   PAD
    0x08001418   0x08001418   0x00000002   Code   RO          471    .text.HAL_TIMEx_BreakCallback  stm32g4xx_hal_tim_ex.o
    0x0800141a   0x0800141a   0x00000002   PAD
    0x0800141c   0x0800141c   0x00000002   Code   RO          467    .text.HAL_TIMEx_CommutCallback  stm32g4xx_hal_tim_ex.o
    0x0800141e   0x0800141e   0x00000002   PAD
    0x08001420   0x08001420   0x00000002   Code   RO          477    .text.HAL_TIMEx_DirectionChangeCallback  stm32g4xx_hal_tim_ex.o
    0x08001422   0x08001422   0x00000002   PAD
    0x08001424   0x08001424   0x00000002   Code   RO          475    .text.HAL_TIMEx_EncoderIndexCallback  stm32g4xx_hal_tim_ex.o
    0x08001426   0x08001426   0x00000002   PAD
    0x08001428   0x08001428   0x00000002   Code   RO          479    .text.HAL_TIMEx_IndexErrorCallback  stm32g4xx_hal_tim_ex.o
    0x0800142a   0x0800142a   0x00000002   PAD
    0x0800142c   0x0800142c   0x000000a2   Code   RO          417    .text.HAL_TIMEx_MasterConfigSynchronization  stm32g4xx_hal_tim_ex.o
    0x080014ce   0x080014ce   0x00000002   PAD
    0x080014d0   0x080014d0   0x00000002   Code   RO          481    .text.HAL_TIMEx_TransitionErrorCallback  stm32g4xx_hal_tim_ex.o
    0x080014d2   0x080014d2   0x00000002   PAD
    0x080014d4   0x080014d4   0x00000062   Code   RO          122    .text.HAL_TIM_Base_Init  stm32g4xx_hal_tim.o
    0x08001536   0x08001536   0x00000002   PAD
    0x08001538   0x08001538   0x00000068   Code   RO           56    .text.HAL_TIM_Base_MspInit  tim.o
    0x080015a0   0x080015a0   0x00000092   Code   RO          136    .text.HAL_TIM_Base_Start_IT  stm32g4xx_hal_tim.o
    0x08001632   0x08001632   0x00000002   PAD
    0x08001634   0x08001634   0x00000200   Code   RO          302    .text.HAL_TIM_ConfigClockSource  stm32g4xx_hal_tim.o
    0x08001834   0x08001834   0x00000002   Code   RO          258    .text.HAL_TIM_IC_CaptureCallback  stm32g4xx_hal_tim.o
    0x08001836   0x08001836   0x00000002   PAD
    0x08001838   0x08001838   0x00000210   Code   RO          256    .text.HAL_TIM_IRQHandler  stm32g4xx_hal_tim.o
    0x08001a48   0x08001a48   0x00000002   Code   RO          260    .text.HAL_TIM_OC_DelayElapsedCallback  stm32g4xx_hal_tim.o
    0x08001a4a   0x08001a4a   0x00000002   PAD
    0x08001a4c   0x08001a4c   0x000003c2   Code   RO          276    .text.HAL_TIM_PWM_ConfigChannel  stm32g4xx_hal_tim.o
    0x08001e0e   0x08001e0e   0x00000002   PAD
    0x08001e10   0x08001e10   0x00000062   Code   RO          176    .text.HAL_TIM_PWM_Init  stm32g4xx_hal_tim.o
    0x08001e72   0x08001e72   0x00000002   PAD
    0x08001e74   0x08001e74   0x00000002   Code   RO          178    .text.HAL_TIM_PWM_MspInit  stm32g4xx_hal_tim.o
    0x08001e76   0x08001e76   0x00000002   PAD
    0x08001e78   0x08001e78   0x00000002   Code   RO          262    .text.HAL_TIM_PWM_PulseFinishedCallback  stm32g4xx_hal_tim.o
    0x08001e7a   0x08001e7a   0x00000002   PAD
    0x08001e7c   0x08001e7c   0x00000186   Code   RO          184    .text.HAL_TIM_PWM_Start  stm32g4xx_hal_tim.o
    0x08002002   0x08002002   0x00000002   PAD
    0x08002004   0x08002004   0x000000be   Code   RO           25    .text.HAL_TIM_PeriodElapsedCallback  main.o
    0x080020c2   0x080020c2   0x00000002   PAD
    0x080020c4   0x080020c4   0x00000002   Code   RO          266    .text.HAL_TIM_TriggerCallback  stm32g4xx_hal_tim.o
    0x080020c6   0x080020c6   0x00000002   PAD
    0x080020c8   0x080020c8   0x00000036   Code   RO         1160    .text.HAL_UARTEx_DisableFifoMode  stm32g4xx_hal_uart_ex.o
    0x080020fe   0x080020fe   0x00000002   PAD
    0x08002100   0x08002100   0x00000002   Code   RO         1088    .text.HAL_UARTEx_RxEventCallback  stm32g4xx_hal_uart.o
    0x08002102   0x08002102   0x00000002   PAD
    0x08002104   0x08002104   0x00000002   Code   RO         1146    .text.HAL_UARTEx_RxFifoFullCallback  stm32g4xx_hal_uart_ex.o
    0x08002106   0x08002106   0x00000002   PAD
    0x08002108   0x08002108   0x0000008c   Code   RO         1164    .text.HAL_UARTEx_SetRxFifoThreshold  stm32g4xx_hal_uart_ex.o
    0x08002194   0x08002194   0x0000008c   Code   RO         1162    .text.HAL_UARTEx_SetTxFifoThreshold  stm32g4xx_hal_uart_ex.o
    0x08002220   0x08002220   0x00000002   Code   RO         1148    .text.HAL_UARTEx_TxFifoEmptyCallback  stm32g4xx_hal_uart_ex.o
    0x08002222   0x08002222   0x00000002   PAD
    0x08002224   0x08002224   0x00000002   Code   RO         1144    .text.HAL_UARTEx_WakeupCallback  stm32g4xx_hal_uart_ex.o
    0x08002226   0x08002226   0x00000002   PAD
    0x08002228   0x08002228   0x00000002   Code   RO         1086    .text.HAL_UART_ErrorCallback  stm32g4xx_hal_uart.o
    0x0800222a   0x0800222a   0x00000002   PAD
    0x0800222c   0x0800222c   0x00000658   Code   RO         1082    .text.HAL_UART_IRQHandler  stm32g4xx_hal_uart.o
    0x08002884   0x08002884   0x000000ca   Code   RO          998    .text.HAL_UART_Init  stm32g4xx_hal_uart.o
    0x0800294e   0x0800294e   0x00000002   PAD
    0x08002950   0x08002950   0x00000096   Code   RO           72    .text.HAL_UART_MspInit  usart.o
    0x080029e6   0x080029e6   0x00000002   PAD
    0x080029e8   0x080029e8   0x000000ba   Code   RO         1034    .text.HAL_UART_Receive_IT  stm32g4xx_hal_uart.o
    0x08002aa2   0x08002aa2   0x00000002   PAD
    0x08002aa4   0x08002aa4   0x00000032   Code   RO           27    .text.HAL_UART_RxCpltCallback  main.o
    0x08002ad6   0x08002ad6   0x00000002   PAD
    0x08002ad8   0x08002ad8   0x000000da   Code   RO         1018    .text.HAL_UART_Transmit  stm32g4xx_hal_uart.o
    0x08002bb2   0x08002bb2   0x00000002   PAD
    0x08002bb4   0x08002bb4   0x00000002   Code   RO         1090    .text.HAL_UART_TxCpltCallback  stm32g4xx_hal_uart.o
    0x08002bb6   0x08002bb6   0x00000002   PAD
    0x08002bb8   0x08002bb8   0x00000002   Code   RO           87    .text.HardFault_Handler  stm32g4xx_it.o
    0x08002bba   0x08002bba   0x00000002   PAD
    0x08002bbc   0x08002bbc   0x00000136   Code   RO         1198    .text.Key_Proc      bsp_key.o
    0x08002cf2   0x08002cf2   0x00000002   PAD
    0x08002cf4   0x08002cf4   0x00000284   Code   RO         1241    .text.LCD_Clear     bsp_lcd.o
    0x08002f78   0x08002f78   0x0000004c   Code   RO         1239    .text.LCD_DisplayStringLine  bsp_lcd.o
    0x08002fc4   0x08002fc4   0x00000366   Code   RO         1249    .text.LCD_DrawChar  bsp_lcd.o
    0x0800332a   0x0800332a   0x00000002   PAD
    0x0800332c   0x0800332c   0x00000230   Code   RO         1227    .text.LCD_Init      bsp_lcd.o
    0x0800355c   0x0800355c   0x00000190   Code   RO           17    .text.LCD_Proc      main.o
    0x080036ec   0x080036ec   0x00000018   Code   RO         1235    .text.LCD_SetBackColor  bsp_lcd.o
    0x08003704   0x08003704   0x00000018   Code   RO         1233    .text.LCD_SetTextColor  bsp_lcd.o
    0x0800371c   0x0800371c   0x00000030   Code   RO         1293    .text.LED_CLOSE     bsp_led.o
    0x0800374c   0x0800374c   0x00000030   Code   RO         1297    .text.LED_Disp_CL   bsp_led.o
    0x0800377c   0x0800377c   0x00000030   Code   RO         1295    .text.LED_Disp_OP   bsp_led.o
    0x080037ac   0x080037ac   0x000000e4   Code   RO           41    .text.MX_GPIO_Init  gpio.o
    0x08003890   0x08003890   0x00000100   Code   RO           50    .text.MX_TIM2_Init  tim.o
    0x08003990   0x08003990   0x00000052   Code   RO           54    .text.MX_TIM6_Init  tim.o
    0x080039e2   0x080039e2   0x00000002   PAD
    0x080039e4   0x080039e4   0x00000082   Code   RO           70    .text.MX_USART1_UART_Init  usart.o
    0x08003a66   0x08003a66   0x00000002   PAD
    0x08003a68   0x08003a68   0x00000002   Code   RO           89    .text.MemManage_Handler  stm32g4xx_it.o
    0x08003a6a   0x08003a6a   0x00000002   PAD
    0x08003a6c   0x08003a6c   0x00000002   Code   RO           85    .text.NMI_Handler   stm32g4xx_it.o
    0x08003a6e   0x08003a6e   0x00000002   PAD
    0x08003a70   0x08003a70   0x00000002   Code   RO           99    .text.PendSV_Handler  stm32g4xx_it.o
    0x08003a72   0x08003a72   0x00000002   PAD
    0x08003a74   0x08003a74   0x00000ae6   Code   RO         1221    .text.REG_8230_Init  bsp_lcd.o
    0x0800455a   0x0800455a   0x00000002   PAD
    0x0800455c   0x0800455c   0x0000151e   Code   RO         1225    .text.REG_932X_Init  bsp_lcd.o
    0x08005a7a   0x08005a7a   0x00000002   PAD
    0x08005a7c   0x08005a7c   0x00000002   Code   RO           95    .text.SVC_Handler   stm32g4xx_it.o
    0x08005a7e   0x08005a7e   0x00000002   PAD
    0x08005a80   0x08005a80   0x00000004   Code   RO          101    .text.SysTick_Handler  stm32g4xx_it.o
    0x08005a84   0x08005a84   0x00000012   Code   RO         1181    .text.SystemInit    system_stm32g4xx.o
    0x08005a96   0x08005a96   0x00000002   PAD
    0x08005a98   0x08005a98   0x0000000c   Code   RO          105    .text.TIM6_DAC_IRQHandler  stm32g4xx_it.o
    0x08005aa4   0x08005aa4   0x0000010a   Code   RO          126    .text.TIM_Base_SetConfig  stm32g4xx_hal_tim.o
    0x08005bae   0x08005bae   0x00000002   PAD
    0x08005bb0   0x08005bb0   0x000000e8   Code   RO         1004    .text.UART_AdvFeatureConfig  stm32g4xx_hal_uart.o
    0x08005c98   0x08005c98   0x00000010   Code   RO         1084    .text.UART_DMAAbortOnError  stm32g4xx_hal_uart.o
    0x08005ca8   0x08005ca8   0x0000014a   Code   RO         1124    .text.UART_RxISR_16BIT  stm32g4xx_hal_uart.o
    0x08005df2   0x08005df2   0x00000002   PAD
    0x08005df4   0x08005df4   0x000002aa   Code   RO         1120    .text.UART_RxISR_16BIT_FIFOEN  stm32g4xx_hal_uart.o
    0x0800609e   0x0800609e   0x00000002   PAD
    0x080060a0   0x080060a0   0x0000014a   Code   RO         1126    .text.UART_RxISR_8BIT  stm32g4xx_hal_uart.o
    0x080061ea   0x080061ea   0x00000002   PAD
    0x080061ec   0x080061ec   0x000002ae   Code   RO         1122    .text.UART_RxISR_8BIT_FIFOEN  stm32g4xx_hal_uart.o
    0x0800649a   0x0800649a   0x00000002   PAD
    0x0800649c   0x0800649c   0x000002a4   Code   RO         1002    .text.UART_SetConfig  stm32g4xx_hal_uart.o
    0x08006740   0x08006740   0x00000282   Code   RO         1036    .text.UART_Start_Receive_IT  stm32g4xx_hal_uart.o
    0x080069c2   0x080069c2   0x00000002   PAD
    0x080069c4   0x080069c4   0x00000212   Code   RO         1020    .text.UART_WaitOnFlagUntilTimeout  stm32g4xx_hal_uart.o
    0x08006bd6   0x08006bd6   0x00000002   PAD
    0x08006bd8   0x08006bd8   0x0000000c   Code   RO          103    .text.USART1_IRQHandler  stm32g4xx_it.o
    0x08006be4   0x08006be4   0x00000002   Code   RO           93    .text.UsageFault_Handler  stm32g4xx_it.o
    0x08006be6   0x08006be6   0x00000002   PAD
    0x08006be8   0x08006be8   0x00000264   Code   RO           11    .text.main          main.o
    0x08006e4c   0x08006e4c   0x00000028   Code   RO         1530    i.__0sprintf$8      mc_w.l(printf8.o)
    0x08006e74   0x08006e74   0x0000000e   Code   RO         1637    i.__scatterload_copy  mc_w.l(handlers.o)
    0x08006e82   0x08006e82   0x00000002   Code   RO         1638    i.__scatterload_null  mc_w.l(handlers.o)
    0x08006e84   0x08006e84   0x0000000e   Code   RO         1639    i.__scatterload_zeroinit  mc_w.l(handlers.o)
    0x08006e92   0x08006e92   0x00000002   PAD
    0x08006e94   0x08006e94   0x00000410   Code   RO         1535    i._printf_core      mc_w.l(printf8.o)
    0x080072a4   0x080072a4   0x00000024   Code   RO         1536    i._printf_post_padding  mc_w.l(printf8.o)
    0x080072c8   0x080072c8   0x0000002e   Code   RO         1537    i._printf_pre_padding  mc_w.l(printf8.o)
    0x080072f6   0x080072f6   0x0000000a   Code   RO         1539    i._sputc            mc_w.l(printf8.o)
    0x08007300   0x08007300   0x00000010   Data   RO         1186    .rodata.AHBPrescTable  system_stm32g4xx.o
    0x08007310   0x08007310   0x00000008   Data   RO         1187    .rodata.APBPrescTable  system_stm32g4xx.o
    0x08007318   0x08007318   0x000011d0   Data   RO         1281    .rodata.ASCII_Table  bsp_lcd.o
    0x080084e8   0x080084e8   0x00000018   Data   RO         1132    .rodata.UARTPrescTable  stm32g4xx_hal_uart.o
    0x08008500   0x08008500   0x00000010   Data   RO         1133    .rodata.cst16       stm32g4xx_hal_uart.o
    0x08008510   0x08008510   0x00000010   Data   RO         1172    .rodata.cst8        stm32g4xx_hal_uart_ex.o
    0x08008520   0x08008520   0x00000020   Data   RO         1636    Region$$Table       anon$$obj.o


    Execution Region RW_IRAM1 (Exec base: 0x20000000, Load base: 0x08008540, Size: 0x00000598, Max: 0x00008000, ABSOLUTE)

    Exec Addr    Load Addr    Size         Type   Attr      Idx    E Section Name        Object

    0x20000000   0x08008540   0x00000008   Data   RW           31    .data..L_MergedGlobals  main.o
    0x20000008   0x08008548   0x00000008   Data   RW          649    .data..L_MergedGlobals  stm32g4xx_hal.o
    0x20000010   0x08008550   0x00000006   Data   RW         1209    .data..L_MergedGlobals  bsp_key.o
    0x20000016   0x08008556   0x00000002   Data   RW         1284    .data.BackColor     bsp_lcd.o
    0x20000018   0x08008558   0x00000004   Data   RW         1185    .data.SystemCoreClock  system_stm32g4xx.o
    0x2000001c   0x0800855c   0x00000004   PAD
    0x20000020        -       0x0000000c   Zero   RW         1210    .bss..L_MergedGlobals.1  bsp_key.o
    0x2000002c        -       0x00000034   Zero   RW           32    .bss..L_MergedGlobals.9  main.o
    0x20000060        -       0x00000002   Zero   RW         1283    .bss.TextColor      bsp_lcd.o
    0x20000062        -       0x00000002   Zero   RW         1282    .bss.dummy          bsp_lcd.o
    0x20000064        -       0x00000004   Zero   RW         1208    .bss.flag           bsp_key.o
    0x20000068        -       0x0000004c   Zero   RW           60    .bss.htim2          tim.o
    0x200000b4        -       0x0000004c   Zero   RW           61    .bss.htim6          tim.o
    0x20000100        -       0x00000090   Zero   RW           76    .bss.huart1         usart.o
    0x20000190        -       0x00000004   Zero   RW          648    .bss.uwTick         stm32g4xx_hal.o
    0x20000194   0x0800855c   0x00000004   PAD
    0x20000198        -       0x00000400   Zero   RW            1    STACK               startup_stm32g431xx.o


==============================================================================

Image component sizes


      Code (inc. data)   RO Data    RW Data    ZI Data      Debug   Object Name

       310          4          0          6         16       2934   bsp_key.o
     10394          0       4560          2          4      26263   bsp_lcd.o
       144          0          0          0          0       1790   bsp_led.o
       228          0          0          0          0       2429   gpio.o
      1262        108          0          8         52      10560   main.o
        36          8        472          0       1024        832   startup_stm32g431xx.o
       184          0          0          8          4       8597   stm32g4xx_hal.o
       194          0          0          0          0      10209   stm32g4xx_hal_cortex.o
       236          0          0          0          0       9370   stm32g4xx_hal_dma.o
       496          0          0          0          0       5445   stm32g4xx_hal_gpio.o
        52          0          0          0          0       1732   stm32g4xx_hal_msp.o
       312          0          0          0          0       9777   stm32g4xx_hal_pwr_ex.o
      2194          0          0          0          0       9856   stm32g4xx_hal_rcc.o
       618          0          0          0          0      10676   stm32g4xx_hal_rcc_ex.o
      3010         22          0          0          0      60515   stm32g4xx_hal_tim.o
       176          0          0          0          0      29824   stm32g4xx_hal_tim_ex.o
      6360         48         40          0          0      41243   stm32g4xx_hal_uart.o
       340          0         16          0          0      11157   stm32g4xx_hal_uart_ex.o
        44          0          0          0          0       6686   stm32g4xx_it.o
        18          0         24          4          0       2761   system_stm32g4xx.o
       442          0          0          0        152       9287   tim.o
       280          0          0          0        144       8281   usart.o

    ----------------------------------------------------------------------
     27460        190       5144         28       1404     280224   Object Totals
         0          0         32          0          0          0   (incl. Generated)
       130          0          0          0          8          0   (incl. Padding)

    ----------------------------------------------------------------------

      Code (inc. data)   RO Data    RW Data    ZI Data      Debug   Library Member Name

         0          0          0          0          0          0   entry.o
         0          0          0          0          0          0   entry10a.o
         0          0          0          0          0          0   entry11a.o
         8          4          0          0          0          0   entry2.o
         4          0          0          0          0          0   entry5.o
         0          0          0          0          0          0   entry7b.o
         0          0          0          0          0          0   entry8b.o
         8          4          0          0          0          0   entry9a.o
        30          0          0          0          0          0   handlers.o
        36          8          0          0          0         68   init.o
        30          0          0          0          0         68   llshl.o
        32          0          0          0          0         68   llushr.o
        36          0          0          0          0         68   memcpya.o
        36          0          0          0          0        108   memseta.o
      1172         50          0          0          0        420   printf8.o
        14          0          0          0          0         68   strlen.o
        98          0          0          0          0         92   uldiv.o

    ----------------------------------------------------------------------
      1508         66          0          0          0        960   Library Totals
         4          0          0          0          0          0   (incl. Padding)

    ----------------------------------------------------------------------

      Code (inc. data)   RO Data    RW Data    ZI Data      Debug   Library Name

      1504         66          0          0          0        960   mc_w.l

    ----------------------------------------------------------------------
      1508         66          0          0          0        960   Library Totals

    ----------------------------------------------------------------------

==============================================================================


      Code (inc. data)   RO Data    RW Data    ZI Data      Debug   

     28968        256       5144         28       1404     280572   Grand Totals
     28968        256       5144         28       1404     280572   ELF Image Totals
     28968        256       5144         28          0          0   ROM Totals

==============================================================================

    Total RO  Size (Code + RO Data)                34112 (  33.31kB)
    Total RW  Size (RW Data + ZI Data)              1432 (   1.40kB)
    Total ROM Size (Code + RO Data + RW Data)      34140 (  33.34kB)

==============================================================================

