Component: Arm Compiler for Embedded 6.18 Tool: armlink [5e4cc100]

==============================================================================

Section Cross References

    startup_stm32g431xx.o(RESET) refers to startup_stm32g431xx.o(STACK) for __initial_sp
    startup_stm32g431xx.o(RESET) refers to startup_stm32g431xx.o(.text) for Reset_Handler
    startup_stm32g431xx.o(RESET) refers to stm32g4xx_it.o(.text.NMI_Handler) for NMI_Handler
    startup_stm32g431xx.o(RESET) refers to stm32g4xx_it.o(.text.HardFault_Handler) for HardFault_Handler
    startup_stm32g431xx.o(RESET) refers to stm32g4xx_it.o(.text.MemManage_Handler) for MemManage_Handler
    startup_stm32g431xx.o(RESET) refers to stm32g4xx_it.o(.text.BusFault_Handler) for BusFault_Handler
    startup_stm32g431xx.o(RESET) refers to stm32g4xx_it.o(.text.UsageFault_Handler) for UsageFault_Handler
    startup_stm32g431xx.o(RESET) refers to stm32g4xx_it.o(.text.SVC_Handler) for SVC_Handler
    startup_stm32g431xx.o(RESET) refers to stm32g4xx_it.o(.text.DebugMon_Handler) for DebugMon_Handler
    startup_stm32g431xx.o(RESET) refers to stm32g4xx_it.o(.text.PendSV_Handler) for PendSV_Handler
    startup_stm32g431xx.o(RESET) refers to stm32g4xx_it.o(.text.SysTick_Handler) for SysTick_Handler
    startup_stm32g431xx.o(RESET) refers to stm32g4xx_it.o(.text.USART1_IRQHandler) for USART1_IRQHandler
    startup_stm32g431xx.o(RESET) refers to stm32g4xx_it.o(.text.TIM6_DAC_IRQHandler) for TIM6_DAC_IRQHandler
    startup_stm32g431xx.o(.text) refers to system_stm32g4xx.o(.text.SystemInit) for SystemInit
    startup_stm32g431xx.o(.text) refers to entry.o(.ARM.Collect$$$$00000000) for __main
    main.o(.text.main) refers to stm32g4xx_hal.o(.text.HAL_Init) for HAL_Init
    main.o(.text.main) refers to stm32g4xx_hal_pwr_ex.o(.text.HAL_PWREx_ControlVoltageScaling) for HAL_PWREx_ControlVoltageScaling
    main.o(.text.main) refers to stm32g4xx_hal_rcc.o(.text.HAL_RCC_OscConfig) for HAL_RCC_OscConfig
    main.o(.text.main) refers to stm32g4xx_hal_rcc.o(.text.HAL_RCC_ClockConfig) for HAL_RCC_ClockConfig
    main.o(.text.main) refers to gpio.o(.text.MX_GPIO_Init) for MX_GPIO_Init
    main.o(.text.main) refers to tim.o(.text.MX_TIM2_Init) for MX_TIM2_Init
    main.o(.text.main) refers to tim.o(.text.MX_TIM6_Init) for MX_TIM6_Init
    main.o(.text.main) refers to usart.o(.text.MX_USART1_UART_Init) for MX_USART1_UART_Init
    main.o(.text.main) refers to bsp_lcd.o(.text.LCD_Init) for LCD_Init
    main.o(.text.main) refers to bsp_lcd.o(.text.LCD_Clear) for LCD_Clear
    main.o(.text.main) refers to bsp_lcd.o(.text.LCD_SetBackColor) for LCD_SetBackColor
    main.o(.text.main) refers to bsp_lcd.o(.text.LCD_SetTextColor) for LCD_SetTextColor
    main.o(.text.main) refers to tim.o(.bss.htim6) for htim6
    main.o(.text.main) refers to stm32g4xx_hal_tim.o(.text.HAL_TIM_Base_Start_IT) for HAL_TIM_Base_Start_IT
    main.o(.text.main) refers to bsp_iic.o(.text.IIC_GPIO_Init) for IIC_GPIO_Init
    main.o(.text.main) refers to bsp_iic.o(.text.EEPROM_read) for EEPROM_read
    main.o(.text.main) refers to main.o(.data..L_MergedGlobals) for .L_MergedGlobals
    main.o(.text.main) refers to bsp_iic.o(.text.EEPROM_write) for EEPROM_write
    main.o(.text.main) refers to tim.o(.bss.htim2) for htim2
    main.o(.text.main) refers to stm32g4xx_hal_tim.o(.text.HAL_TIM_PWM_Start) for HAL_TIM_PWM_Start
    main.o(.text.main) refers to main.o(.bss..L_MergedGlobals.9) for .L_MergedGlobals.9
    main.o(.text.main) refers to usart.o(.bss.huart1) for huart1
    main.o(.text.main) refers to stm32g4xx_hal_uart.o(.text.HAL_UART_Receive_IT) for HAL_UART_Receive_IT
    main.o(.text.main) refers to stm32g4xx_hal.o(.bss.uwTick) for uwTick
    main.o(.text.main) refers to strlen.o(.text) for strlen
    main.o(.text.main) refers to stm32g4xx_hal_uart.o(.text.HAL_UART_Transmit) for HAL_UART_Transmit
    main.o(.text.main) refers to main.o(.text.LCD_Proc) for LCD_Proc
    main.o(.text.main) refers to bsp_led.o(.text.LED_Disp) for LED_Disp
    main.o(.text.main) refers to bsp_key.o(.text.Key_Proc) for Key_Proc
    main.o(.text.main) refers to dfltui.o(.text) for __aeabi_ui2d
    main.o(.text.main) refers to dmul.o(.text) for __aeabi_dmul
    main.o(.text.main) refers to d2f.o(.text) for __aeabi_d2f
    main.o(.text.main) refers to f2d.o(.text) for __aeabi_f2d
    main.o(.text.main) refers to main.o(.rodata.str1.1) for .L.str.7
    main.o(.text.main) refers to printfa.o(i.__0sprintf) for __2sprintf
    main.o(.ARM.exidx.text.main) refers to main.o(.text.main) for [Anonymous Symbol]
    main.o(.text.SystemClock_Config) refers to stm32g4xx_hal_pwr_ex.o(.text.HAL_PWREx_ControlVoltageScaling) for HAL_PWREx_ControlVoltageScaling
    main.o(.text.SystemClock_Config) refers to stm32g4xx_hal_rcc.o(.text.HAL_RCC_OscConfig) for HAL_RCC_OscConfig
    main.o(.text.SystemClock_Config) refers to stm32g4xx_hal_rcc.o(.text.HAL_RCC_ClockConfig) for HAL_RCC_ClockConfig
[...]
    Removing bsp_lcd.o(.ARM.exidx.text.LCD_SetCursor), (8 bytes).
    Removing bsp_lcd.o(.text.LCD_WriteRAM_Prepare), (84 bytes).
    Removing bsp_lcd.o(.ARM.exidx.text.LCD_WriteRAM_Prepare), (8 bytes).
    Removing bsp_lcd.o(.text.LCD_WriteRAM), (82 bytes).
    Removing bsp_lcd.o(.ARM.exidx.text.LCD_WriteRAM), (8 bytes).
    Removing bsp_lcd.o(.ARM.exidx.text.LCD_DrawChar), (8 bytes).
    Removing bsp_lcd.o(.text.LCD_DisplayChar), (26 bytes).
    Removing bsp_lcd.o(.ARM.exidx.text.LCD_DisplayChar), (8 bytes).
    Removing bsp_lcd.o(.text.LCD_SetDisplayWindow), (996 bytes).
    Removing bsp_lcd.o(.ARM.exidx.text.LCD_SetDisplayWindow), (8 bytes).
    Removing bsp_lcd.o(.text.LCD_WindowModeDisable), (126 bytes).
    Removing bsp_lcd.o(.ARM.exidx.text.LCD_WindowModeDisable), (8 bytes).
    Removing bsp_lcd.o(.text.LCD_DrawLine), (1656 bytes).
    Removing bsp_lcd.o(.ARM.exidx.text.LCD_DrawLine), (8 bytes).
    Removing bsp_lcd.o(.text.LCD_DrawRect), (68 bytes).
    Removing bsp_lcd.o(.ARM.exidx.text.LCD_DrawRect), (8 bytes).
    Removing bsp_lcd.o(.text.LCD_DrawCircle), (2862 bytes).
    Removing bsp_lcd.o(.ARM.exidx.text.LCD_DrawCircle), (8 bytes).
    Removing bsp_lcd.o(.text.LCD_DrawMonoPict), (678 bytes).
    Removing bsp_lcd.o(.ARM.exidx.text.LCD_DrawMonoPict), (8 bytes).
    Removing bsp_lcd.o(.text.LCD_WriteBMP), (870 bytes).
    Removing bsp_lcd.o(.ARM.exidx.text.LCD_WriteBMP), (8 bytes).
    Removing bsp_lcd.o(.text.LCD_BusIn), (40 bytes).
    Removing bsp_lcd.o(.ARM.exidx.text.LCD_BusIn), (8 bytes).
    Removing bsp_lcd.o(.text.LCD_BusOut), (42 bytes).
    Removing bsp_lcd.o(.ARM.exidx.text.LCD_BusOut), (8 bytes).
    Removing bsp_lcd.o(.text.LCD_ReadRAM), (192 bytes).
    Removing bsp_lcd.o(.ARM.exidx.text.LCD_ReadRAM), (8 bytes).
    Removing bsp_lcd.o(.text.LCD_PowerOn), (970 bytes).
    Removing bsp_lcd.o(.ARM.exidx.text.LCD_PowerOn), (8 bytes).
    Removing bsp_lcd.o(.text.LCD_DisplayOn), (108 bytes).
    Removing bsp_lcd.o(.ARM.exidx.text.LCD_DisplayOn), (8 bytes).
    Removing bsp_lcd.o(.text.LCD_DisplayOff), (106 bytes).
    Removing bsp_lcd.o(.ARM.exidx.text.LCD_DisplayOff), (8 bytes).
    Removing bsp_lcd.o(.text.LCD_DrawPicture), (598 bytes).
    Removing bsp_lcd.o(.ARM.exidx.text.LCD_DrawPicture), (8 bytes).
    Removing bsp_led.o(.text), (0 bytes).
    Removing bsp_led.o(.text.LED_CLOSE), (48 bytes).
    Removing bsp_led.o(.ARM.exidx.text.LED_CLOSE), (8 bytes).
    Removing bsp_led.o(.text.LED_Disp_OP), (48 bytes).
    Removing bsp_led.o(.ARM.exidx.text.LED_Disp_OP), (8 bytes).
    Removing bsp_led.o(.text.LED_Disp_CL), (48 bytes).
    Removing bsp_led.o(.ARM.exidx.text.LED_Disp_CL), (8 bytes).
    Removing bsp_led.o(.ARM.exidx.text.LED_Disp), (8 bytes).
    Removing bsp_iic.o(.text), (0 bytes).
    Removing bsp_iic.o(.text.IIC_Start), (54 bytes).
    Removing bsp_iic.o(.ARM.exidx.text.IIC_Start), (8 bytes).
    Removing bsp_iic.o(.text.IIC_Stop), (44 bytes).
    Removing bsp_iic.o(.ARM.exidx.text.IIC_Stop), (8 bytes).
    Removing bsp_iic.o(.ARM.exidx.text.IIC_Send_Byte), (8 bytes).
    Removing bsp_iic.o(.ARM.exidx.text.IIC_Read_Byte), (8 bytes).
    Removing bsp_iic.o(.text.IIC_NAck), (44 bytes).
    Removing bsp_iic.o(.ARM.exidx.text.IIC_NAck), (8 bytes).
    Removing bsp_iic.o(.text.IIC_Ack), (54 bytes).
    Removing bsp_iic.o(.ARM.exidx.text.IIC_Ack), (8 bytes).
    Removing bsp_iic.o(.text.IIC_Wait_Ack), (64 bytes).
    Removing bsp_iic.o(.ARM.exidx.text.IIC_Wait_Ack), (8 bytes).
    Removing bsp_iic.o(.ARM.exidx.text.IIC_GPIO_Init), (8 bytes).
    Removing bsp_iic.o(.text.IIC_CheckDevice), (244 bytes).
    Removing bsp_iic.o(.ARM.exidx.text.IIC_CheckDevice), (8 bytes).
    Removing bsp_iic.o(.ARM.exidx.text.EEPROM_write), (8 bytes).
    Removing bsp_iic.o(.ARM.exidx.text.EEPROM_read), (8 bytes).
    Removing bsp_iic.o(.text.i2c_24c02_write), (240 bytes).
    Removing bsp_iic.o(.ARM.exidx.text.i2c_24c02_write), (8 bytes).
    Removing bsp_iic.o(.text.i2c_24c02_read), (372 bytes).
    Removing bsp_iic.o(.ARM.exidx.text.i2c_24c02_read), (8 bytes).

1020 unused section(s) (total 64430 bytes) removed from the image.

==============================================================================

Image Symbol Table

    Local Symbols

    Symbol Name                              Value     Ov Type        Size  Object(Section)

    ../clib/division.s                       0x00000000   Number         0  aeabi_sdiv.o ABSOLUTE
    ../clib/microlib/division.c              0x00000000   Number         0  uldiv.o ABSOLUTE
    ../clib/microlib/division.c              0x00000000   Number         0  uidiv.o ABSOLUTE
    ../clib/microlib/init/entry.s            0x00000000   Number         0  entry.o ABSOLUTE
    ../clib/microlib/init/entry.s            0x00000000   Number         0  entry2.o ABSOLUTE
    ../clib/microlib/init/entry.s            0x00000000   Number         0  entry5.o ABSOLUTE
    ../clib/microlib/init/entry.s            0x00000000   Number         0  entry7a.o ABSOLUTE
    ../clib/microlib/init/entry.s            0x00000000   Number         0  entry7b.o ABSOLUTE
    ../clib/microlib/init/entry.s            0x00000000   Number         0  entry8a.o ABSOLUTE
    ../clib/microlib/init/entry.s            0x00000000   Number         0  entry8b.o ABSOLUTE
    ../clib/microlib/init/entry.s            0x00000000   Number         0  entry9a.o ABSOLUTE
    ../clib/microlib/init/entry.s            0x00000000   Number         0  entry9b.o ABSOLUTE
    ../clib/microlib/init/entry.s            0x00000000   Number         0  entry10a.o ABSOLUTE
    ../clib/microlib/init/entry.s            0x00000000   Number         0  entry10b.o ABSOLUTE
    ../clib/microlib/init/entry.s            0x00000000   Number         0  entry11a.o ABSOLUTE
    ../clib/microlib/init/entry.s            0x00000000   Number         0  entry11b.o ABSOLUTE
    ../clib/microlib/longlong.c              0x00000000   Number         0  llshl.o ABSOLUTE
    ../clib/microlib/longlong.c              0x00000000   Number         0  llushr.o ABSOLUTE
    ../clib/microlib/longlong.c              0x00000000   Number         0  llsshr.o ABSOLUTE
    ../clib/microlib/printf/printf.c         0x00000000   Number         0  printfb.o ABSOLUTE
    ../clib/microlib/printf/printf.c         0x00000000   Number         0  printf0.o ABSOLUTE
    ../clib/microlib/printf/printf.c         0x00000000   Number         0  printf1.o ABSOLUTE
    ../clib/microlib/printf/printf.c         0x00000000   Number         0  printf2.o ABSOLUTE
    ../clib/microlib/printf/printf.c         0x00000000   Number         0  printf3.o ABSOLUTE
    ../clib/microlib/printf/printf.c         0x00000000   Number         0  printf4.o ABSOLUTE
    ../clib/microlib/printf/printf.c         0x00000000   Number         0  printf5.o ABSOLUTE
    ../clib/microlib/printf/printf.c         0x00000000   Number         0  printf6.o ABSOLUTE
    ../clib/microlib/printf/printf.c         0x00000000   Number         0  printf7.o ABSOLUTE
    ../clib/microlib/printf/printf.c         0x00000000   Number         0  printf8.o ABSOLUTE
    ../clib/microlib/printf/printf.c         0x00000000   Number         0  printfa.o ABSOLUTE
    ../clib/microlib/printf/stubs.s          0x00000000   Number         0  printfstubs.o ABSOLUTE
    ../clib/microlib/stdio/fputc.c           0x00000000   Number         0  fputc.o ABSOLUTE
    ../clib/microlib/stdio/fputc.c           0x00000000   Number         0  fputc_h.o ABSOLUTE
    ../clib/microlib/stdio/semi.s            0x00000000   Number         0  semi.o ABSOLUTE
    ../clib/microlib/stdio/streams.c         0x00000000   Number         0  stdout.o ABSOLUTE
    ../clib/microlib/string/memset.c         0x00000000   Number         0  memseta.o ABSOLUTE
    ../clib/microlib/string/strlen.c         0x00000000   Number         0  strlen.o ABSOLUTE
    ../clib/microlib/stubs.s                 0x00000000   Number         0  iusefp.o ABSOLUTE
    ../clib/microlib/stubs.s                 0x00000000   Number         0  iusesemip.o ABSOLUTE
    ../fplib/microlib/d2f.c                  0x00000000   Number         0  d2f.o ABSOLUTE
    ../fplib/microlib/f2d.c                  0x00000000   Number         0  f2d.o ABSOLUTE
    ../fplib/microlib/fpadd.c                0x00000000   Number         0  dadd.o ABSOLUTE
    ../fplib/microlib/fpdiv.c                0x00000000   Number         0  ddiv.o ABSOLUTE
    ../fplib/microlib/fpepilogue.c           0x00000000   Number         0  fepilogue.o ABSOLUTE
    ../fplib/microlib/fpepilogue.c           0x00000000   Number         0  depilogue.o ABSOLUTE
    ../fplib/microlib/fpfix.c                0x00000000   Number         0  dfixul.o ABSOLUTE
    ../fplib/microlib/fpflt.c                0x00000000   Number         0  dflti.o ABSOLUTE
    ../fplib/microlib/fpflt.c                0x00000000   Number         0  dfltui.o ABSOLUTE
    ../fplib/microlib/fpmul.c                0x00000000   Number         0  dmul.o ABSOLUTE
    bsp_iic.c                                0x00000000   Number         0  bsp_iic.o ABSOLUTE
    bsp_key.c                                0x00000000   Number         0  bsp_key.o ABSOLUTE
    bsp_lcd.c                                0x00000000   Number         0  bsp_lcd.o ABSOLUTE
    bsp_led.c                                0x00000000   Number         0  bsp_led.o ABSOLUTE
    cdrcmple.s                               0x00000000   Number         0  cdrcmple.o ABSOLUTE
    dc.s                                     0x00000000   Number         0  dc.o ABSOLUTE
    gpio.c                                   0x00000000   Number         0  gpio.o ABSOLUTE
    handlers.s                               0x00000000   Number         0  handlers.o ABSOLUTE
    init.s                                   0x00000000   Number         0  init.o ABSOLUTE
    main.c                                   0x00000000   Number         0  main.o ABSOLUTE
    startup_stm32g431xx.s                    0x00000000   Number         0  startup_stm32g431xx.o ABSOLUTE
    stm32g4xx_hal.c                          0x00000000   Number         0  stm32g4xx_hal.o ABSOLUTE
    stm32g4xx_hal_cortex.c                   0x00000000   Number         0  stm32g4xx_hal_cortex.o ABSOLUTE
    stm32g4xx_hal_dma.c                      0x00000000   Number         0  stm32g4xx_hal_dma.o ABSOLUTE
    stm32g4xx_hal_dma_ex.c                   0x00000000   Number         0  stm32g4xx_hal_dma_ex.o ABSOLUTE
    stm32g4xx_hal_exti.c                     0x00000000   Number         0  stm32g4xx_hal_exti.o ABSOLUTE
    stm32g4xx_hal_flash.c                    0x00000000   Number         0  stm32g4xx_hal_flash.o ABSOLUTE
    stm32g4xx_hal_flash_ex.c                 0x00000000   Number         0  stm32g4xx_hal_flash_ex.o ABSOLUTE
    stm32g4xx_hal_flash_ramfunc.c            0x00000000   Number         0  stm32g4xx_hal_flash_ramfunc.o ABSOLUTE
    stm32g4xx_hal_gpio.c                     0x00000000   Number         0  stm32g4xx_hal_gpio.o ABSOLUTE
    stm32g4xx_hal_msp.c                      0x00000000   Number         0  stm32g4xx_hal_msp.o ABSOLUTE
    stm32g4xx_hal_pwr.c                      0x00000000   Number         0  stm32g4xx_hal_pwr.o ABSOLUTE
    stm32g4xx_hal_pwr_ex.c                   0x00000000   Number         0  stm32g4xx_hal_pwr_ex.o ABSOLUTE
    stm32g4xx_hal_rcc.c                      0x00000000   Number         0  stm32g4xx_hal_rcc.o ABSOLUTE
    stm32g4xx_hal_rcc_ex.c                   0x00000000   Number         0  stm32g4xx_hal_rcc_ex.o ABSOLUTE
    stm32g4xx_hal_tim.c                      0x00000000   Number         0  stm32g4xx_hal_tim.o ABSOLUTE
    stm32g4xx_hal_tim_ex.c                   0x00000000   Number         0  stm32g4xx_hal_tim_ex.o ABSOLUTE
    stm32g4xx_hal_uart.c                     0x00000000   Number         0  stm32g4xx_hal_uart.o ABSOLUTE
    stm32g4xx_hal_uart_ex.c                  0x00000000   Number         0  stm32g4xx_hal_uart_ex.o ABSOLUTE
    stm32g4xx_it.c                           0x00000000   Number         0  stm32g4xx_it.o ABSOLUTE
    system_stm32g4xx.c                       0x00000000   Number         0  system_stm32g4xx.o ABSOLUTE
    tim.c                                    0x00000000   Number         0  tim.o ABSOLUTE
    usart.c                                  0x00000000   Number         0  usart.o ABSOLUTE
    RESET                                    0x08000000   Section      472  startup_stm32g431xx.o(RESET)
    .ARM.Collect$$$$00000000                 0x080001d8   Section        0  entry.o(.ARM.Collect$$$$00000000)
    .ARM.Collect$$$$00000001                 0x080001d8   Section        4  entry2.o(.ARM.Collect$$$$00000001)
    .ARM.Collect$$$$00000004                 0x080001dc   Section        4  entry5.o(.ARM.Collect$$$$00000004)
    .ARM.Collect$$$$00000008                 0x080001e0   Section        0  entry7b.o(.ARM.Collect$$$$00000008)
    .ARM.Collect$$$$0000000A                 0x080001e0   Section        0  entry8b.o(.ARM.Collect$$$$0000000A)
    .ARM.Collect$$$$0000000B                 0x080001e0   Section        8  entry9a.o(.ARM.Collect$$$$0000000B)
    __lit__00000000                          0x080001e8   Data           4  entry2.o(.ARM.Collect$$$$00002712)
    .ARM.Collect$$$$0000000D                 0x080001e8   Section        0  entry10a.o(.ARM.Collect$$$$0000000D)
    .ARM.Collect$$$$0000000F                 0x080001e8   Section        0  entry11a.o(.ARM.Collect$$$$0000000F)
    .ARM.Collect$$$$00002712                 0x080001e8   Section        4  entry2.o(.ARM.Collect$$$$00002712)
    $v0                                      0x080001ec   Number         0  startup_stm32g431xx.o(.text)
    .text                                    0x080001ec   Section       36  startup_stm32g431xx.o(.text)
    .text                                    0x08000210   Section        0  uldiv.o(.text)
    .text                                    0x08000272   Section        0  memseta.o(.text)
    .text                                    0x08000296   Section        0  strlen.o(.text)
    .text                                    0x080002a4   Section        0  dadd.o(.text)
    .text                                    0x080003f2   Section        0  dmul.o(.text)
    .text                                    0x080004d6   Section        0  dflti.o(.text)
    .text                                    0x080004f8   Section        0  dfltui.o(.text)
    .text                                    0x08000512   Section        0  f2d.o(.text)
    .text                                    0x08000538   Section        0  d2f.o(.text)
    .text                                    0x08000570   Section        0  uidiv.o(.text)
    .text                                    0x0800059c   Section        0  llshl.o(.text)
    .text                                    0x080005ba   Section        0  llushr.o(.text)
    .text                                    0x080005da   Section        0  llsshr.o(.text)
    .text                                    0x080005fe   Section        0  iusefp.o(.text)
    .text                                    0x080005fe   Section        0  fepilogue.o(.text)
    .text                                    0x0800066c   Section        0  depilogue.o(.text)
    .text                                    0x08000726   Section        0  ddiv.o(.text)
    .text                                    0x08000804   Section        0  dfixul.o(.text)
    .text                                    0x08000834   Section       48  cdrcmple.o(.text)
    .text                                    0x08000864   Section       36  init.o(.text)
    [Anonymous Symbol]                       0x08000888   Section        0  bsp_key.o(.text.B4)
    [Anonymous Symbol]                       0x080009f4   Section        0  stm32g4xx_it.o(.text.BusFault_Handler)
    [Anonymous Symbol]                       0x080009f8   Section        0  stm32g4xx_it.o(.text.DebugMon_Handler)
    [Anonymous Symbol]                       0x080009fc   Section        0  bsp_iic.o(.text.EEPROM_read)
    [Anonymous Symbol]                       0x08000b2c   Section        0  bsp_iic.o(.text.EEPROM_write)
    [Anonymous Symbol]                       0x08000c08   Section        0  main.o(.text.Error_Handler)
    [Anonymous Symbol]                       0x08000c14   Section        0  stm32g4xx_hal_dma.o(.text.HAL_DMA_Abort)
    [Anonymous Symbol]                       0x08000c84   Section        0  stm32g4xx_hal_dma.o(.text.HAL_DMA_Abort_IT)
    [Anonymous Symbol]                       0x08000d00   Section        0  stm32g4xx_hal.o(.text.HAL_Delay)
    [Anonymous Symbol]                       0x08000d28   Section        0  stm32g4xx_hal_gpio.o(.text.HAL_GPIO_Init)
    [Anonymous Symbol]                       0x08000f04   Section        0  stm32g4xx_hal_gpio.o(.text.HAL_GPIO_ReadPin)
    [Anonymous Symbol]                       0x08000f10   Section        0  stm32g4xx_hal_gpio.o(.text.HAL_GPIO_WritePin)
    [Anonymous Symbol]                       0x08000f1c   Section        0  stm32g4xx_hal.o(.text.HAL_GetTick)
    [Anonymous Symbol]                       0x08000f28   Section        0  stm32g4xx_hal.o(.text.HAL_IncTick)
    [Anonymous Symbol]                       0x08000f44   Section        0  stm32g4xx_hal.o(.text.HAL_Init)
    [Anonymous Symbol]                       0x08000f64   Section        0  stm32g4xx_hal.o(.text.HAL_InitTick)
    [Anonymous Symbol]                       0x08000fb0   Section        0  stm32g4xx_hal_msp.o(.text.HAL_MspInit)
    [Anonymous Symbol]                       0x08000ff0   Section        0  stm32g4xx_hal_cortex.o(.text.HAL_NVIC_EnableIRQ)
    [Anonymous Symbol]                       0x08001010   Section        0  stm32g4xx_hal_cortex.o(.text.HAL_NVIC_SetPriority)
    [Anonymous Symbol]                       0x08001068   Section        0  stm32g4xx_hal_cortex.o(.text.HAL_NVIC_SetPriorityGrouping)
    [Anonymous Symbol]                       0x08001088   Section        0  stm32g4xx_hal_pwr_ex.o(.text.HAL_PWREx_ControlVoltageScaling)
    [Anonymous Symbol]                       0x080011b0   Section        0  stm32g4xx_hal_pwr_ex.o(.text.HAL_PWREx_DisableUCPDDeadBattery)
    [Anonymous Symbol]                       0x080011c4   Section        0  stm32g4xx_hal_rcc_ex.o(.text.HAL_RCCEx_PeriphCLKConfig)
    [Anonymous Symbol]                       0x08001430   Section        0  stm32g4xx_hal_rcc.o(.text.HAL_RCC_ClockConfig)
    [Anonymous Symbol]                       0x08001744   Section        0  stm32g4xx_hal_rcc.o(.text.HAL_RCC_GetPCLK1Freq)
    [Anonymous Symbol]                       0x08001770   Section        0  stm32g4xx_hal_rcc.o(.text.HAL_RCC_GetPCLK2Freq)
    [Anonymous Symbol]                       0x0800179c   Section        0  stm32g4xx_hal_rcc.o(.text.HAL_RCC_GetSysClockFreq)
    [Anonymous Symbol]                       0x08001818   Section        0  stm32g4xx_hal_rcc.o(.text.HAL_RCC_OscConfig)
    [Anonymous Symbol]                       0x08001cc8   Section        0  stm32g4xx_hal_cortex.o(.text.HAL_SYSTICK_Config)
    [Anonymous Symbol]                       0x08001cf4   Section        0  stm32g4xx_hal_tim_ex.o(.text.HAL_TIMEx_Break2Callback)
    [Anonymous Symbol]                       0x08001cf8   Section        0  stm32g4xx_hal_tim_ex.o(.text.HAL_TIMEx_BreakCallback)
    [Anonymous Symbol]                       0x08001cfc   Section        0  stm32g4xx_hal_tim_ex.o(.text.HAL_TIMEx_CommutCallback)
    [Anonymous Symbol]                       0x08001d00   Section        0  stm32g4xx_hal_tim_ex.o(.text.HAL_TIMEx_DirectionChangeCallback)
    [Anonymous Symbol]                       0x08001d04   Section        0  stm32g4xx_hal_tim_ex.o(.text.HAL_TIMEx_EncoderIndexCallback)
    [Anonymous Symbol]                       0x08001d08   Section        0  stm32g4xx_hal_tim_ex.o(.text.HAL_TIMEx_IndexErrorCallback)
    [Anonymous Symbol]                       0x08001d0c   Section        0  stm32g4xx_hal_tim_ex.o(.text.HAL_TIMEx_MasterConfigSynchronization)
    [Anonymous Symbol]                       0x08001db0   Section        0  stm32g4xx_hal_tim_ex.o(.text.HAL_TIMEx_TransitionErrorCallback)
    [Anonymous Symbol]                       0x08001db4   Section        0  stm32g4xx_hal_tim.o(.text.HAL_TIM_Base_Init)
    [Anonymous Symbol]                       0x08001e18   Section        0  tim.o(.text.HAL_TIM_Base_MspInit)
    [Anonymous Symbol]                       0x08001e80   Section        0  stm32g4xx_hal_tim.o(.text.HAL_TIM_Base_Start_IT)
    [Anonymous Symbol]                       0x08001f14   Section        0  stm32g4xx_hal_tim.o(.text.HAL_TIM_ConfigClockSource)
    [Anonymous Symbol]                       0x08002114   Section        0  stm32g4xx_hal_tim.o(.text.HAL_TIM_IC_CaptureCallback)
    [Anonymous Symbol]                       0x08002118   Section        0  stm32g4xx_hal_tim.o(.text.HAL_TIM_IRQHandler)
    [Anonymous Symbol]                       0x08002328   Section        0  stm32g4xx_hal_tim.o(.text.HAL_TIM_OC_DelayElapsedCallback)
    [Anonymous Symbol]                       0x0800232c   Section        0  stm32g4xx_hal_tim.o(.text.HAL_TIM_PWM_ConfigChannel)
    [Anonymous Symbol]                       0x080026f0   Section        0  stm32g4xx_hal_tim.o(.text.HAL_TIM_PWM_Init)
    [Anonymous Symbol]                       0x08002754   Section        0  stm32g4xx_hal_tim.o(.text.HAL_TIM_PWM_MspInit)
    [Anonymous Symbol]                       0x08002758   Section        0  stm32g4xx_hal_tim.o(.text.HAL_TIM_PWM_PulseFinishedCallback)
    [Anonymous Symbol]                       0x0800275c   Section        0  stm32g4xx_hal_tim.o(.text.HAL_TIM_PWM_Start)
    [Anonymous Symbol]                       0x080028e4   Section        0  main.o(.text.HAL_TIM_PeriodElapsedCallback)
    [Anonymous Symbol]                       0x0800294c   Section        0  stm32g4xx_hal_tim.o(.text.HAL_TIM_TriggerCallback)
    [Anonymous Symbol]                       0x08002950   Section        0  stm32g4xx_hal_uart_ex.o(.text.HAL_UARTEx_DisableFifoMode)
    [Anonymous Symbol]                       0x08002988   Section        0  stm32g4xx_hal_uart.o(.text.HAL_UARTEx_RxEventCallback)
    [Anonymous Symbol]                       0x0800298c   Section        0  stm32g4xx_hal_uart_ex.o(.text.HAL_UARTEx_RxFifoFullCallback)
    [Anonymous Symbol]                       0x08002990   Section        0  stm32g4xx_hal_uart_ex.o(.text.HAL_UARTEx_SetRxFifoThreshold)
    [Anonymous Symbol]                       0x08002a1c   Section        0  stm32g4xx_hal_uart_ex.o(.text.HAL_UARTEx_SetTxFifoThreshold)
    [Anonymous Symbol]                       0x08002aa8   Section        0  stm32g4xx_hal_uart_ex.o(.text.HAL_UARTEx_TxFifoEmptyCallback)
    [Anonymous Symbol]                       0x08002aac   Section        0  stm32g4xx_hal_uart_ex.o(.text.HAL_UARTEx_WakeupCallback)
    [Anonymous Symbol]                       0x08002ab0   Section        0  stm32g4xx_hal_uart.o(.text.HAL_UART_ErrorCallback)
    [Anonymous Symbol]                       0x08002ab4   Section        0  stm32g4xx_hal_uart.o(.text.HAL_UART_IRQHandler)
    [Anonymous Symbol]                       0x0800310c   Section        0  stm32g4xx_hal_uart.o(.text.HAL_UART_Init)
    [Anonymous Symbol]                       0x080031d8   Section        0  usart.o(.text.HAL_UART_MspInit)
    [Anonymous Symbol]                       0x08003270   Section        0  stm32g4xx_hal_uart.o(.text.HAL_UART_Receive_IT)
    [Anonymous Symbol]                       0x0800332c   Section        0  main.o(.text.HAL_UART_RxCpltCallback)
    [Anonymous Symbol]                       0x08003360   Section        0  stm32g4xx_hal_uart.o(.text.HAL_UART_Transmit)
    [Anonymous Symbol]                       0x0800343c   Section        0  stm32g4xx_hal_uart.o(.text.HAL_UART_TxCpltCallback)
    [Anonymous Symbol]                       0x08003440   Section        0  stm32g4xx_it.o(.text.HardFault_Handler)
    [Anonymous Symbol]                       0x08003444   Section        0  bsp_iic.o(.text.IIC_GPIO_Init)
    [Anonymous Symbol]                       0x080034b4   Section        0  bsp_iic.o(.text.IIC_Read_Byte)
    [Anonymous Symbol]                       0x08003668   Section        0  bsp_iic.o(.text.IIC_Send_Byte)
    [Anonymous Symbol]                       0x08003780   Section        0  bsp_key.o(.text.Key_Proc)
    [Anonymous Symbol]                       0x08003910   Section        0  bsp_lcd.o(.text.LCD_Clear)
    [Anonymous Symbol]                       0x08003b94   Section        0  bsp_lcd.o(.text.LCD_DisplayStringLine)
    [Anonymous Symbol]                       0x08003be0   Section        0  bsp_lcd.o(.text.LCD_DrawChar)
    [Anonymous Symbol]                       0x08003f48   Section        0  bsp_lcd.o(.text.LCD_Init)
    [Anonymous Symbol]                       0x08004178   Section        0  main.o(.text.LCD_Proc)
    [Anonymous Symbol]                       0x08004308   Section        0  bsp_lcd.o(.text.LCD_SetBackColor)
    [Anonymous Symbol]                       0x08004320   Section        0  bsp_lcd.o(.text.LCD_SetTextColor)
    [Anonymous Symbol]                       0x08004338   Section        0  bsp_led.o(.text.LED_Disp)
    [Anonymous Symbol]                       0x0800438c   Section        0  gpio.o(.text.MX_GPIO_Init)
    [Anonymous Symbol]                       0x08004470   Section        0  tim.o(.text.MX_TIM2_Init)
    [Anonymous Symbol]                       0x08004570   Section        0  tim.o(.text.MX_TIM6_Init)
    [Anonymous Symbol]                       0x080045c4   Section        0  usart.o(.text.MX_USART1_UART_Init)
    [Anonymous Symbol]                       0x08004648   Section        0  stm32g4xx_it.o(.text.MemManage_Handler)
    [Anonymous Symbol]                       0x0800464c   Section        0  stm32g4xx_it.o(.text.NMI_Handler)
    [Anonymous Symbol]                       0x08004650   Section        0  stm32g4xx_it.o(.text.PendSV_Handler)
    [Anonymous Symbol]                       0x08004654   Section        0  bsp_lcd.o(.text.REG_8230_Init)
    [Anonymous Symbol]                       0x0800513c   Section        0  bsp_lcd.o(.text.REG_932X_Init)
    [Anonymous Symbol]                       0x0800665c   Section        0  stm32g4xx_it.o(.text.SVC_Handler)
    [Anonymous Symbol]                       0x08006660   Section        0  stm32g4xx_it.o(.text.SysTick_Handler)
    [Anonymous Symbol]                       0x08006664   Section        0  system_stm32g4xx.o(.text.SystemInit)
    [Anonymous Symbol]                       0x08006678   Section        0  stm32g4xx_it.o(.text.TIM6_DAC_IRQHandler)
    [Anonymous Symbol]                       0x08006684   Section        0  stm32g4xx_hal_tim.o(.text.TIM_Base_SetConfig)
    [Anonymous Symbol]                       0x08006790   Section        0  stm32g4xx_hal_uart.o(.text.UART_AdvFeatureConfig)
    UART_DMAAbortOnError                     0x08006879   Thumb Code    16  stm32g4xx_hal_uart.o(.text.UART_DMAAbortOnError)
    [Anonymous Symbol]                       0x08006878   Section        0  stm32g4xx_hal_uart.o(.text.UART_DMAAbortOnError)
    UART_RxISR_16BIT                         0x08006889   Thumb Code   330  stm32g4xx_hal_uart.o(.text.UART_RxISR_16BIT)
    [Anonymous Symbol]                       0x08006888   Section        0  stm32g4xx_hal_uart.o(.text.UART_RxISR_16BIT)
    UART_RxISR_16BIT_FIFOEN                  0x080069d5   Thumb Code   682  stm32g4xx_hal_uart.o(.text.UART_RxISR_16BIT_FIFOEN)
    [Anonymous Symbol]                       0x080069d4   Section        0  stm32g4xx_hal_uart.o(.text.UART_RxISR_16BIT_FIFOEN)
    UART_RxISR_8BIT                          0x08006c81   Thumb Code   330  stm32g4xx_hal_uart.o(.text.UART_RxISR_8BIT)
    [Anonymous Symbol]                       0x08006c80   Section        0  stm32g4xx_hal_uart.o(.text.UART_RxISR_8BIT)
    UART_RxISR_8BIT_FIFOEN                   0x08006dcd   Thumb Code   686  stm32g4xx_hal_uart.o(.text.UART_RxISR_8BIT_FIFOEN)
    [Anonymous Symbol]                       0x08006dcc   Section        0  stm32g4xx_hal_uart.o(.text.UART_RxISR_8BIT_FIFOEN)
    [Anonymous Symbol]                       0x0800707c   Section        0  stm32g4xx_hal_uart.o(.text.UART_SetConfig)
    [Anonymous Symbol]                       0x08007320   Section        0  stm32g4xx_hal_uart.o(.text.UART_Start_Receive_IT)
    [Anonymous Symbol]                       0x080075a4   Section        0  stm32g4xx_hal_uart.o(.text.UART_WaitOnFlagUntilTimeout)
    [Anonymous Symbol]                       0x080077b8   Section        0  stm32g4xx_it.o(.text.USART1_IRQHandler)
    [Anonymous Symbol]                       0x080077c4   Section        0  stm32g4xx_it.o(.text.UsageFault_Handler)
    [Anonymous Symbol]                       0x080077c8   Section        0  main.o(.text.main)
    i.__0sprintf                             0x08007a58   Section        0  printfa.o(i.__0sprintf)
    i.__scatterload_copy                     0x08007a80   Section       14  handlers.o(i.__scatterload_copy)
    i.__scatterload_null                     0x08007a8e   Section        2  handlers.o(i.__scatterload_null)
    i.__scatterload_zeroinit                 0x08007a90   Section       14  handlers.o(i.__scatterload_zeroinit)
    _fp_digits                               0x08007aa1   Thumb Code   366  printfa.o(i._fp_digits)
    i._fp_digits                             0x08007aa0   Section        0  printfa.o(i._fp_digits)
    _printf_core                             0x08007c25   Thumb Code  1744  printfa.o(i._printf_core)
    i._printf_core                           0x08007c24   Section        0  printfa.o(i._printf_core)
    _printf_post_padding                     0x08008301   Thumb Code    36  printfa.o(i._printf_post_padding)
    i._printf_post_padding                   0x08008300   Section        0  printfa.o(i._printf_post_padding)
    _printf_pre_padding                      0x08008325   Thumb Code    46  printfa.o(i._printf_pre_padding)
    i._printf_pre_padding                    0x08008324   Section        0  printfa.o(i._printf_pre_padding)
    _sputc                                   0x08008353   Thumb Code    10  printfa.o(i._sputc)
    i._sputc                                 0x08008352   Section        0  printfa.o(i._sputc)
    .Lswitch.table.UART_SetConfig.4          0x0800955c   Data          16  stm32g4xx_hal_uart.o(.rodata.cst16)
    UARTEx_SetNbDataToProcess.numerator      0x0800956c   Data           8  stm32g4xx_hal_uart_ex.o(.rodata.cst8)
    [Anonymous Symbol]                       0x0800956c   Section        0  stm32g4xx_hal_uart_ex.o(.rodata.cst8)
    UARTEx_SetNbDataToProcess.denominator    0x08009574   Data           8  stm32g4xx_hal_uart_ex.o(.rodata.cst8)
    .L.str.7                                 0x0800957c   Data          15  main.o(.rodata.str1.1)
    [Anonymous Symbol]                       0x0800957c   Section        0  main.o(.rodata.str1.1)
    .L.str.1                                 0x0800958b   Data          11  main.o(.rodata.str1.1)
    .L.str.2                                 0x08009596   Data          11  main.o(.rodata.str1.1)
    .L_MergedGlobals                         0x20000000   Data           4  main.o(.data..L_MergedGlobals)
    [Anonymous Symbol]                       0x20000000   Section        0  main.o(.data..L_MergedGlobals)
    .L_MergedGlobals                         0x20000004   Data           8  stm32g4xx_hal.o(.data..L_MergedGlobals)
    [Anonymous Symbol]                       0x20000004   Section        0  stm32g4xx_hal.o(.data..L_MergedGlobals)
    BackColor                                0x2000000c   Data           2  bsp_lcd.o(.data.BackColor)
    [Anonymous Symbol]                       0x2000000c   Section        0  bsp_lcd.o(.data.BackColor)
    .L_MergedGlobals                         0x20000018   Data           8  bsp_key.o(.bss..L_MergedGlobals)
    Key_Proc.uc_KeyOld                       0x20000018   Data           1  bsp_key.o(.bss..L_MergedGlobals)
    [Anonymous Symbol]                       0x20000018   Section        0  bsp_key.o(.bss..L_MergedGlobals)
    Key_Proc.uwTick_Key_Speed                0x2000001c   Data           4  bsp_key.o(.bss..L_MergedGlobals)
    .L_MergedGlobals.9                       0x20000020   Data          77  main.o(.bss..L_MergedGlobals.9)
    [Anonymous Symbol]                       0x20000020   Section        0  main.o(.bss..L_MergedGlobals.9)
    HAL_TIM_PeriodElapsedCallback.cnt_100ms  0x20000029   Data           1  main.o(.bss..L_MergedGlobals.9)
    LCD_Proc.uwTick_LCD_Speed                0x20000030   Data           4  main.o(.bss..L_MergedGlobals.9)
    Uart_Proc.uwTick_UART_Speed              0x20000034   Data           4  main.o(.bss..L_MergedGlobals.9)
    LED_Proc.uwTick_LED_Speed                0x20000038   Data           4  main.o(.bss..L_MergedGlobals.9)
    TextColor                                0x2000006e   Data           2  bsp_lcd.o(.bss.TextColor)
    [Anonymous Symbol]                       0x2000006e   Section        0  bsp_lcd.o(.bss.TextColor)
    STACK                                    0x200001a0   Section     1024  startup_stm32g431xx.o(STACK)

    Global Symbols

    Symbol Name                              Value     Ov Type        Size  Object(Section)

    BuildAttributes$$THM_ISAv4$E$P$D$K$B$S$7EM$VFPi3$EXTD16$VFPS$VFMA$PE$A:L22UL41UL21$X:L11$S22US41US21$IEEE1$IW$~IW$USESV6$~STKCKD$USESV7$~SHL$OTIME$ROPI$EBA8$MICROLIB$REQ8$PRES8$EABIv2 0x00000000   Number         0  anon$$obj.o ABSOLUTE
    _printf_a                                0x00000000   Number         0  printfstubs.o ABSOLUTE
    _printf_c                                0x00000000   Number         0  printfstubs.o ABSOLUTE
    _printf_charcount                        0x00000000   Number         0  printfstubs.o ABSOLUTE
    _printf_d                                0x00000000   Number         0  printfstubs.o ABSOLUTE
    _printf_e                                0x00000000   Number         0  printfstubs.o ABSOLUTE
    _printf_f                                0x00000000   Number         0  printfstubs.o ABSOLUTE
    _printf_flags                            0x00000000   Number         0  printfstubs.o ABSOLUTE
    _printf_fp_dec                           0x00000000   Number         0  printfstubs.o ABSOLUTE
    _printf_fp_hex                           0x00000000   Number         0  printfstubs.o ABSOLUTE
    _printf_g                                0x00000000   Number         0  printfstubs.o ABSOLUTE
    _printf_i                                0x00000000   Number         0  printfstubs.o ABSOLUTE
    _printf_int_dec                          0x00000000   Number         0  printfstubs.o ABSOLUTE
    _printf_l                                0x00000000   Number         0  printfstubs.o ABSOLUTE
    _printf_lc                               0x00000000   Number         0  printfstubs.o ABSOLUTE
    _printf_ll                               0x00000000   Number         0  printfstubs.o ABSOLUTE
    _printf_lld                              0x00000000   Number         0  printfstubs.o ABSOLUTE
    _printf_lli                              0x00000000   Number         0  printfstubs.o ABSOLUTE
    _printf_llo                              0x00000000   Number         0  printfstubs.o ABSOLUTE
    _printf_llu                              0x00000000   Number         0  printfstubs.o ABSOLUTE
    _printf_llx                              0x00000000   Number         0  printfstubs.o ABSOLUTE
    _printf_longlong_dec                     0x00000000   Number         0  printfstubs.o ABSOLUTE
    _printf_longlong_hex                     0x00000000   Number         0  printfstubs.o ABSOLUTE
    _printf_longlong_oct                     0x00000000   Number         0  printfstubs.o ABSOLUTE
    _printf_ls                               0x00000000   Number         0  printfstubs.o ABSOLUTE
    _printf_mbtowc                           0x00000000   Number         0  printfstubs.o ABSOLUTE
    _printf_n                                0x00000000   Number         0  printfstubs.o ABSOLUTE
    _printf_o                                0x00000000   Number         0  printfstubs.o ABSOLUTE
    _printf_p                                0x00000000   Number         0  printfstubs.o ABSOLUTE
    _printf_percent                          0x00000000   Number         0  printfstubs.o ABSOLUTE
    _printf_pre_padding                      0x00000000   Number         0  printfstubs.o ABSOLUTE
    _printf_return_value                     0x00000000   Number         0  printfstubs.o ABSOLUTE
    _printf_s                                0x00000000   Number         0  printfstubs.o ABSOLUTE
    _printf_sizespec                         0x00000000   Number         0  printfstubs.o ABSOLUTE
    _printf_str                              0x00000000   Number         0  printfstubs.o ABSOLUTE
    _printf_truncate_signed                  0x00000000   Number         0  printfstubs.o ABSOLUTE
    _printf_truncate_unsigned                0x00000000   Number         0  printfstubs.o ABSOLUTE
    _printf_u                                0x00000000   Number         0  printfstubs.o ABSOLUTE
    _printf_wc                               0x00000000   Number         0  printfstubs.o ABSOLUTE
    _printf_wctomb                           0x00000000   Number         0  printfstubs.o ABSOLUTE
    _printf_widthprec                        0x00000000   Number         0  printfstubs.o ABSOLUTE
    _printf_x                                0x00000000   Number         0  printfstubs.o ABSOLUTE
    __cpp_initialize__aeabi_                  - Undefined Weak Reference
    __cxa_finalize                            - Undefined Weak Reference
    __decompress                              - Undefined Weak Reference
    _clock_init                               - Undefined Weak Reference
    _microlib_exit                            - Undefined Weak Reference
    __Vectors_Size                           0x000001d8   Number         0  startup_stm32g431xx.o ABSOLUTE
    __Vectors                                0x08000000   Data           4  startup_stm32g431xx.o(RESET)
    __Vectors_End                            0x080001d8   Data           0  startup_stm32g431xx.o(RESET)
    __main                                   0x080001d9   Thumb Code     0  entry.o(.ARM.Collect$$$$00000000)
    _main_stk                                0x080001d9   Thumb Code     0  entry2.o(.ARM.Collect$$$$00000001)
    _main_scatterload                        0x080001dd   Thumb Code     0  entry5.o(.ARM.Collect$$$$00000004)
    __main_after_scatterload                 0x080001e1   Thumb Code     0  entry5.o(.ARM.Collect$$$$00000004)
    _main_clock                              0x080001e1   Thumb Code     0  entry7b.o(.ARM.Collect$$$$00000008)
    _main_cpp_init                           0x080001e1   Thumb Code     0  entry8b.o(.ARM.Collect$$$$0000000A)
    _main_init                               0x080001e1   Thumb Code     0  entry9a.o(.ARM.Collect$$$$0000000B)
    __rt_final_cpp                           0x080001e9   Thumb Code     0  entry10a.o(.ARM.Collect$$$$0000000D)
    __rt_final_exit                          0x080001e9   Thumb Code     0  entry11a.o(.ARM.Collect$$$$0000000F)
    Reset_Handler                            0x080001ed   Thumb Code     8  startup_stm32g431xx.o(.text)
    ADC1_2_IRQHandler                        0x08000207   Thumb Code     0  startup_stm32g431xx.o(.text)
    COMP1_2_3_IRQHandler                     0x08000207   Thumb Code     0  startup_stm32g431xx.o(.text)
    COMP4_IRQHandler                         0x08000207   Thumb Code     0  startup_stm32g431xx.o(.text)
    CORDIC_IRQHandler                        0x08000207   Thumb Code     0  startup_stm32g431xx.o(.text)
    CRS_IRQHandler                           0x08000207   Thumb Code     0  startup_stm32g431xx.o(.text)
    DMA1_Channel1_IRQHandler                 0x08000207   Thumb Code     0  startup_stm32g431xx.o(.text)
    DMA1_Channel2_IRQHandler                 0x08000207   Thumb Code     0  startup_stm32g431xx.o(.text)
    DMA1_Channel3_IRQHandler                 0x08000207   Thumb Code     0  startup_stm32g431xx.o(.text)
    DMA1_Channel4_IRQHandler                 0x08000207   Thumb Code     0  startup_stm32g431xx.o(.text)
    DMA1_Channel5_IRQHandler                 0x08000207   Thumb Code     0  startup_stm32g431xx.o(.text)
    DMA1_Channel6_IRQHandler                 0x08000207   Thumb Code     0  startup_stm32g431xx.o(.text)
    DMA2_Channel1_IRQHandler                 0x08000207   Thumb Code     0  startup_stm32g431xx.o(.text)
    DMA2_Channel2_IRQHandler                 0x08000207   Thumb Code     0  startup_stm32g431xx.o(.text)
    DMA2_Channel3_IRQHandler                 0x08000207   Thumb Code     0  startup_stm32g431xx.o(.text)
    DMA2_Channel4_IRQHandler                 0x08000207   Thumb Code     0  startup_stm32g431xx.o(.text)
    DMA2_Channel5_IRQHandler                 0x08000207   Thumb Code     0  startup_stm32g431xx.o(.text)
    DMA2_Channel6_IRQHandler                 0x08000207   Thumb Code     0  startup_stm32g431xx.o(.text)
    DMAMUX_OVR_IRQHandler                    0x08000207   Thumb Code     0  startup_stm32g431xx.o(.text)
    EXTI0_IRQHandler                         0x08000207   Thumb Code     0  startup_stm32g431xx.o(.text)
    EXTI15_10_IRQHandler                     0x08000207   Thumb Code     0  startup_stm32g431xx.o(.text)
    EXTI1_IRQHandler                         0x08000207   Thumb Code     0  startup_stm32g431xx.o(.text)
    EXTI2_IRQHandler                         0x08000207   Thumb Code     0  startup_stm32g431xx.o(.text)
    EXTI3_IRQHandler                         0x08000207   Thumb Code     0  startup_stm32g431xx.o(.text)
    EXTI4_IRQHandler                         0x08000207   Thumb Code     0  startup_stm32g431xx.o(.text)
    EXTI9_5_IRQHandler                       0x08000207   Thumb Code     0  startup_stm32g431xx.o(.text)
    FDCAN1_IT0_IRQHandler                    0x08000207   Thumb Code     0  startup_stm32g431xx.o(.text)
    FDCAN1_IT1_IRQHandler                    0x08000207   Thumb Code     0  startup_stm32g431xx.o(.text)
    FLASH_IRQHandler                         0x08000207   Thumb Code     0  startup_stm32g431xx.o(.text)
    FMAC_IRQHandler                          0x08000207   Thumb Code     0  startup_stm32g431xx.o(.text)
    FPU_IRQHandler                           0x08000207   Thumb Code     0  startup_stm32g431xx.o(.text)
    I2C1_ER_IRQHandler                       0x08000207   Thumb Code     0  startup_stm32g431xx.o(.text)
    I2C1_EV_IRQHandler                       0x08000207   Thumb Code     0  startup_stm32g431xx.o(.text)
    I2C2_ER_IRQHandler                       0x08000207   Thumb Code     0  startup_stm32g431xx.o(.text)
    I2C2_EV_IRQHandler                       0x08000207   Thumb Code     0  startup_stm32g431xx.o(.text)
    I2C3_ER_IRQHandler                       0x08000207   Thumb Code     0  startup_stm32g431xx.o(.text)
    I2C3_EV_IRQHandler                       0x08000207   Thumb Code     0  startup_stm32g431xx.o(.text)
    LPTIM1_IRQHandler                        0x08000207   Thumb Code     0  startup_stm32g431xx.o(.text)
    LPUART1_IRQHandler                       0x08000207   Thumb Code     0  startup_stm32g431xx.o(.text)
    PVD_PVM_IRQHandler                       0x08000207   Thumb Code     0  startup_stm32g431xx.o(.text)
    RCC_IRQHandler                           0x08000207   Thumb Code     0  startup_stm32g431xx.o(.text)
    RNG_IRQHandler                           0x08000207   Thumb Code     0  startup_stm32g431xx.o(.text)
    RTC_Alarm_IRQHandler                     0x08000207   Thumb Code     0  startup_stm32g431xx.o(.text)
    RTC_TAMP_LSECSS_IRQHandler               0x08000207   Thumb Code     0  startup_stm32g431xx.o(.text)
    RTC_WKUP_IRQHandler                      0x08000207   Thumb Code     0  startup_stm32g431xx.o(.text)
    SAI1_IRQHandler                          0x08000207   Thumb Code     0  startup_stm32g431xx.o(.text)
    SPI1_IRQHandler                          0x08000207   Thumb Code     0  startup_stm32g431xx.o(.text)
    SPI2_IRQHandler                          0x08000207   Thumb Code     0  startup_stm32g431xx.o(.text)
    SPI3_IRQHandler                          0x08000207   Thumb Code     0  startup_stm32g431xx.o(.text)
    TIM1_BRK_TIM15_IRQHandler                0x08000207   Thumb Code     0  startup_stm32g431xx.o(.text)
    TIM1_CC_IRQHandler                       0x08000207   Thumb Code     0  startup_stm32g431xx.o(.text)
    TIM1_TRG_COM_TIM17_IRQHandler            0x08000207   Thumb Code     0  startup_stm32g431xx.o(.text)
    TIM1_UP_TIM16_IRQHandler                 0x08000207   Thumb Code     0  startup_stm32g431xx.o(.text)
    TIM2_IRQHandler                          0x08000207   Thumb Code     0  startup_stm32g431xx.o(.text)
    TIM3_IRQHandler                          0x08000207   Thumb Code     0  startup_stm32g431xx.o(.text)
    TIM4_IRQHandler                          0x08000207   Thumb Code     0  startup_stm32g431xx.o(.text)
    TIM7_IRQHandler                          0x08000207   Thumb Code     0  startup_stm32g431xx.o(.text)
    TIM8_BRK_IRQHandler                      0x08000207   Thumb Code     0  startup_stm32g431xx.o(.text)
    TIM8_CC_IRQHandler                       0x08000207   Thumb Code     0  startup_stm32g431xx.o(.text)
    TIM8_TRG_COM_IRQHandler                  0x08000207   Thumb Code     0  startup_stm32g431xx.o(.text)
    TIM8_UP_IRQHandler                       0x08000207   Thumb Code     0  startup_stm32g431xx.o(.text)
    UART4_IRQHandler                         0x08000207   Thumb Code     0  startup_stm32g431xx.o(.text)
    UCPD1_IRQHandler                         0x08000207   Thumb Code     0  startup_stm32g431xx.o(.text)
    USART2_IRQHandler                        0x08000207   Thumb Code     0  startup_stm32g431xx.o(.text)
    USART3_IRQHandler                        0x08000207   Thumb Code     0  startup_stm32g431xx.o(.text)
    USBWakeUp_IRQHandler                     0x08000207   Thumb Code     0  startup_stm32g431xx.o(.text)
    USB_HP_IRQHandler                        0x08000207   Thumb Code     0  startup_stm32g431xx.o(.text)
    USB_LP_IRQHandler                        0x08000207   Thumb Code     0  startup_stm32g431xx.o(.text)
    WWDG_IRQHandler                          0x08000207   Thumb Code     0  startup_stm32g431xx.o(.text)
    __aeabi_uldivmod                         0x08000211   Thumb Code    98  uldiv.o(.text)
    __aeabi_memset                           0x08000273   Thumb Code    14  memseta.o(.text)
    __aeabi_memset4                          0x08000273   Thumb Code     0  memseta.o(.text)
    __aeabi_memset8                          0x08000273   Thumb Code     0  memseta.o(.text)
    __aeabi_memclr                           0x08000281   Thumb Code     4  memseta.o(.text)
    __aeabi_memclr4                          0x08000281   Thumb Code     0  memseta.o(.text)
    __aeabi_memclr8                          0x08000281   Thumb Code     0  memseta.o(.text)
    _memset$wrapper                          0x08000285   Thumb Code    18  memseta.o(.text)
    strlen                                   0x08000297   Thumb Code    14  strlen.o(.text)
    __aeabi_dadd                             0x080002a5   Thumb Code   322  dadd.o(.text)
    __aeabi_dsub                             0x080003e7   Thumb Code     6  dadd.o(.text)
    __aeabi_drsub                            0x080003ed   Thumb Code     6  dadd.o(.text)
    __aeabi_dmul                             0x080003f3   Thumb Code   228  dmul.o(.text)
    __aeabi_i2d                              0x080004d7   Thumb Code    34  dflti.o(.text)
    __aeabi_ui2d                             0x080004f9   Thumb Code    26  dfltui.o(.text)
    __aeabi_f2d                              0x08000513   Thumb Code    38  f2d.o(.text)
    __aeabi_d2f                              0x08000539   Thumb Code    56  d2f.o(.text)
    __aeabi_uidiv                            0x08000571   Thumb Code     0  uidiv.o(.text)
    __aeabi_uidivmod                         0x08000571   Thumb Code    44  uidiv.o(.text)
    __aeabi_llsl                             0x0800059d   Thumb Code    30  llshl.o(.text)
    _ll_shift_l                              0x0800059d   Thumb Code     0  llshl.o(.text)
    __aeabi_llsr                             0x080005bb   Thumb Code    32  llushr.o(.text)
    _ll_ushift_r                             0x080005bb   Thumb Code     0  llushr.o(.text)
    __aeabi_lasr                             0x080005db   Thumb Code    36  llsshr.o(.text)
    _ll_sshift_r                             0x080005db   Thumb Code     0  llsshr.o(.text)
    __I$use$fp                               0x080005ff   Thumb Code     0  iusefp.o(.text)
    _float_round                             0x080005ff   Thumb Code    18  fepilogue.o(.text)
    _float_epilogue                          0x08000611   Thumb Code    92  fepilogue.o(.text)
    _double_round                            0x0800066d   Thumb Code    30  depilogue.o(.text)
    _double_epilogue                         0x0800068b   Thumb Code   156  depilogue.o(.text)
    __aeabi_ddiv                             0x08000727   Thumb Code   222  ddiv.o(.text)
    __aeabi_d2ulz                            0x08000805   Thumb Code    48  dfixul.o(.text)
    __aeabi_cdrcmple                         0x08000835   Thumb Code    48  cdrcmple.o(.text)
    __scatterload                            0x08000865   Thumb Code    28  init.o(.text)
    __scatterload_rt2                        0x08000865   Thumb Code     0  init.o(.text)
    B4                                       0x08000889   Thumb Code   336  bsp_key.o(.text.B4)
    BusFault_Handler                         0x080009f5   Thumb Code     2  stm32g4xx_it.o(.text.BusFault_Handler)
    DebugMon_Handler                         0x080009f9   Thumb Code     2  stm32g4xx_it.o(.text.DebugMon_Handler)
    EEPROM_read                              0x080009fd   Thumb Code   304  bsp_iic.o(.text.EEPROM_read)
    EEPROM_write                             0x08000b2d   Thumb Code   220  bsp_iic.o(.text.EEPROM_write)
    Error_Handler                            0x08000c09   Thumb Code    10  main.o(.text.Error_Handler)
    HAL_DMA_Abort                            0x08000c15   Thumb Code   112  stm32g4xx_hal_dma.o(.text.HAL_DMA_Abort)
    HAL_DMA_Abort_IT                         0x08000c85   Thumb Code   124  stm32g4xx_hal_dma.o(.text.HAL_DMA_Abort_IT)
    HAL_Delay                                0x08000d01   Thumb Code    40  stm32g4xx_hal.o(.text.HAL_Delay)
    HAL_GPIO_Init                            0x08000d29   Thumb Code   474  stm32g4xx_hal_gpio.o(.text.HAL_GPIO_Init)
    HAL_GPIO_ReadPin                         0x08000f05   Thumb Code    10  stm32g4xx_hal_gpio.o(.text.HAL_GPIO_ReadPin)
    HAL_GPIO_WritePin                        0x08000f11   Thumb Code    12  stm32g4xx_hal_gpio.o(.text.HAL_GPIO_WritePin)
    HAL_GetTick                              0x08000f1d   Thumb Code    12  stm32g4xx_hal.o(.text.HAL_GetTick)
    HAL_IncTick                              0x08000f29   Thumb Code    26  stm32g4xx_hal.o(.text.HAL_IncTick)
    HAL_Init                                 0x08000f45   Thumb Code    30  stm32g4xx_hal.o(.text.HAL_Init)
    HAL_InitTick                             0x08000f65   Thumb Code    76  stm32g4xx_hal.o(.text.HAL_InitTick)
    HAL_MspInit                              0x08000fb1   Thumb Code    64  stm32g4xx_hal_msp.o(.text.HAL_MspInit)
    HAL_NVIC_EnableIRQ                       0x08000ff1   Thumb Code    32  stm32g4xx_hal_cortex.o(.text.HAL_NVIC_EnableIRQ)
    HAL_NVIC_SetPriority                     0x08001011   Thumb Code    86  stm32g4xx_hal_cortex.o(.text.HAL_NVIC_SetPriority)
    HAL_NVIC_SetPriorityGrouping             0x08001069   Thumb Code    32  stm32g4xx_hal_cortex.o(.text.HAL_NVIC_SetPriorityGrouping)
    HAL_PWREx_ControlVoltageScaling          0x08001089   Thumb Code   294  stm32g4xx_hal_pwr_ex.o(.text.HAL_PWREx_ControlVoltageScaling)
    HAL_PWREx_DisableUCPDDeadBattery         0x080011b1   Thumb Code    18  stm32g4xx_hal_pwr_ex.o(.text.HAL_PWREx_DisableUCPDDeadBattery)
    HAL_RCCEx_PeriphCLKConfig                0x080011c5   Thumb Code   618  stm32g4xx_hal_rcc_ex.o(.text.HAL_RCCEx_PeriphCLKConfig)
    HAL_RCC_ClockConfig                      0x08001431   Thumb Code   788  stm32g4xx_hal_rcc.o(.text.HAL_RCC_ClockConfig)
    HAL_RCC_GetPCLK1Freq                     0x08001745   Thumb Code    42  stm32g4xx_hal_rcc.o(.text.HAL_RCC_GetPCLK1Freq)
    HAL_RCC_GetPCLK2Freq                     0x08001771   Thumb Code    42  stm32g4xx_hal_rcc.o(.text.HAL_RCC_GetPCLK2Freq)
    HAL_RCC_GetSysClockFreq                  0x0800179d   Thumb Code   122  stm32g4xx_hal_rcc.o(.text.HAL_RCC_GetSysClockFreq)
    HAL_RCC_OscConfig                        0x08001819   Thumb Code  1200  stm32g4xx_hal_rcc.o(.text.HAL_RCC_OscConfig)
    HAL_SYSTICK_Config                       0x08001cc9   Thumb Code    44  stm32g4xx_hal_cortex.o(.text.HAL_SYSTICK_Config)
    HAL_TIMEx_Break2Callback                 0x08001cf5   Thumb Code     2  stm32g4xx_hal_tim_ex.o(.text.HAL_TIMEx_Break2Callback)
    HAL_TIMEx_BreakCallback                  0x08001cf9   Thumb Code     2  stm32g4xx_hal_tim_ex.o(.text.HAL_TIMEx_BreakCallback)
    HAL_TIMEx_CommutCallback                 0x08001cfd   Thumb Code     2  stm32g4xx_hal_tim_ex.o(.text.HAL_TIMEx_CommutCallback)
    HAL_TIMEx_DirectionChangeCallback        0x08001d01   Thumb Code     2  stm32g4xx_hal_tim_ex.o(.text.HAL_TIMEx_DirectionChangeCallback)
    HAL_TIMEx_EncoderIndexCallback           0x08001d05   Thumb Code     2  stm32g4xx_hal_tim_ex.o(.text.HAL_TIMEx_EncoderIndexCallback)
    HAL_TIMEx_IndexErrorCallback             0x08001d09   Thumb Code     2  stm32g4xx_hal_tim_ex.o(.text.HAL_TIMEx_IndexErrorCallback)
    HAL_TIMEx_MasterConfigSynchronization    0x08001d0d   Thumb Code   162  stm32g4xx_hal_tim_ex.o(.text.HAL_TIMEx_MasterConfigSynchronization)
    HAL_TIMEx_TransitionErrorCallback        0x08001db1   Thumb Code     2  stm32g4xx_hal_tim_ex.o(.text.HAL_TIMEx_TransitionErrorCallback)
    HAL_TIM_Base_Init                        0x08001db5   Thumb Code    98  stm32g4xx_hal_tim.o(.text.HAL_TIM_Base_Init)
    HAL_TIM_Base_MspInit                     0x08001e19   Thumb Code   104  tim.o(.text.HAL_TIM_Base_MspInit)
    HAL_TIM_Base_Start_IT                    0x08001e81   Thumb Code   146  stm32g4xx_hal_tim.o(.text.HAL_TIM_Base_Start_IT)
    HAL_TIM_ConfigClockSource                0x08001f15   Thumb Code   512  stm32g4xx_hal_tim.o(.text.HAL_TIM_ConfigClockSource)
    HAL_TIM_IC_CaptureCallback               0x08002115   Thumb Code     2  stm32g4xx_hal_tim.o(.text.HAL_TIM_IC_CaptureCallback)
    HAL_TIM_IRQHandler                       0x08002119   Thumb Code   528  stm32g4xx_hal_tim.o(.text.HAL_TIM_IRQHandler)
    HAL_TIM_OC_DelayElapsedCallback          0x08002329   Thumb Code     2  stm32g4xx_hal_tim.o(.text.HAL_TIM_OC_DelayElapsedCallback)
    HAL_TIM_PWM_ConfigChannel                0x0800232d   Thumb Code   962  stm32g4xx_hal_tim.o(.text.HAL_TIM_PWM_ConfigChannel)
    HAL_TIM_PWM_Init                         0x080026f1   Thumb Code    98  stm32g4xx_hal_tim.o(.text.HAL_TIM_PWM_Init)
    HAL_TIM_PWM_MspInit                      0x08002755   Thumb Code     2  stm32g4xx_hal_tim.o(.text.HAL_TIM_PWM_MspInit)
    HAL_TIM_PWM_PulseFinishedCallback        0x08002759   Thumb Code     2  stm32g4xx_hal_tim.o(.text.HAL_TIM_PWM_PulseFinishedCallback)
    HAL_TIM_PWM_Start                        0x0800275d   Thumb Code   390  stm32g4xx_hal_tim.o(.text.HAL_TIM_PWM_Start)
    HAL_TIM_PeriodElapsedCallback            0x080028e5   Thumb Code   104  main.o(.text.HAL_TIM_PeriodElapsedCallback)
    HAL_TIM_TriggerCallback                  0x0800294d   Thumb Code     2  stm32g4xx_hal_tim.o(.text.HAL_TIM_TriggerCallback)
    HAL_UARTEx_DisableFifoMode               0x08002951   Thumb Code    54  stm32g4xx_hal_uart_ex.o(.text.HAL_UARTEx_DisableFifoMode)
    HAL_UARTEx_RxEventCallback               0x08002989   Thumb Code     2  stm32g4xx_hal_uart.o(.text.HAL_UARTEx_RxEventCallback)
    HAL_UARTEx_RxFifoFullCallback            0x0800298d   Thumb Code     2  stm32g4xx_hal_uart_ex.o(.text.HAL_UARTEx_RxFifoFullCallback)
    HAL_UARTEx_SetRxFifoThreshold            0x08002991   Thumb Code   140  stm32g4xx_hal_uart_ex.o(.text.HAL_UARTEx_SetRxFifoThreshold)
    HAL_UARTEx_SetTxFifoThreshold            0x08002a1d   Thumb Code   140  stm32g4xx_hal_uart_ex.o(.text.HAL_UARTEx_SetTxFifoThreshold)
    HAL_UARTEx_TxFifoEmptyCallback           0x08002aa9   Thumb Code     2  stm32g4xx_hal_uart_ex.o(.text.HAL_UARTEx_TxFifoEmptyCallback)
    HAL_UARTEx_WakeupCallback                0x08002aad   Thumb Code     2  stm32g4xx_hal_uart_ex.o(.text.HAL_UARTEx_WakeupCallback)
    HAL_UART_ErrorCallback                   0x08002ab1   Thumb Code     2  stm32g4xx_hal_uart.o(.text.HAL_UART_ErrorCallback)
    HAL_UART_IRQHandler                      0x08002ab5   Thumb Code  1624  stm32g4xx_hal_uart.o(.text.HAL_UART_IRQHandler)
    HAL_UART_Init                            0x0800310d   Thumb Code   202  stm32g4xx_hal_uart.o(.text.HAL_UART_Init)
    HAL_UART_MspInit                         0x080031d9   Thumb Code   150  usart.o(.text.HAL_UART_MspInit)
    HAL_UART_Receive_IT                      0x08003271   Thumb Code   186  stm32g4xx_hal_uart.o(.text.HAL_UART_Receive_IT)
    HAL_UART_RxCpltCallback                  0x0800332d   Thumb Code    50  main.o(.text.HAL_UART_RxCpltCallback)
    HAL_UART_Transmit                        0x08003361   Thumb Code   218  stm32g4xx_hal_uart.o(.text.HAL_UART_Transmit)
    HAL_UART_TxCpltCallback                  0x0800343d   Thumb Code     2  stm32g4xx_hal_uart.o(.text.HAL_UART_TxCpltCallback)
    HardFault_Handler                        0x08003441   Thumb Code     2  stm32g4xx_it.o(.text.HardFault_Handler)
    IIC_GPIO_Init                            0x08003445   Thumb Code   110  bsp_iic.o(.text.IIC_GPIO_Init)
    IIC_Read_Byte                            0x080034b5   Thumb Code   436  bsp_iic.o(.text.IIC_Read_Byte)
    IIC_Send_Byte                            0x08003669   Thumb Code   280  bsp_iic.o(.text.IIC_Send_Byte)
    Key_Proc                                 0x08003781   Thumb Code   398  bsp_key.o(.text.Key_Proc)
    LCD_Clear                                0x08003911   Thumb Code   644  bsp_lcd.o(.text.LCD_Clear)
    LCD_DisplayStringLine                    0x08003b95   Thumb Code    76  bsp_lcd.o(.text.LCD_DisplayStringLine)
    LCD_DrawChar                             0x08003be1   Thumb Code   870  bsp_lcd.o(.text.LCD_DrawChar)
    LCD_Init                                 0x08003f49   Thumb Code   560  bsp_lcd.o(.text.LCD_Init)
    LCD_Proc                                 0x08004179   Thumb Code   360  main.o(.text.LCD_Proc)
    LCD_SetBackColor                         0x08004309   Thumb Code    24  bsp_lcd.o(.text.LCD_SetBackColor)
    LCD_SetTextColor                         0x08004321   Thumb Code    24  bsp_lcd.o(.text.LCD_SetTextColor)
    LED_Disp                                 0x08004339   Thumb Code    82  bsp_led.o(.text.LED_Disp)
    MX_GPIO_Init                             0x0800438d   Thumb Code   228  gpio.o(.text.MX_GPIO_Init)
    MX_TIM2_Init                             0x08004471   Thumb Code   256  tim.o(.text.MX_TIM2_Init)
    MX_TIM6_Init                             0x08004571   Thumb Code    82  tim.o(.text.MX_TIM6_Init)
    MX_USART1_UART_Init                      0x080045c5   Thumb Code   130  usart.o(.text.MX_USART1_UART_Init)
    MemManage_Handler                        0x08004649   Thumb Code     2  stm32g4xx_it.o(.text.MemManage_Handler)
    NMI_Handler                              0x0800464d   Thumb Code     2  stm32g4xx_it.o(.text.NMI_Handler)
    PendSV_Handler                           0x08004651   Thumb Code     2  stm32g4xx_it.o(.text.PendSV_Handler)
    REG_8230_Init                            0x08004655   Thumb Code  2790  bsp_lcd.o(.text.REG_8230_Init)
    REG_932X_Init                            0x0800513d   Thumb Code  5406  bsp_lcd.o(.text.REG_932X_Init)
    SVC_Handler                              0x0800665d   Thumb Code     2  stm32g4xx_it.o(.text.SVC_Handler)
    SysTick_Handler                          0x08006661   Thumb Code     4  stm32g4xx_it.o(.text.SysTick_Handler)
    SystemInit                               0x08006665   Thumb Code    18  system_stm32g4xx.o(.text.SystemInit)
    TIM6_DAC_IRQHandler                      0x08006679   Thumb Code    12  stm32g4xx_it.o(.text.TIM6_DAC_IRQHandler)
    TIM_Base_SetConfig                       0x08006685   Thumb Code   266  stm32g4xx_hal_tim.o(.text.TIM_Base_SetConfig)
    UART_AdvFeatureConfig                    0x08006791   Thumb Code   232  stm32g4xx_hal_uart.o(.text.UART_AdvFeatureConfig)
    UART_SetConfig                           0x0800707d   Thumb Code   660  stm32g4xx_hal_uart.o(.text.UART_SetConfig)
    UART_Start_Receive_IT                    0x08007321   Thumb Code   642  stm32g4xx_hal_uart.o(.text.UART_Start_Receive_IT)
    UART_WaitOnFlagUntilTimeout              0x080075a5   Thumb Code   530  stm32g4xx_hal_uart.o(.text.UART_WaitOnFlagUntilTimeout)
    USART1_IRQHandler                        0x080077b9   Thumb Code    12  stm32g4xx_it.o(.text.USART1_IRQHandler)
    UsageFault_Handler                       0x080077c5   Thumb Code     2  stm32g4xx_it.o(.text.UsageFault_Handler)
    main                                     0x080077c9   Thumb Code   656  main.o(.text.main)
    __0sprintf                               0x08007a59   Thumb Code    34  printfa.o(i.__0sprintf)
    __1sprintf                               0x08007a59   Thumb Code     0  printfa.o(i.__0sprintf)
    __2sprintf                               0x08007a59   Thumb Code     0  printfa.o(i.__0sprintf)
    __c89sprintf                             0x08007a59   Thumb Code     0  printfa.o(i.__0sprintf)
    sprintf                                  0x08007a59   Thumb Code     0  printfa.o(i.__0sprintf)
    __scatterload_copy                       0x08007a81   Thumb Code    14  handlers.o(i.__scatterload_copy)
    __scatterload_null                       0x08007a8f   Thumb Code     2  handlers.o(i.__scatterload_null)
    __scatterload_zeroinit                   0x08007a91   Thumb Code    14  handlers.o(i.__scatterload_zeroinit)
    AHBPrescTable                            0x0800835c   Data          16  system_stm32g4xx.o(.rodata.AHBPrescTable)
    APBPrescTable                            0x0800836c   Data           8  system_stm32g4xx.o(.rodata.APBPrescTable)
    ASCII_Table                              0x08008374   Data        4560  bsp_lcd.o(.rodata.ASCII_Table)
    UARTPrescTable                           0x08009544   Data          24  stm32g4xx_hal_uart.o(.rodata.UARTPrescTable)
    Region$$Table$$Base                      0x080095a4   Number         0  anon$$obj.o(Region$$Table)
    Region$$Table$$Limit                     0x080095c4   Number         0  anon$$obj.o(Region$$Table)
    COMMODpx                                 0x20000000   Data           1  main.o(.data..L_MergedGlobals)
    COMMODpy                                 0x20000001   Data           1  main.o(.data..L_MergedGlobals)
    COMMODrx                                 0x20000002   Data           1  main.o(.data..L_MergedGlobals)
    COMMODry                                 0x20000003   Data           1  main.o(.data..L_MergedGlobals)
    uwTickPrio                               0x20000004   Data           4  stm32g4xx_hal.o(.data..L_MergedGlobals)
    uwTickFreq                               0x20000008   Data           4  stm32g4xx_hal.o(.data..L_MergedGlobals)
    SystemCoreClock                          0x20000010   Data           4  system_stm32g4xx.o(.data.SystemCoreClock)
    pwm_flag                                 0x20000020   Data           1  main.o(.bss..L_MergedGlobals.9)
    COMMODx                                  0x20000021   Data           1  main.o(.bss..L_MergedGlobals.9)
    COMMODy                                  0x20000022   Data           1  main.o(.bss..L_MergedGlobals.9)
    rx                                       0x20000023   Data           1  main.o(.bss..L_MergedGlobals.9)
    COM_FACE                                 0x20000024   Data           1  main.o(.bss..L_MergedGlobals.9)
    index                                    0x20000025   Data           1  main.o(.bss..L_MergedGlobals.9)
    LD1_flag                                 0x20000026   Data           1  main.o(.bss..L_MergedGlobals.9)
    ucLED                                    0x20000027   Data           1  main.o(.bss..L_MergedGlobals.9)
    LD2_flag                                 0x20000028   Data           1  main.o(.bss..L_MergedGlobals.9)
    pwm_cnt_5000ms                           0x2000002a   Data           2  main.o(.bss..L_MergedGlobals.9)
    LD1_cnt_5000ms                           0x2000002c   Data           2  main.o(.bss..L_MergedGlobals.9)
    rx_buf                                   0x2000003c   Data           7  main.o(.bss..L_MergedGlobals.9)
    Lcd_Disp_String                          0x20000043   Data          21  main.o(.bss..L_MergedGlobals.9)
    tx                                       0x20000058   Data          21  main.o(.bss..L_MergedGlobals.9)
    dummy                                    0x20000070   Data           2  bsp_lcd.o(.bss.dummy)
    htim2                                    0x20000074   Data          76  tim.o(.bss.htim2)
    htim6                                    0x200000c0   Data          76  tim.o(.bss.htim6)
    huart1                                   0x2000010c   Data         144  usart.o(.bss.huart1)
    uwTick                                   0x2000019c   Data           4  stm32g4xx_hal.o(.bss.uwTick)
    __initial_sp                             0x200005a0   Data           0  startup_stm32g431xx.o(STACK)



==============================================================================

Memory Map of the image

  Image Entry point : 0x080001d9

  Load Region LR_IROM1 (Base: 0x08000000, Size: 0x000095e0, Max: 0x00020000, ABSOLUTE)

    Execution Region ER_IROM1 (Exec base: 0x08000000, Load base: 0x08000000, Size: 0x000095c4, Max: 0x00020000, ABSOLUTE)

    Exec Addr    Load Addr    Size         Type   Attr      Idx    E Section Name        Object

    0x08000000   0x08000000   0x000001d8   Data   RO            3    RESET               startup_stm32g431xx.o
    0x080001d8   0x080001d8   0x00000000   Code   RO         1344  * .ARM.Collect$$$$00000000  mc_w.l(entry.o)
    0x080001d8   0x080001d8   0x00000004   Code   RO         1626    .ARM.Collect$$$$00000001  mc_w.l(entry2.o)
    0x080001dc   0x080001dc   0x00000004   Code   RO         1629    .ARM.Collect$$$$00000004  mc_w.l(entry5.o)
    0x080001e0   0x080001e0   0x00000000   Code   RO         1631    .ARM.Collect$$$$00000008  mc_w.l(entry7b.o)
    0x080001e0   0x080001e0   0x00000000   Code   RO         1633    .ARM.Collect$$$$0000000A  mc_w.l(entry8b.o)
    0x080001e0   0x080001e0   0x00000008   Code   RO         1634    .ARM.Collect$$$$0000000B  mc_w.l(entry9a.o)
    0x080001e8   0x080001e8   0x00000000   Code   RO         1636    .ARM.Collect$$$$0000000D  mc_w.l(entry10a.o)
    0x080001e8   0x080001e8   0x00000000   Code   RO         1638    .ARM.Collect$$$$0000000F  mc_w.l(entry11a.o)
    0x080001e8   0x080001e8   0x00000004   Code   RO         1627    .ARM.Collect$$$$00002712  mc_w.l(entry2.o)
    0x080001ec   0x080001ec   0x00000024   Code   RO            4    .text               startup_stm32g431xx.o
    0x08000210   0x08000210   0x00000062   Code   RO         1347    .text               mc_w.l(uldiv.o)
    0x08000272   0x08000272   0x00000024   Code   RO         1349    .text               mc_w.l(memseta.o)
    0x08000296   0x08000296   0x0000000e   Code   RO         1351    .text               mc_w.l(strlen.o)
    0x080002a4   0x080002a4   0x0000014e   Code   RO         1614    .text               mf_w.l(dadd.o)
    0x080003f2   0x080003f2   0x000000e4   Code   RO         1616    .text               mf_w.l(dmul.o)
    0x080004d6   0x080004d6   0x00000022   Code   RO         1618    .text               mf_w.l(dflti.o)
    0x080004f8   0x080004f8   0x0000001a   Code   RO         1620    .text               mf_w.l(dfltui.o)
    0x08000512   0x08000512   0x00000026   Code   RO         1622    .text               mf_w.l(f2d.o)
    0x08000538   0x08000538   0x00000038   Code   RO         1624    .text               mf_w.l(d2f.o)
    0x08000570   0x08000570   0x0000002c   Code   RO         1654    .text               mc_w.l(uidiv.o)
    0x0800059c   0x0800059c   0x0000001e   Code   RO         1656    .text               mc_w.l(llshl.o)
    0x080005ba   0x080005ba   0x00000020   Code   RO         1658    .text               mc_w.l(llushr.o)
    0x080005da   0x080005da   0x00000024   Code   RO         1660    .text               mc_w.l(llsshr.o)
    0x080005fe   0x080005fe   0x00000000   Code   RO         1662    .text               mc_w.l(iusefp.o)
    0x080005fe   0x080005fe   0x0000006e   Code   RO         1663    .text               mf_w.l(fepilogue.o)
    0x0800066c   0x0800066c   0x000000ba   Code   RO         1665    .text               mf_w.l(depilogue.o)
    0x08000726   0x08000726   0x000000de   Code   RO         1667    .text               mf_w.l(ddiv.o)
    0x08000804   0x08000804   0x00000030   Code   RO         1669    .text               mf_w.l(dfixul.o)
    0x08000834   0x08000834   0x00000030   Code   RO         1671    .text               mf_w.l(cdrcmple.o)
    0x08000864   0x08000864   0x00000024   Code   RO         1673    .text               mc_w.l(init.o)
    0x08000888   0x08000888   0x0000016c   Code   RO         1204    .text.B4            bsp_key.o
    0x080009f4   0x080009f4   0x00000002   Code   RO           95    .text.BusFault_Handler  stm32g4xx_it.o
    0x080009f6   0x080009f6   0x00000002   PAD
    0x080009f8   0x080009f8   0x00000002   Code   RO          101    .text.DebugMon_Handler  stm32g4xx_it.o
    0x080009fa   0x080009fa   0x00000002   PAD
    0x080009fc   0x080009fc   0x00000130   Code   RO         1331    .text.EEPROM_read   bsp_iic.o
    0x08000b2c   0x08000b2c   0x000000dc   Code   RO         1329    .text.EEPROM_write  bsp_iic.o
    0x08000c08   0x08000c08   0x0000000a   Code   RO           23    .text.Error_Handler  main.o
    0x08000c12   0x08000c12   0x00000002   PAD
    0x08000c14   0x08000c14   0x00000070   Code   RO          874    .text.HAL_DMA_Abort  stm32g4xx_hal_dma.o
    0x08000c84   0x08000c84   0x0000007c   Code   RO          876    .text.HAL_DMA_Abort_IT  stm32g4xx_hal_dma.o
    0x08000d00   0x08000d00   0x00000028   Code   RO          602    .text.HAL_Delay     stm32g4xx_hal.o
    0x08000d28   0x08000d28   0x000001da   Code   RO          816    .text.HAL_GPIO_Init  stm32g4xx_hal_gpio.o
    0x08000f02   0x08000f02   0x00000002   PAD
    0x08000f04   0x08000f04   0x0000000a   Code   RO          820    .text.HAL_GPIO_ReadPin  stm32g4xx_hal_gpio.o
    0x08000f0e   0x08000f0e   0x00000002   PAD
    0x08000f10   0x08000f10   0x0000000c   Code   RO          822    .text.HAL_GPIO_WritePin  stm32g4xx_hal_gpio.o
    0x08000f1c   0x08000f1c   0x0000000c   Code   RO          594    .text.HAL_GetTick   stm32g4xx_hal.o
    0x08000f28   0x08000f28   0x0000001a   Code   RO          592    .text.HAL_IncTick   stm32g4xx_hal.o
    0x08000f42   0x08000f42   0x00000002   PAD
    0x08000f44   0x08000f44   0x0000001e   Code   RO          582    .text.HAL_Init      stm32g4xx_hal.o
    0x08000f62   0x08000f62   0x00000002   PAD
    0x08000f64   0x08000f64   0x0000004c   Code   RO          584    .text.HAL_InitTick  stm32g4xx_hal.o
    0x08000fb0   0x08000fb0   0x00000040   Code   RO          118    .text.HAL_MspInit   stm32g4xx_hal_msp.o
    0x08000ff0   0x08000ff0   0x00000020   Code   RO          960    .text.HAL_NVIC_EnableIRQ  stm32g4xx_hal_cortex.o
    0x08001010   0x08001010   0x00000056   Code   RO          958    .text.HAL_NVIC_SetPriority  stm32g4xx_hal_cortex.o
    0x08001066   0x08001066   0x00000002   PAD
    0x08001068   0x08001068   0x00000020   Code   RO          956    .text.HAL_NVIC_SetPriorityGrouping  stm32g4xx_hal_cortex.o
    0x08001088   0x08001088   0x00000126   Code   RO          502    .text.HAL_PWREx_ControlVoltageScaling  stm32g4xx_hal_pwr_ex.o
    0x080011ae   0x080011ae   0x00000002   PAD
    0x080011b0   0x080011b0   0x00000012   Code   RO          572    .text.HAL_PWREx_DisableUCPDDeadBattery  stm32g4xx_hal_pwr_ex.o
    0x080011c2   0x080011c2   0x00000002   PAD
    0x080011c4   0x080011c4   0x0000026a   Code   RO          700    .text.HAL_RCCEx_PeriphCLKConfig  stm32g4xx_hal_rcc_ex.o
    0x0800142e   0x0800142e   0x00000002   PAD
    0x08001430   0x08001430   0x00000314   Code   RO          666    .text.HAL_RCC_ClockConfig  stm32g4xx_hal_rcc.o
    0x08001744   0x08001744   0x0000002a   Code   RO          674    .text.HAL_RCC_GetPCLK1Freq  stm32g4xx_hal_rcc.o
    0x0800176e   0x0800176e   0x00000002   PAD
    0x08001770   0x08001770   0x0000002a   Code   RO          676    .text.HAL_RCC_GetPCLK2Freq  stm32g4xx_hal_rcc.o
    0x0800179a   0x0800179a   0x00000002   PAD
    0x0800179c   0x0800179c   0x0000007a   Code   RO          668    .text.HAL_RCC_GetSysClockFreq  stm32g4xx_hal_rcc.o
    0x08001816   0x08001816   0x00000002   PAD
    0x08001818   0x08001818   0x000004b0   Code   RO          664    .text.HAL_RCC_OscConfig  stm32g4xx_hal_rcc.o
    0x08001cc8   0x08001cc8   0x0000002c   Code   RO          968    .text.HAL_SYSTICK_Config  stm32g4xx_hal_cortex.o
    0x08001cf4   0x08001cf4   0x00000002   Code   RO          477    .text.HAL_TIMEx_Break2Callback  stm32g4xx_hal_tim_ex.o
    0x08001cf6   0x08001cf6   0x00000002   PAD
    0x08001cf8   0x08001cf8   0x00000002   Code   RO          475    .text.HAL_TIMEx_BreakCallback  stm32g4xx_hal_tim_ex.o
    0x08001cfa   0x08001cfa   0x00000002   PAD
    0x08001cfc   0x08001cfc   0x00000002   Code   RO          471    .text.HAL_TIMEx_CommutCallback  stm32g4xx_hal_tim_ex.o
    0x08001cfe   0x08001cfe   0x00000002   PAD
    0x08001d00   0x08001d00   0x00000002   Code   RO          481    .text.HAL_TIMEx_DirectionChangeCallback  stm32g4xx_hal_tim_ex.o
    0x08001d02   0x08001d02   0x00000002   PAD
    0x08001d04   0x08001d04   0x00000002   Code   RO          479    .text.HAL_TIMEx_EncoderIndexCallback  stm32g4xx_hal_tim_ex.o
    0x08001d06   0x08001d06   0x00000002   PAD
    0x08001d08   0x08001d08   0x00000002   Code   RO          483    .text.HAL_TIMEx_IndexErrorCallback  stm32g4xx_hal_tim_ex.o
    0x08001d0a   0x08001d0a   0x00000002   PAD
    0x08001d0c   0x08001d0c   0x000000a2   Code   RO          421    .text.HAL_TIMEx_MasterConfigSynchronization  stm32g4xx_hal_tim_ex.o
    0x08001dae   0x08001dae   0x00000002   PAD
    0x08001db0   0x08001db0   0x00000002   Code   RO          485    .text.HAL_TIMEx_TransitionErrorCallback  stm32g4xx_hal_tim_ex.o
    0x08001db2   0x08001db2   0x00000002   PAD
    0x08001db4   0x08001db4   0x00000062   Code   RO          126    .text.HAL_TIM_Base_Init  stm32g4xx_hal_tim.o
    0x08001e16   0x08001e16   0x00000002   PAD
    0x08001e18   0x08001e18   0x00000068   Code   RO           60    .text.HAL_TIM_Base_MspInit  tim.o
    0x08001e80   0x08001e80   0x00000092   Code   RO          140    .text.HAL_TIM_Base_Start_IT  stm32g4xx_hal_tim.o
    0x08001f12   0x08001f12   0x00000002   PAD
    0x08001f14   0x08001f14   0x00000200   Code   RO          306    .text.HAL_TIM_ConfigClockSource  stm32g4xx_hal_tim.o
    0x08002114   0x08002114   0x00000002   Code   RO          262    .text.HAL_TIM_IC_CaptureCallback  stm32g4xx_hal_tim.o
    0x08002116   0x08002116   0x00000002   PAD
    0x08002118   0x08002118   0x00000210   Code   RO          260    .text.HAL_TIM_IRQHandler  stm32g4xx_hal_tim.o
    0x08002328   0x08002328   0x00000002   Code   RO          264    .text.HAL_TIM_OC_DelayElapsedCallback  stm32g4xx_hal_tim.o
    0x0800232a   0x0800232a   0x00000002   PAD
    0x0800232c   0x0800232c   0x000003c2   Code   RO          280    .text.HAL_TIM_PWM_ConfigChannel  stm32g4xx_hal_tim.o
    0x080026ee   0x080026ee   0x00000002   PAD
    0x080026f0   0x080026f0   0x00000062   Code   RO          180    .text.HAL_TIM_PWM_Init  stm32g4xx_hal_tim.o
    0x08002752   0x08002752   0x00000002   PAD
    0x08002754   0x08002754   0x00000002   Code   RO          182    .text.HAL_TIM_PWM_MspInit  stm32g4xx_hal_tim.o
    0x08002756   0x08002756   0x00000002   PAD
    0x08002758   0x08002758   0x00000002   Code   RO          266    .text.HAL_TIM_PWM_PulseFinishedCallback  stm32g4xx_hal_tim.o
    0x0800275a   0x0800275a   0x00000002   PAD
    0x0800275c   0x0800275c   0x00000186   Code   RO          188    .text.HAL_TIM_PWM_Start  stm32g4xx_hal_tim.o
    0x080028e2   0x080028e2   0x00000002   PAD
    0x080028e4   0x080028e4   0x00000068   Code   RO           29    .text.HAL_TIM_PeriodElapsedCallback  main.o
    0x0800294c   0x0800294c   0x00000002   Code   RO          270    .text.HAL_TIM_TriggerCallback  stm32g4xx_hal_tim.o
    0x0800294e   0x0800294e   0x00000002   PAD
    0x08002950   0x08002950   0x00000036   Code   RO         1164    .text.HAL_UARTEx_DisableFifoMode  stm32g4xx_hal_uart_ex.o
    0x08002986   0x08002986   0x00000002   PAD
    0x08002988   0x08002988   0x00000002   Code   RO         1092    .text.HAL_UARTEx_RxEventCallback  stm32g4xx_hal_uart.o
    0x0800298a   0x0800298a   0x00000002   PAD
    0x0800298c   0x0800298c   0x00000002   Code   RO         1150    .text.HAL_UARTEx_RxFifoFullCallback  stm32g4xx_hal_uart_ex.o
    0x0800298e   0x0800298e   0x00000002   PAD
    0x08002990   0x08002990   0x0000008c   Code   RO         1168    .text.HAL_UARTEx_SetRxFifoThreshold  stm32g4xx_hal_uart_ex.o
    0x08002a1c   0x08002a1c   0x0000008c   Code   RO         1166    .text.HAL_UARTEx_SetTxFifoThreshold  stm32g4xx_hal_uart_ex.o
    0x08002aa8   0x08002aa8   0x00000002   Code   RO         1152    .text.HAL_UARTEx_TxFifoEmptyCallback  stm32g4xx_hal_uart_ex.o
    0x08002aaa   0x08002aaa   0x00000002   PAD
    0x08002aac   0x08002aac   0x00000002   Code   RO         1148    .text.HAL_UARTEx_WakeupCallback  stm32g4xx_hal_uart_ex.o
    0x08002aae   0x08002aae   0x00000002   PAD
    0x08002ab0   0x08002ab0   0x00000002   Code   RO         1090    .text.HAL_UART_ErrorCallback  stm32g4xx_hal_uart.o
    0x08002ab2   0x08002ab2   0x00000002   PAD
    0x08002ab4   0x08002ab4   0x00000658   Code   RO         1086    .text.HAL_UART_IRQHandler  stm32g4xx_hal_uart.o
    0x0800310c   0x0800310c   0x000000ca   Code   RO         1002    .text.HAL_UART_Init  stm32g4xx_hal_uart.o
    0x080031d6   0x080031d6   0x00000002   PAD
    0x080031d8   0x080031d8   0x00000096   Code   RO           76    .text.HAL_UART_MspInit  usart.o
    0x0800326e   0x0800326e   0x00000002   PAD
    0x08003270   0x08003270   0x000000ba   Code   RO         1038    .text.HAL_UART_Receive_IT  stm32g4xx_hal_uart.o
    0x0800332a   0x0800332a   0x00000002   PAD
    0x0800332c   0x0800332c   0x00000032   Code   RO           27    .text.HAL_UART_RxCpltCallback  main.o
    0x0800335e   0x0800335e   0x00000002   PAD
    0x08003360   0x08003360   0x000000da   Code   RO         1022    .text.HAL_UART_Transmit  stm32g4xx_hal_uart.o
    0x0800343a   0x0800343a   0x00000002   PAD
    0x0800343c   0x0800343c   0x00000002   Code   RO         1094    .text.HAL_UART_TxCpltCallback  stm32g4xx_hal_uart.o
    0x0800343e   0x0800343e   0x00000002   PAD
    0x08003440   0x08003440   0x00000002   Code   RO           91    .text.HardFault_Handler  stm32g4xx_it.o
    0x08003442   0x08003442   0x00000002   PAD
    0x08003444   0x08003444   0x0000006e   Code   RO         1325    .text.IIC_GPIO_Init  bsp_iic.o
    0x080034b2   0x080034b2   0x00000002   PAD
    0x080034b4   0x080034b4   0x000001b4   Code   RO         1317    .text.IIC_Read_Byte  bsp_iic.o
    0x08003668   0x08003668   0x00000118   Code   RO         1315    .text.IIC_Send_Byte  bsp_iic.o
    0x08003780   0x08003780   0x0000018e   Code   RO         1202    .text.Key_Proc      bsp_key.o
    0x0800390e   0x0800390e   0x00000002   PAD
    0x08003910   0x08003910   0x00000284   Code   RO         1243    .text.LCD_Clear     bsp_lcd.o
    0x08003b94   0x08003b94   0x0000004c   Code   RO         1241    .text.LCD_DisplayStringLine  bsp_lcd.o
    0x08003be0   0x08003be0   0x00000366   Code   RO         1251    .text.LCD_DrawChar  bsp_lcd.o
    0x08003f46   0x08003f46   0x00000002   PAD
    0x08003f48   0x08003f48   0x00000230   Code   RO         1229    .text.LCD_Init      bsp_lcd.o
    0x08004178   0x08004178   0x00000190   Code   RO           15    .text.LCD_Proc      main.o
    0x08004308   0x08004308   0x00000018   Code   RO         1237    .text.LCD_SetBackColor  bsp_lcd.o
    0x08004320   0x08004320   0x00000018   Code   RO         1235    .text.LCD_SetTextColor  bsp_lcd.o
    0x08004338   0x08004338   0x00000052   Code   RO         1301    .text.LED_Disp      bsp_led.o
    0x0800438a   0x0800438a   0x00000002   PAD
    0x0800438c   0x0800438c   0x000000e4   Code   RO           45    .text.MX_GPIO_Init  gpio.o
    0x08004470   0x08004470   0x00000100   Code   RO           54    .text.MX_TIM2_Init  tim.o
    0x08004570   0x08004570   0x00000052   Code   RO           58    .text.MX_TIM6_Init  tim.o
    0x080045c2   0x080045c2   0x00000002   PAD
    0x080045c4   0x080045c4   0x00000082   Code   RO           74    .text.MX_USART1_UART_Init  usart.o
    0x08004646   0x08004646   0x00000002   PAD
    0x08004648   0x08004648   0x00000002   Code   RO           93    .text.MemManage_Handler  stm32g4xx_it.o
    0x0800464a   0x0800464a   0x00000002   PAD
    0x0800464c   0x0800464c   0x00000002   Code   RO           89    .text.NMI_Handler   stm32g4xx_it.o
    0x0800464e   0x0800464e   0x00000002   PAD
    0x08004650   0x08004650   0x00000002   Code   RO          103    .text.PendSV_Handler  stm32g4xx_it.o
    0x08004652   0x08004652   0x00000002   PAD
    0x08004654   0x08004654   0x00000ae6   Code   RO         1223    .text.REG_8230_Init  bsp_lcd.o
    0x0800513a   0x0800513a   0x00000002   PAD
    0x0800513c   0x0800513c   0x0000151e   Code   RO         1227    .text.REG_932X_Init  bsp_lcd.o
    0x0800665a   0x0800665a   0x00000002   PAD
    0x0800665c   0x0800665c   0x00000002   Code   RO           99    .text.SVC_Handler   stm32g4xx_it.o
    0x0800665e   0x0800665e   0x00000002   PAD
    0x08006660   0x08006660   0x00000004   Code   RO          105    .text.SysTick_Handler  stm32g4xx_it.o
    0x08006664   0x08006664   0x00000012   Code   RO         1185    .text.SystemInit    system_stm32g4xx.o
    0x08006676   0x08006676   0x00000002   PAD
    0x08006678   0x08006678   0x0000000c   Code   RO          109    .text.TIM6_DAC_IRQHandler  stm32g4xx_it.o
    0x08006684   0x08006684   0x0000010a   Code   RO          130    .text.TIM_Base_SetConfig  stm32g4xx_hal_tim.o
    0x0800678e   0x0800678e   0x00000002   PAD
    0x08006790   0x08006790   0x000000e8   Code   RO         1008    .text.UART_AdvFeatureConfig  stm32g4xx_hal_uart.o
    0x08006878   0x08006878   0x00000010   Code   RO         1088    .text.UART_DMAAbortOnError  stm32g4xx_hal_uart.o
    0x08006888   0x08006888   0x0000014a   Code   RO         1128    .text.UART_RxISR_16BIT  stm32g4xx_hal_uart.o
    0x080069d2   0x080069d2   0x00000002   PAD
    0x080069d4   0x080069d4   0x000002aa   Code   RO         1124    .text.UART_RxISR_16BIT_FIFOEN  stm32g4xx_hal_uart.o
    0x08006c7e   0x08006c7e   0x00000002   PAD
    0x08006c80   0x08006c80   0x0000014a   Code   RO         1130    .text.UART_RxISR_8BIT  stm32g4xx_hal_uart.o
    0x08006dca   0x08006dca   0x00000002   PAD
    0x08006dcc   0x08006dcc   0x000002ae   Code   RO         1126    .text.UART_RxISR_8BIT_FIFOEN  stm32g4xx_hal_uart.o
    0x0800707a   0x0800707a   0x00000002   PAD
    0x0800707c   0x0800707c   0x000002a4   Code   RO         1006    .text.UART_SetConfig  stm32g4xx_hal_uart.o
    0x08007320   0x08007320   0x00000282   Code   RO         1040    .text.UART_Start_Receive_IT  stm32g4xx_hal_uart.o
    0x080075a2   0x080075a2   0x00000002   PAD
    0x080075a4   0x080075a4   0x00000212   Code   RO         1024    .text.UART_WaitOnFlagUntilTimeout  stm32g4xx_hal_uart.o
    0x080077b6   0x080077b6   0x00000002   PAD
    0x080077b8   0x080077b8   0x0000000c   Code   RO          107    .text.USART1_IRQHandler  stm32g4xx_it.o
    0x080077c4   0x080077c4   0x00000002   Code   RO           97    .text.UsageFault_Handler  stm32g4xx_it.o
    0x080077c6   0x080077c6   0x00000002   PAD
    0x080077c8   0x080077c8   0x00000290   Code   RO           11    .text.main          main.o
    0x08007a58   0x08007a58   0x00000028   Code   RO         1588    i.__0sprintf        mc_w.l(printfa.o)
    0x08007a80   0x08007a80   0x0000000e   Code   RO         1679    i.__scatterload_copy  mc_w.l(handlers.o)
    0x08007a8e   0x08007a8e   0x00000002   Code   RO         1680    i.__scatterload_null  mc_w.l(handlers.o)
    0x08007a90   0x08007a90   0x0000000e   Code   RO         1681    i.__scatterload_zeroinit  mc_w.l(handlers.o)
    0x08007a9e   0x08007a9e   0x00000002   PAD
    0x08007aa0   0x08007aa0   0x00000184   Code   RO         1593    i._fp_digits        mc_w.l(printfa.o)
    0x08007c24   0x08007c24   0x000006dc   Code   RO         1594    i._printf_core      mc_w.l(printfa.o)
    0x08008300   0x08008300   0x00000024   Code   RO         1595    i._printf_post_padding  mc_w.l(printfa.o)
    0x08008324   0x08008324   0x0000002e   Code   RO         1596    i._printf_pre_padding  mc_w.l(printfa.o)
    0x08008352   0x08008352   0x0000000a   Code   RO         1598    i._sputc            mc_w.l(printfa.o)
    0x0800835c   0x0800835c   0x00000010   Data   RO         1190    .rodata.AHBPrescTable  system_stm32g4xx.o
    0x0800836c   0x0800836c   0x00000008   Data   RO         1191    .rodata.APBPrescTable  system_stm32g4xx.o
    0x08008374   0x08008374   0x000011d0   Data   RO         1283    .rodata.ASCII_Table  bsp_lcd.o
    0x08009544   0x08009544   0x00000018   Data   RO         1136    .rodata.UARTPrescTable  stm32g4xx_hal_uart.o
    0x0800955c   0x0800955c   0x00000010   Data   RO         1137    .rodata.cst16       stm32g4xx_hal_uart.o
    0x0800956c   0x0800956c   0x00000010   Data   RO         1176    .rodata.cst8        stm32g4xx_hal_uart_ex.o
    0x0800957c   0x0800957c   0x00000025   Data   RO           32    .rodata.str1.1      main.o
    0x080095a1   0x080095a1   0x00000003   PAD
    0x080095a4   0x080095a4   0x00000020   Data   RO         1678    Region$$Table       anon$$obj.o


    Execution Region RW_IRAM1 (Exec base: 0x20000000, Load base: 0x080095c8, Size: 0x000005a0, Max: 0x00008000, ABSOLUTE)

    Exec Addr    Load Addr    Size         Type   Attr      Idx    E Section Name        Object

    0x20000000   0x080095c8   0x00000004   Data   RW           35    .data..L_MergedGlobals  main.o
    0x20000004   0x080095cc   0x00000008   Data   RW          653    .data..L_MergedGlobals  stm32g4xx_hal.o
    0x2000000c   0x080095d4   0x00000002   Data   RW         1286    .data.BackColor     bsp_lcd.o
    0x2000000e   0x080095d6   0x00000002   PAD
    0x20000010   0x080095d8   0x00000004   Data   RW         1189    .data.SystemCoreClock  system_stm32g4xx.o
    0x20000014   0x080095dc   0x00000004   PAD
    0x20000018        -       0x00000008   Zero   RW         1212    .bss..L_MergedGlobals  bsp_key.o
    0x20000020        -       0x0000004d   Zero   RW           36    .bss..L_MergedGlobals.9  main.o
    0x2000006d   0x080095dc   0x00000001   PAD
    0x2000006e        -       0x00000002   Zero   RW         1285    .bss.TextColor      bsp_lcd.o
    0x20000070        -       0x00000002   Zero   RW         1284    .bss.dummy          bsp_lcd.o
    0x20000072   0x080095dc   0x00000002   PAD
    0x20000074        -       0x0000004c   Zero   RW           64    .bss.htim2          tim.o
    0x200000c0        -       0x0000004c   Zero   RW           65    .bss.htim6          tim.o
    0x2000010c        -       0x00000090   Zero   RW           80    .bss.huart1         usart.o
    0x2000019c        -       0x00000004   Zero   RW          652    .bss.uwTick         stm32g4xx_hal.o
    0x200001a0        -       0x00000400   Zero   RW            1    STACK               startup_stm32g431xx.o


==============================================================================

Image component sizes


      Code (inc. data)   RO Data    RW Data    ZI Data      Debug   Object Name

      1350          0          0          0          0       6749   bsp_iic.o
       762         32          0          0          8       3498   bsp_key.o
     10394          0       4560          2          4      26263   bsp_lcd.o
        82          0          0          0          0       1790   bsp_led.o
       228          0          0          0          0       2429   gpio.o
      1220         48         37          4         77       9966   main.o
        36          8        472          0       1024        832   startup_stm32g431xx.o
       184          0          0          8          4       8597   stm32g4xx_hal.o
       194          0          0          0          0      10209   stm32g4xx_hal_cortex.o
       236          0          0          0          0       9370   stm32g4xx_hal_dma.o
       496          0          0          0          0       5445   stm32g4xx_hal_gpio.o
        64          0          0          0          0       1741   stm32g4xx_hal_msp.o
       312          0          0          0          0       9777   stm32g4xx_hal_pwr_ex.o
      2194          0          0          0          0       9856   stm32g4xx_hal_rcc.o
       618          0          0          0          0      10676   stm32g4xx_hal_rcc_ex.o
      3010         22          0          0          0      60515   stm32g4xx_hal_tim.o
       176          0          0          0          0      29824   stm32g4xx_hal_tim_ex.o
      6360         48         40          0          0      41243   stm32g4xx_hal_uart.o
       340          0         16          0          0      11157   stm32g4xx_hal_uart_ex.o
        44          0          0          0          0       6686   stm32g4xx_it.o
        18          0         24          4          0       2761   system_stm32g4xx.o
       442          0          0          0        152       9287   tim.o
       280          0          0          0        144       8281   usart.o

    ----------------------------------------------------------------------
     29172        158       5184         20       1420     286952   Object Totals
         0          0         32          0          0          0   (incl. Generated)
       132          0          3          2          7          0   (incl. Padding)

    ----------------------------------------------------------------------

      Code (inc. data)   RO Data    RW Data    ZI Data      Debug   Library Member Name

         0          0          0          0          0          0   entry.o
         0          0          0          0          0          0   entry10a.o
         0          0          0          0          0          0   entry11a.o
         8          4          0          0          0          0   entry2.o
         4          0          0          0          0          0   entry5.o
         0          0          0          0          0          0   entry7b.o
         0          0          0          0          0          0   entry8b.o
         8          4          0          0          0          0   entry9a.o
        30          0          0          0          0          0   handlers.o
        36          8          0          0          0         68   init.o
         0          0          0          0          0          0   iusefp.o
        30          0          0          0          0         68   llshl.o
        36          0          0          0          0         68   llsshr.o
        32          0          0          0          0         68   llushr.o
        36          0          0          0          0        108   memseta.o
      2276         86          0          0          0        520   printfa.o
        14          0          0          0          0         68   strlen.o
        44          0          0          0          0         80   uidiv.o
        98          0          0          0          0         92   uldiv.o
        48          0          0          0          0         68   cdrcmple.o
        56          0          0          0          0         88   d2f.o
       334          0          0          0          0        148   dadd.o
       222          0          0          0          0        100   ddiv.o
       186          0          0          0          0        176   depilogue.o
        48          0          0          0          0         68   dfixul.o
        34          0          0          0          0         76   dflti.o
        26          0          0          0          0         76   dfltui.o
       228          0          0          0          0         96   dmul.o
        38          0          0          0          0         68   f2d.o
       110          0          0          0          0        168   fepilogue.o

    ----------------------------------------------------------------------
      3984        102          0          0          0       2272   Library Totals
         2          0          0          0          0          0   (incl. Padding)

    ----------------------------------------------------------------------

      Code (inc. data)   RO Data    RW Data    ZI Data      Debug   Library Name

      2652        102          0          0          0       1140   mc_w.l
      1330          0          0          0          0       1132   mf_w.l

    ----------------------------------------------------------------------
      3984        102          0          0          0       2272   Library Totals

    ----------------------------------------------------------------------

==============================================================================


      Code (inc. data)   RO Data    RW Data    ZI Data      Debug   

     33156        260       5184         20       1420     287864   Grand Totals
     33156        260       5184         20       1420     287864   ELF Image Totals
     33156        260       5184         20          0          0   ROM Totals

==============================================================================

    Total RO  Size (Code + RO Data)                38340 (  37.44kB)
    Total RW  Size (RW Data + ZI Data)              1440 (   1.41kB)
    Total ROM Size (Code + RO Data + RW Data)      38360 (  37.46kB)

==============================================================================

